NVMain command line is:
./nvmain.fast Config/Hybrid_NVM_channel.config Tests/Traces/hello_world.nvt 0 

NVMain: GlobalEventQueue: Added a memory subsystem running at 667MHz. My frequency is 2000MHz.
Config: Warning: Key EIDD0 is not set. Using '85' as the default. Please configure this value if this is wrong.
Config: Warning: Key EIDD1 is not set. Using '54' as the default. Please configure this value if this is wrong.
Config: Warning: Key EIDD2P0 is not set. Using '30' as the default. Please configure this value if this is wrong.
Config: Warning: Key EIDD2P1 is not set. Using '30' as the default. Please configure this value if this is wrong.
Config: Warning: Key EIDD2N is not set. Using '37' as the default. Please configure this value if this is wrong.
Config: Warning: Key EIDD3P is not set. Using '35' as the default. Please configure this value if this is wrong.
Config: Warning: Key EIDD3N is not set. Using '40' as the default. Please configure this value if this is wrong.
Config: Warning: Key EIDD4R is not set. Using '160' as the default. Please configure this value if this is wrong.
Config: Warning: Key EIDD4W is not set. Using '165' as the default. Please configure this value if this is wrong.
Config: Warning: Key EIDD5B is not set. Using '200' as the default. Please configure this value if this is wrong.
Config: Warning: Key EIDD6 is not set. Using '12' as the default. Please configure this value if this is wrong.
Config: Warning: Key Eactstdby is not set. Using '0.09009' as the default. Please configure this value if this is wrong.
Config: Warning: Key Eprestdby is not set. Using '0.083333' as the default. Please configure this value if this is wrong.
Config: Warning: Key Rtt_nom is not set. Using '30' as the default. Please configure this value if this is wrong.
Config: Warning: Key Rtt_wr is not set. Using '60' as the default. Please configure this value if this is wrong.
Config: Warning: Key Rtt_cont is not set. Using '75' as the default. Please configure this value if this is wrong.
Config: Warning: Key VDDQ is not set. Using '1.5' as the default. Please configure this value if this is wrong.
Config: Warning: Key VSSQ is not set. Using '0' as the default. Please configure this value if this is wrong.
Config: Warning: Key RanksPerDIMM is not set. Using '1' as the default. Please configure this value if this is wrong.
Config: Warning: Key DataEncoder is not set. Using 'default' as the default. Please configure this value if this is wrong.
Config: Warning: Key UseLowPower is not set. Using 'true' as the default. Please configure this value if this is wrong.
Config: Warning: Key PowerDownMode is not set. Using 'FASTEXIT' as the default. Please configure this value if this is wrong.
Config: Warning: Key PrintAllDevices is not set. Using 'false' as the default. Please configure this value if this is wrong.
Config: Warning: Key PrintConfig is not set. Using 'false' as the default. Please configure this value if this is wrong.
Config: Warning: Key StaggerRefresh is not set. Using 'false' as the default. Please configure this value if this is wrong.
Config: Warning: Key UsePrecharge is not set. Using 'true' as the default. Please configure this value if this is wrong.
Config: Warning: Key OffChipLatency is not set. Using '10' as the default. Please configure this value if this is wrong.
Config: Warning: Key RBSize is not set. Using '32' as the default. Please configure this value if this is wrong.
Config: Warning: Key MemoryPrefetcher is not set. Using 'none' as the default. Please configure this value if this is wrong.
Config: Warning: Key PrefetchBufferSize is not set. Using '32' as the default. Please configure this value if this is wrong.
Config: Warning: Key MLCLevels is not set. Using '1' as the default. Please configure this value if this is wrong.
Config: Warning: Key WPVariance is not set. Using '1' as the default. Please configure this value if this is wrong.
Config: Warning: Key UniformWrites is not set. Using 'true' as the default. Please configure this value if this is wrong.
Config: Warning: Key WriteAllBits is not set. Using 'true' as the default. Please configure this value if this is wrong.
Config: Warning: Key Ereset is not set. Using '0.054331' as the default. Please configure this value if this is wrong.
Config: Warning: Key Eset is not set. Using '0.101581' as the default. Please configure this value if this is wrong.
Config: Warning: Key nWP00 is not set. Using '0' as the default. Please configure this value if this is wrong.
Config: Warning: Key nWP01 is not set. Using '7' as the default. Please configure this value if this is wrong.
Config: Warning: Key nWP10 is not set. Using '5' as the default. Please configure this value if this is wrong.
Config: Warning: Key nWP11 is not set. Using '1' as the default. Please configure this value if this is wrong.
Config: Warning: Key WPMaxVariance is not set. Using '2' as the default. Please configure this value if this is wrong.
Config: Warning: Key DeadlockTimer is not set. Using '10000000' as the default. Please configure this value if this is wrong.
Config: Warning: Key EnableDebug is not set. Using 'false' as the default. Please configure this value if this is wrong.
Config: Warning: Key WritePausing is not set. Using 'false' as the default. Please configure this value if this is wrong.
Config: Warning: Key PauseThreshold is not set. Using '0.4' as the default. Please configure this value if this is wrong.
Config: Warning: Key MaxCancellations is not set. Using '4' as the default. Please configure this value if this is wrong.
NVMain: the address mapping order is 
	Sub-Array 6
	Row 5
	Column 1
	Bank 3
	Rank 4
	Channel 2
Config: Warning: Key CONFIG_CHANNEL0 is not set. Using '' as the default. Please configure this value if this is wrong.
Created a First Ready First Come First Serve memory         controller with write queue!
Config: Warning: Key EIDD0 is not set. Using '85' as the default. Please configure this value if this is wrong.
Config: Warning: Key EIDD1 is not set. Using '54' as the default. Please configure this value if this is wrong.
Config: Warning: Key EIDD2P0 is not set. Using '30' as the default. Please configure this value if this is wrong.
Config: Warning: Key EIDD2P1 is not set. Using '30' as the default. Please configure this value if this is wrong.
Config: Warning: Key EIDD2N is not set. Using '37' as the default. Please configure this value if this is wrong.
Config: Warning: Key EIDD3P is not set. Using '35' as the default. Please configure this value if this is wrong.
Config: Warning: Key EIDD3N is not set. Using '40' as the default. Please configure this value if this is wrong.
Config: Warning: Key EIDD4R is not set. Using '160' as the default. Please configure this value if this is wrong.
Config: Warning: Key EIDD4W is not set. Using '165' as the default. Please configure this value if this is wrong.
Config: Warning: Key EIDD5B is not set. Using '200' as the default. Please configure this value if this is wrong.
Config: Warning: Key EIDD6 is not set. Using '12' as the default. Please configure this value if this is wrong.
Config: Warning: Key Eactstdby is not set. Using '0.09009' as the default. Please configure this value if this is wrong.
Config: Warning: Key Eprestdby is not set. Using '0.083333' as the default. Please configure this value if this is wrong.
Config: Warning: Key Rtt_nom is not set. Using '30' as the default. Please configure this value if this is wrong.
Config: Warning: Key Rtt_wr is not set. Using '60' as the default. Please configure this value if this is wrong.
Config: Warning: Key Rtt_cont is not set. Using '75' as the default. Please configure this value if this is wrong.
Config: Warning: Key VDDQ is not set. Using '1.5' as the default. Please configure this value if this is wrong.
Config: Warning: Key VSSQ is not set. Using '0' as the default. Please configure this value if this is wrong.
Config: Warning: Key RanksPerDIMM is not set. Using '1' as the default. Please configure this value if this is wrong.
Config: Warning: Key DataEncoder is not set. Using 'default' as the default. Please configure this value if this is wrong.
Config: Warning: Key UseLowPower is not set. Using 'true' as the default. Please configure this value if this is wrong.
Config: Warning: Key PowerDownMode is not set. Using 'FASTEXIT' as the default. Please configure this value if this is wrong.
Config: Warning: Key PrintAllDevices is not set. Using 'false' as the default. Please configure this value if this is wrong.
Config: Warning: Key PrintConfig is not set. Using 'false' as the default. Please configure this value if this is wrong.
Config: Warning: Key StaggerRefresh is not set. Using 'false' as the default. Please configure this value if this is wrong.
Config: Warning: Key UsePrecharge is not set. Using 'true' as the default. Please configure this value if this is wrong.
Config: Warning: Key OffChipLatency is not set. Using '10' as the default. Please configure this value if this is wrong.
Config: Warning: Key RBSize is not set. Using '32' as the default. Please configure this value if this is wrong.
Config: Warning: Key MemoryPrefetcher is not set. Using 'none' as the default. Please configure this value if this is wrong.
Config: Warning: Key PrefetchBufferSize is not set. Using '32' as the default. Please configure this value if this is wrong.
Config: Warning: Key MLCLevels is not set. Using '1' as the default. Please configure this value if this is wrong.
Config: Warning: Key WPVariance is not set. Using '1' as the default. Please configure this value if this is wrong.
Config: Warning: Key UniformWrites is not set. Using 'true' as the default. Please configure this value if this is wrong.
Config: Warning: Key WriteAllBits is not set. Using 'true' as the default. Please configure this value if this is wrong.
Config: Warning: Key Ereset is not set. Using '0.054331' as the default. Please configure this value if this is wrong.
Config: Warning: Key Eset is not set. Using '0.101581' as the default. Please configure this value if this is wrong.
Config: Warning: Key nWP00 is not set. Using '0' as the default. Please configure this value if this is wrong.
Config: Warning: Key nWP01 is not set. Using '7' as the default. Please configure this value if this is wrong.
Config: Warning: Key nWP10 is not set. Using '5' as the default. Please configure this value if this is wrong.
Config: Warning: Key nWP11 is not set. Using '1' as the default. Please configure this value if this is wrong.
Config: Warning: Key WPMaxVariance is not set. Using '2' as the default. Please configure this value if this is wrong.
Config: Warning: Key DeadlockTimer is not set. Using '10000000' as the default. Please configure this value if this is wrong.
Config: Warning: Key EnableDebug is not set. Using 'false' as the default. Please configure this value if this is wrong.
Config: Warning: Key WritePausing is not set. Using 'false' as the default. Please configure this value if this is wrong.
Config: Warning: Key PauseThreshold is not set. Using '0.4' as the default. Please configure this value if this is wrong.
Config: Warning: Key MaxCancellations is not set. Using '4' as the default. Please configure this value if this is wrong.
Config: Warning: Key Decoder is not set. Using '' as the default. Please configure this value if this is wrong.
Config: Warning: Key RankType is not set. Using '' as the default. Please configure this value if this is wrong.
Creating 8 banks in all 8 devices.
Config: Warning: Key BankType is not set. Using '' as the default. Please configure this value if this is wrong.
NVMain: the address mapping order is 
	Sub-Array 6
	Row 5
	Column 1
	Bank 3
	Rank 4
	Channel 2
defaultMemory.channel0.FRFCFS-WQF capacity is 1024 MB.
Creating 8 command queues.
Config: Warning: Key CONFIG_CHANNEL1 is not set. Using '' as the default. Please configure this value if this is wrong.
Created a First Ready First Come First Serve memory         controller with write queue!
Config: Warning: Key EIDD0 is not set. Using '85' as the default. Please configure this value if this is wrong.
Config: Warning: Key EIDD1 is not set. Using '54' as the default. Please configure this value if this is wrong.
Config: Warning: Key EIDD2P0 is not set. Using '30' as the default. Please configure this value if this is wrong.
Config: Warning: Key EIDD2P1 is not set. Using '30' as the default. Please configure this value if this is wrong.
Config: Warning: Key EIDD2N is not set. Using '37' as the default. Please configure this value if this is wrong.
Config: Warning: Key EIDD3P is not set. Using '35' as the default. Please configure this value if this is wrong.
Config: Warning: Key EIDD3N is not set. Using '40' as the default. Please configure this value if this is wrong.
Config: Warning: Key EIDD4R is not set. Using '160' as the default. Please configure this value if this is wrong.
Config: Warning: Key EIDD4W is not set. Using '165' as the default. Please configure this value if this is wrong.
Config: Warning: Key EIDD5B is not set. Using '200' as the default. Please configure this value if this is wrong.
Config: Warning: Key EIDD6 is not set. Using '12' as the default. Please configure this value if this is wrong.
Config: Warning: Key Eactstdby is not set. Using '0.09009' as the default. Please configure this value if this is wrong.
Config: Warning: Key Eprestdby is not set. Using '0.083333' as the default. Please configure this value if this is wrong.
Config: Warning: Key Rtt_nom is not set. Using '30' as the default. Please configure this value if this is wrong.
Config: Warning: Key Rtt_wr is not set. Using '60' as the default. Please configure this value if this is wrong.
Config: Warning: Key Rtt_cont is not set. Using '75' as the default. Please configure this value if this is wrong.
Config: Warning: Key VDDQ is not set. Using '1.5' as the default. Please configure this value if this is wrong.
Config: Warning: Key VSSQ is not set. Using '0' as the default. Please configure this value if this is wrong.
Config: Warning: Key RanksPerDIMM is not set. Using '1' as the default. Please configure this value if this is wrong.
Config: Warning: Key DataEncoder is not set. Using 'default' as the default. Please configure this value if this is wrong.
Config: Warning: Key UseLowPower is not set. Using 'true' as the default. Please configure this value if this is wrong.
Config: Warning: Key PowerDownMode is not set. Using 'FASTEXIT' as the default. Please configure this value if this is wrong.
Config: Warning: Key PrintAllDevices is not set. Using 'false' as the default. Please configure this value if this is wrong.
Config: Warning: Key PrintConfig is not set. Using 'false' as the default. Please configure this value if this is wrong.
Config: Warning: Key StaggerRefresh is not set. Using 'false' as the default. Please configure this value if this is wrong.
Config: Warning: Key UsePrecharge is not set. Using 'true' as the default. Please configure this value if this is wrong.
Config: Warning: Key OffChipLatency is not set. Using '10' as the default. Please configure this value if this is wrong.
Config: Warning: Key RBSize is not set. Using '32' as the default. Please configure this value if this is wrong.
Config: Warning: Key MemoryPrefetcher is not set. Using 'none' as the default. Please configure this value if this is wrong.
Config: Warning: Key PrefetchBufferSize is not set. Using '32' as the default. Please configure this value if this is wrong.
Config: Warning: Key MLCLevels is not set. Using '1' as the default. Please configure this value if this is wrong.
Config: Warning: Key WPVariance is not set. Using '1' as the default. Please configure this value if this is wrong.
Config: Warning: Key UniformWrites is not set. Using 'true' as the default. Please configure this value if this is wrong.
Config: Warning: Key WriteAllBits is not set. Using 'true' as the default. Please configure this value if this is wrong.
Config: Warning: Key Ereset is not set. Using '0.054331' as the default. Please configure this value if this is wrong.
Config: Warning: Key Eset is not set. Using '0.101581' as the default. Please configure this value if this is wrong.
Config: Warning: Key nWP00 is not set. Using '0' as the default. Please configure this value if this is wrong.
Config: Warning: Key nWP01 is not set. Using '7' as the default. Please configure this value if this is wrong.
Config: Warning: Key nWP10 is not set. Using '5' as the default. Please configure this value if this is wrong.
Config: Warning: Key nWP11 is not set. Using '1' as the default. Please configure this value if this is wrong.
Config: Warning: Key WPMaxVariance is not set. Using '2' as the default. Please configure this value if this is wrong.
Config: Warning: Key DeadlockTimer is not set. Using '10000000' as the default. Please configure this value if this is wrong.
Config: Warning: Key EnableDebug is not set. Using 'false' as the default. Please configure this value if this is wrong.
Config: Warning: Key WritePausing is not set. Using 'false' as the default. Please configure this value if this is wrong.
Config: Warning: Key PauseThreshold is not set. Using '0.4' as the default. Please configure this value if this is wrong.
Config: Warning: Key MaxCancellations is not set. Using '4' as the default. Please configure this value if this is wrong.
Config: Warning: Key Decoder is not set. Using '' as the default. Please configure this value if this is wrong.
Config: Warning: Key RankType is not set. Using '' as the default. Please configure this value if this is wrong.
Creating 8 banks in all 8 devices.
Config: Warning: Key BankType is not set. Using '' as the default. Please configure this value if this is wrong.
NVMain: the address mapping order is 
	Sub-Array 6
	Row 5
	Column 1
	Bank 3
	Rank 4
	Channel 2
defaultMemory.channel1.FRFCFS-WQF capacity is 1024 MB.
Creating 8 command queues.
Config: Warning: Key CONFIG_CHANNEL2 is not set. Using '' as the default. Please configure this value if this is wrong.
Created a First Ready First Come First Serve memory         controller with write queue!
Config: Warning: Key EIDD0 is not set. Using '85' as the default. Please configure this value if this is wrong.
Config: Warning: Key EIDD1 is not set. Using '54' as the default. Please configure this value if this is wrong.
Config: Warning: Key EIDD2P0 is not set. Using '30' as the default. Please configure this value if this is wrong.
Config: Warning: Key EIDD2P1 is not set. Using '30' as the default. Please configure this value if this is wrong.
Config: Warning: Key EIDD2N is not set. Using '37' as the default. Please configure this value if this is wrong.
Config: Warning: Key EIDD3P is not set. Using '35' as the default. Please configure this value if this is wrong.
Config: Warning: Key EIDD3N is not set. Using '40' as the default. Please configure this value if this is wrong.
Config: Warning: Key EIDD4R is not set. Using '160' as the default. Please configure this value if this is wrong.
Config: Warning: Key EIDD4W is not set. Using '165' as the default. Please configure this value if this is wrong.
Config: Warning: Key EIDD5B is not set. Using '200' as the default. Please configure this value if this is wrong.
Config: Warning: Key EIDD6 is not set. Using '12' as the default. Please configure this value if this is wrong.
Config: Warning: Key Eactstdby is not set. Using '0.09009' as the default. Please configure this value if this is wrong.
Config: Warning: Key Eprestdby is not set. Using '0.083333' as the default. Please configure this value if this is wrong.
Config: Warning: Key Rtt_nom is not set. Using '30' as the default. Please configure this value if this is wrong.
Config: Warning: Key Rtt_wr is not set. Using '60' as the default. Please configure this value if this is wrong.
Config: Warning: Key Rtt_cont is not set. Using '75' as the default. Please configure this value if this is wrong.
Config: Warning: Key VDDQ is not set. Using '1.5' as the default. Please configure this value if this is wrong.
Config: Warning: Key VSSQ is not set. Using '0' as the default. Please configure this value if this is wrong.
Config: Warning: Key RanksPerDIMM is not set. Using '1' as the default. Please configure this value if this is wrong.
Config: Warning: Key DataEncoder is not set. Using 'default' as the default. Please configure this value if this is wrong.
Config: Warning: Key UseLowPower is not set. Using 'true' as the default. Please configure this value if this is wrong.
Config: Warning: Key PowerDownMode is not set. Using 'FASTEXIT' as the default. Please configure this value if this is wrong.
Config: Warning: Key PrintAllDevices is not set. Using 'false' as the default. Please configure this value if this is wrong.
Config: Warning: Key PrintConfig is not set. Using 'false' as the default. Please configure this value if this is wrong.
Config: Warning: Key StaggerRefresh is not set. Using 'false' as the default. Please configure this value if this is wrong.
Config: Warning: Key UsePrecharge is not set. Using 'true' as the default. Please configure this value if this is wrong.
Config: Warning: Key OffChipLatency is not set. Using '10' as the default. Please configure this value if this is wrong.
Config: Warning: Key RBSize is not set. Using '32' as the default. Please configure this value if this is wrong.
Config: Warning: Key MemoryPrefetcher is not set. Using 'none' as the default. Please configure this value if this is wrong.
Config: Warning: Key PrefetchBufferSize is not set. Using '32' as the default. Please configure this value if this is wrong.
Config: Warning: Key MLCLevels is not set. Using '1' as the default. Please configure this value if this is wrong.
Config: Warning: Key WPVariance is not set. Using '1' as the default. Please configure this value if this is wrong.
Config: Warning: Key UniformWrites is not set. Using 'true' as the default. Please configure this value if this is wrong.
Config: Warning: Key WriteAllBits is not set. Using 'true' as the default. Please configure this value if this is wrong.
Config: Warning: Key Ereset is not set. Using '0.054331' as the default. Please configure this value if this is wrong.
Config: Warning: Key Eset is not set. Using '0.101581' as the default. Please configure this value if this is wrong.
Config: Warning: Key nWP00 is not set. Using '0' as the default. Please configure this value if this is wrong.
Config: Warning: Key nWP01 is not set. Using '7' as the default. Please configure this value if this is wrong.
Config: Warning: Key nWP10 is not set. Using '5' as the default. Please configure this value if this is wrong.
Config: Warning: Key nWP11 is not set. Using '1' as the default. Please configure this value if this is wrong.
Config: Warning: Key WPMaxVariance is not set. Using '2' as the default. Please configure this value if this is wrong.
Config: Warning: Key DeadlockTimer is not set. Using '10000000' as the default. Please configure this value if this is wrong.
Config: Warning: Key EnableDebug is not set. Using 'false' as the default. Please configure this value if this is wrong.
Config: Warning: Key WritePausing is not set. Using 'false' as the default. Please configure this value if this is wrong.
Config: Warning: Key PauseThreshold is not set. Using '0.4' as the default. Please configure this value if this is wrong.
Config: Warning: Key MaxCancellations is not set. Using '4' as the default. Please configure this value if this is wrong.
Config: Warning: Key Decoder is not set. Using '' as the default. Please configure this value if this is wrong.
Config: Warning: Key RankType is not set. Using '' as the default. Please configure this value if this is wrong.
Creating 8 banks in all 8 devices.
Config: Warning: Key BankType is not set. Using '' as the default. Please configure this value if this is wrong.
NVMain: the address mapping order is 
	Sub-Array 6
	Row 5
	Column 1
	Bank 3
	Rank 4
	Channel 2
defaultMemory.channel2.FRFCFS-WQF capacity is 1024 MB.
Creating 8 command queues.
Config: Warning: Key CONFIG_CHANNEL3 is not set. Using '' as the default. Please configure this value if this is wrong.
Created a First Ready First Come First Serve memory         controller with write queue!
Config: Warning: Key EIDD0 is not set. Using '85' as the default. Please configure this value if this is wrong.
Config: Warning: Key EIDD1 is not set. Using '54' as the default. Please configure this value if this is wrong.
Config: Warning: Key EIDD2P0 is not set. Using '30' as the default. Please configure this value if this is wrong.
Config: Warning: Key EIDD2P1 is not set. Using '30' as the default. Please configure this value if this is wrong.
Config: Warning: Key EIDD2N is not set. Using '37' as the default. Please configure this value if this is wrong.
Config: Warning: Key EIDD3P is not set. Using '35' as the default. Please configure this value if this is wrong.
Config: Warning: Key EIDD3N is not set. Using '40' as the default. Please configure this value if this is wrong.
Config: Warning: Key EIDD4R is not set. Using '160' as the default. Please configure this value if this is wrong.
Config: Warning: Key EIDD4W is not set. Using '165' as the default. Please configure this value if this is wrong.
Config: Warning: Key EIDD5B is not set. Using '200' as the default. Please configure this value if this is wrong.
Config: Warning: Key EIDD6 is not set. Using '12' as the default. Please configure this value if this is wrong.
Config: Warning: Key Eactstdby is not set. Using '0.09009' as the default. Please configure this value if this is wrong.
Config: Warning: Key Eprestdby is not set. Using '0.083333' as the default. Please configure this value if this is wrong.
Config: Warning: Key Rtt_nom is not set. Using '30' as the default. Please configure this value if this is wrong.
Config: Warning: Key Rtt_wr is not set. Using '60' as the default. Please configure this value if this is wrong.
Config: Warning: Key Rtt_cont is not set. Using '75' as the default. Please configure this value if this is wrong.
Config: Warning: Key VDDQ is not set. Using '1.5' as the default. Please configure this value if this is wrong.
Config: Warning: Key VSSQ is not set. Using '0' as the default. Please configure this value if this is wrong.
Config: Warning: Key RanksPerDIMM is not set. Using '1' as the default. Please configure this value if this is wrong.
Config: Warning: Key DataEncoder is not set. Using 'default' as the default. Please configure this value if this is wrong.
Config: Warning: Key UseLowPower is not set. Using 'true' as the default. Please configure this value if this is wrong.
Config: Warning: Key PowerDownMode is not set. Using 'FASTEXIT' as the default. Please configure this value if this is wrong.
Config: Warning: Key PrintAllDevices is not set. Using 'false' as the default. Please configure this value if this is wrong.
Config: Warning: Key PrintConfig is not set. Using 'false' as the default. Please configure this value if this is wrong.
Config: Warning: Key StaggerRefresh is not set. Using 'false' as the default. Please configure this value if this is wrong.
Config: Warning: Key UsePrecharge is not set. Using 'true' as the default. Please configure this value if this is wrong.
Config: Warning: Key OffChipLatency is not set. Using '10' as the default. Please configure this value if this is wrong.
Config: Warning: Key RBSize is not set. Using '32' as the default. Please configure this value if this is wrong.
Config: Warning: Key MemoryPrefetcher is not set. Using 'none' as the default. Please configure this value if this is wrong.
Config: Warning: Key PrefetchBufferSize is not set. Using '32' as the default. Please configure this value if this is wrong.
Config: Warning: Key MLCLevels is not set. Using '1' as the default. Please configure this value if this is wrong.
Config: Warning: Key WPVariance is not set. Using '1' as the default. Please configure this value if this is wrong.
Config: Warning: Key UniformWrites is not set. Using 'true' as the default. Please configure this value if this is wrong.
Config: Warning: Key WriteAllBits is not set. Using 'true' as the default. Please configure this value if this is wrong.
Config: Warning: Key Ereset is not set. Using '0.054331' as the default. Please configure this value if this is wrong.
Config: Warning: Key Eset is not set. Using '0.101581' as the default. Please configure this value if this is wrong.
Config: Warning: Key nWP00 is not set. Using '0' as the default. Please configure this value if this is wrong.
Config: Warning: Key nWP01 is not set. Using '7' as the default. Please configure this value if this is wrong.
Config: Warning: Key nWP10 is not set. Using '5' as the default. Please configure this value if this is wrong.
Config: Warning: Key nWP11 is not set. Using '1' as the default. Please configure this value if this is wrong.
Config: Warning: Key WPMaxVariance is not set. Using '2' as the default. Please configure this value if this is wrong.
Config: Warning: Key DeadlockTimer is not set. Using '10000000' as the default. Please configure this value if this is wrong.
Config: Warning: Key EnableDebug is not set. Using 'false' as the default. Please configure this value if this is wrong.
Config: Warning: Key WritePausing is not set. Using 'false' as the default. Please configure this value if this is wrong.
Config: Warning: Key PauseThreshold is not set. Using '0.4' as the default. Please configure this value if this is wrong.
Config: Warning: Key MaxCancellations is not set. Using '4' as the default. Please configure this value if this is wrong.
Config: Warning: Key Decoder is not set. Using '' as the default. Please configure this value if this is wrong.
Config: Warning: Key RankType is not set. Using '' as the default. Please configure this value if this is wrong.
Creating 8 banks in all 8 devices.
Config: Warning: Key BankType is not set. Using '' as the default. Please configure this value if this is wrong.
NVMain: the address mapping order is 
	Sub-Array 6
	Row 5
	Column 1
	Bank 3
	Rank 4
	Channel 2
defaultMemory.channel3.FRFCFS-WQF capacity is 1024 MB.
Creating 8 command queues.
traceMain (0x175d880)
defaultMemory
-- defaultMemory.channel0.FRFCFS-WQF
---- defaultMemory.channel0.FRFCFS-WQF.channel0
------ defaultMemory.channel0.FRFCFS-WQF.channel0.rank0
-------- defaultMemory.channel0.FRFCFS-WQF.channel0.rank0.bank0
---------- defaultMemory.channel0.FRFCFS-WQF.channel0.rank0.bank0.subarray0
-------- defaultMemory.channel0.FRFCFS-WQF.channel0.rank0.bank1
---------- defaultMemory.channel0.FRFCFS-WQF.channel0.rank0.bank1.subarray0
-------- defaultMemory.channel0.FRFCFS-WQF.channel0.rank0.bank2
---------- defaultMemory.channel0.FRFCFS-WQF.channel0.rank0.bank2.subarray0
-------- defaultMemory.channel0.FRFCFS-WQF.channel0.rank0.bank3
---------- defaultMemory.channel0.FRFCFS-WQF.channel0.rank0.bank3.subarray0
-------- defaultMemory.channel0.FRFCFS-WQF.channel0.rank0.bank4
---------- defaultMemory.channel0.FRFCFS-WQF.channel0.rank0.bank4.subarray0
-------- defaultMemory.channel0.FRFCFS-WQF.channel0.rank0.bank5
---------- defaultMemory.channel0.FRFCFS-WQF.channel0.rank0.bank5.subarray0
-------- defaultMemory.channel0.FRFCFS-WQF.channel0.rank0.bank6
---------- defaultMemory.channel0.FRFCFS-WQF.channel0.rank0.bank6.subarray0
-------- defaultMemory.channel0.FRFCFS-WQF.channel0.rank0.bank7
---------- defaultMemory.channel0.FRFCFS-WQF.channel0.rank0.bank7.subarray0
-- defaultMemory.channel1.FRFCFS-WQF
---- defaultMemory.channel1.FRFCFS-WQF.channel1
------ defaultMemory.channel1.FRFCFS-WQF.channel1.rank0
-------- defaultMemory.channel1.FRFCFS-WQF.channel1.rank0.bank0
---------- defaultMemory.channel1.FRFCFS-WQF.channel1.rank0.bank0.subarray0
-------- defaultMemory.channel1.FRFCFS-WQF.channel1.rank0.bank1
---------- defaultMemory.channel1.FRFCFS-WQF.channel1.rank0.bank1.subarray0
-------- defaultMemory.channel1.FRFCFS-WQF.channel1.rank0.bank2
---------- defaultMemory.channel1.FRFCFS-WQF.channel1.rank0.bank2.subarray0
-------- defaultMemory.channel1.FRFCFS-WQF.channel1.rank0.bank3
---------- defaultMemory.channel1.FRFCFS-WQF.channel1.rank0.bank3.subarray0
-------- defaultMemory.channel1.FRFCFS-WQF.channel1.rank0.bank4
---------- defaultMemory.channel1.FRFCFS-WQF.channel1.rank0.bank4.subarray0
-------- defaultMemory.channel1.FRFCFS-WQF.channel1.rank0.bank5
---------- defaultMemory.channel1.FRFCFS-WQF.channel1.rank0.bank5.subarray0
-------- defaultMemory.channel1.FRFCFS-WQF.channel1.rank0.bank6
---------- defaultMemory.channel1.FRFCFS-WQF.channel1.rank0.bank6.subarray0
-------- defaultMemory.channel1.FRFCFS-WQF.channel1.rank0.bank7
---------- defaultMemory.channel1.FRFCFS-WQF.channel1.rank0.bank7.subarray0
-- defaultMemory.channel2.FRFCFS-WQF
---- defaultMemory.channel2.FRFCFS-WQF.channel2
------ defaultMemory.channel2.FRFCFS-WQF.channel2.rank0
-------- defaultMemory.channel2.FRFCFS-WQF.channel2.rank0.bank0
---------- defaultMemory.channel2.FRFCFS-WQF.channel2.rank0.bank0.subarray0
-------- defaultMemory.channel2.FRFCFS-WQF.channel2.rank0.bank1
---------- defaultMemory.channel2.FRFCFS-WQF.channel2.rank0.bank1.subarray0
-------- defaultMemory.channel2.FRFCFS-WQF.channel2.rank0.bank2
---------- defaultMemory.channel2.FRFCFS-WQF.channel2.rank0.bank2.subarray0
-------- defaultMemory.channel2.FRFCFS-WQF.channel2.rank0.bank3
---------- defaultMemory.channel2.FRFCFS-WQF.channel2.rank0.bank3.subarray0
-------- defaultMemory.channel2.FRFCFS-WQF.channel2.rank0.bank4
---------- defaultMemory.channel2.FRFCFS-WQF.channel2.rank0.bank4.subarray0
-------- defaultMemory.channel2.FRFCFS-WQF.channel2.rank0.bank5
---------- defaultMemory.channel2.FRFCFS-WQF.channel2.rank0.bank5.subarray0
-------- defaultMemory.channel2.FRFCFS-WQF.channel2.rank0.bank6
---------- defaultMemory.channel2.FRFCFS-WQF.channel2.rank0.bank6.subarray0
-------- defaultMemory.channel2.FRFCFS-WQF.channel2.rank0.bank7
---------- defaultMemory.channel2.FRFCFS-WQF.channel2.rank0.bank7.subarray0
-- defaultMemory.channel3.FRFCFS-WQF
---- defaultMemory.channel3.FRFCFS-WQF.channel3
------ defaultMemory.channel3.FRFCFS-WQF.channel3.rank0
-------- defaultMemory.channel3.FRFCFS-WQF.channel3.rank0.bank0
---------- defaultMemory.channel3.FRFCFS-WQF.channel3.rank0.bank0.subarray0
-------- defaultMemory.channel3.FRFCFS-WQF.channel3.rank0.bank1
---------- defaultMemory.channel3.FRFCFS-WQF.channel3.rank0.bank1.subarray0
-------- defaultMemory.channel3.FRFCFS-WQF.channel3.rank0.bank2
---------- defaultMemory.channel3.FRFCFS-WQF.channel3.rank0.bank2.subarray0
-------- defaultMemory.channel3.FRFCFS-WQF.channel3.rank0.bank3
---------- defaultMemory.channel3.FRFCFS-WQF.channel3.rank0.bank3.subarray0
-------- defaultMemory.channel3.FRFCFS-WQF.channel3.rank0.bank4
---------- defaultMemory.channel3.FRFCFS-WQF.channel3.rank0.bank4.subarray0
-------- defaultMemory.channel3.FRFCFS-WQF.channel3.rank0.bank5
---------- defaultMemory.channel3.FRFCFS-WQF.channel3.rank0.bank5.subarray0
-------- defaultMemory.channel3.FRFCFS-WQF.channel3.rank0.bank6
---------- defaultMemory.channel3.FRFCFS-WQF.channel3.rank0.bank6.subarray0
-------- defaultMemory.channel3.FRFCFS-WQF.channel3.rank0.bank7
---------- defaultMemory.channel3.FRFCFS-WQF.channel3.rank0.bank7.subarray0
*** Simulating 0 input cycles. (0 memory cycles) ***
NVMainTraceReader: Reached EOF!
Could not read next line from trace file!
i0.defaultMemory.channel0.FRFCFS-WQF.channel0.rank0.bank0.subarray0.subArrayEnergy 62624.3nJ
i0.defaultMemory.channel0.FRFCFS-WQF.channel0.rank0.bank0.subarray0.activeEnergy 16.3212nJ
i0.defaultMemory.channel0.FRFCFS-WQF.channel0.rank0.bank0.subarray0.burstEnergy 2538.2nJ
i0.defaultMemory.channel0.FRFCFS-WQF.channel0.rank0.bank0.subarray0.writeEnergy 60069.8nJ
i0.defaultMemory.channel0.FRFCFS-WQF.channel0.rank0.bank0.subarray0.refreshEnergy 0nJ
i0.defaultMemory.channel0.FRFCFS-WQF.channel0.rank0.bank0.subarray0.cancelledWrites 0
i0.defaultMemory.channel0.FRFCFS-WQF.channel0.rank0.bank0.subarray0.cancelledWriteTime 0
i0.defaultMemory.channel0.FRFCFS-WQF.channel0.rank0.bank0.subarray0.pausedWrites 0
i0.defaultMemory.channel0.FRFCFS-WQF.channel0.rank0.bank0.subarray0.averagePausesPerRequest 0
i0.defaultMemory.channel0.FRFCFS-WQF.channel0.rank0.bank0.subarray0.measuredPauses 1505
i0.defaultMemory.channel0.FRFCFS-WQF.channel0.rank0.bank0.subarray0.averagePausedRequestProgress 0
i0.defaultMemory.channel0.FRFCFS-WQF.channel0.rank0.bank0.subarray0.measuredProgresses 0
i0.defaultMemory.channel0.FRFCFS-WQF.channel0.rank0.bank0.subarray0.reads 1585
i0.defaultMemory.channel0.FRFCFS-WQF.channel0.rank0.bank0.subarray0.writes 1505
i0.defaultMemory.channel0.FRFCFS-WQF.channel0.rank0.bank0.subarray0.activates 201
i0.defaultMemory.channel0.FRFCFS-WQF.channel0.rank0.bank0.subarray0.precharges 200
i0.defaultMemory.channel0.FRFCFS-WQF.channel0.rank0.bank0.subarray0.refreshes 0
i0.defaultMemory.channel0.FRFCFS-WQF.channel0.rank0.bank0.subarray0.worstCaseEndurance 18446744073709551615
i0.defaultMemory.channel0.FRFCFS-WQF.channel0.rank0.bank0.subarray0.averageEndurance 0
i0.defaultMemory.channel0.FRFCFS-WQF.channel0.rank0.bank0.subarray0.actWaits 0
i0.defaultMemory.channel0.FRFCFS-WQF.channel0.rank0.bank0.subarray0.actWaitTotal 0
i0.defaultMemory.channel0.FRFCFS-WQF.channel0.rank0.bank0.subarray0.actWaitAverage -nan
i0.defaultMemory.channel0.FRFCFS-WQF.channel0.rank0.bank0.subarray0.worstCaseWrite 0
i0.defaultMemory.channel0.FRFCFS-WQF.channel0.rank0.bank0.subarray0.num00Writes 0
i0.defaultMemory.channel0.FRFCFS-WQF.channel0.rank0.bank0.subarray0.num01Writes 0
i0.defaultMemory.channel0.FRFCFS-WQF.channel0.rank0.bank0.subarray0.num10Writes 0
i0.defaultMemory.channel0.FRFCFS-WQF.channel0.rank0.bank0.subarray0.num11Writes 0
i0.defaultMemory.channel0.FRFCFS-WQF.channel0.rank0.bank0.subarray0.averageWriteTime 60
i0.defaultMemory.channel0.FRFCFS-WQF.channel0.rank0.bank0.subarray0.measuredWriteTimes 1505
i0.defaultMemory.channel0.FRFCFS-WQF.channel0.rank0.bank0.subarray0.mlcTimingHisto {}
i0.defaultMemory.channel0.FRFCFS-WQF.channel0.rank0.bank0.subarray0.cancelCountHisto {0: 1504}
i0.defaultMemory.channel0.FRFCFS-WQF.channel0.rank0.bank0.subarray0.wpPauseHisto {}
i0.defaultMemory.channel0.FRFCFS-WQF.channel0.rank0.bank0.subarray0.wpCancelHisto {}
i0.defaultMemory.channel0.FRFCFS-WQF.channel0.rank0.bank0.bankEnergy 62624.3nJ
i0.defaultMemory.channel0.FRFCFS-WQF.channel0.rank0.bank0.activeEnergy 16.3212nJ
i0.defaultMemory.channel0.FRFCFS-WQF.channel0.rank0.bank0.burstEnergy 2538.2nJ
i0.defaultMemory.channel0.FRFCFS-WQF.channel0.rank0.bank0.refreshEnergy 0nJ
i0.defaultMemory.channel0.FRFCFS-WQF.channel0.rank0.bank0.bankPower 4.51623e+07W
i0.defaultMemory.channel0.FRFCFS-WQF.channel0.rank0.bank0.activePower 11770.2W
i0.defaultMemory.channel0.FRFCFS-WQF.channel0.rank0.bank0.burstPower 1.83046e+06W
i0.defaultMemory.channel0.FRFCFS-WQF.channel0.rank0.bank0.refreshPower 0W
i0.defaultMemory.channel0.FRFCFS-WQF.channel0.rank0.bank0.bandwidth 761.005MB/s
i0.defaultMemory.channel0.FRFCFS-WQF.channel0.rank0.bank0.dataCycles 12360
i0.defaultMemory.channel0.FRFCFS-WQF.channel0.rank0.bank0.powerCycles 1386649
i0.defaultMemory.channel0.FRFCFS-WQF.channel0.rank0.bank0.utilization 0.00891358
i0.defaultMemory.channel0.FRFCFS-WQF.channel0.rank0.bank0.reads 1585
i0.defaultMemory.channel0.FRFCFS-WQF.channel0.rank0.bank0.writes 1505
i0.defaultMemory.channel0.FRFCFS-WQF.channel0.rank0.bank0.activates 201
i0.defaultMemory.channel0.FRFCFS-WQF.channel0.rank0.bank0.precharges 200
i0.defaultMemory.channel0.FRFCFS-WQF.channel0.rank0.bank0.refreshes 0
i0.defaultMemory.channel0.FRFCFS-WQF.channel0.rank0.bank0.activeCycles 1159016
i0.defaultMemory.channel0.FRFCFS-WQF.channel0.rank0.bank0.standbyCycles 227633
i0.defaultMemory.channel0.FRFCFS-WQF.channel0.rank0.bank0.fastExitActiveCycles 0
i0.defaultMemory.channel0.FRFCFS-WQF.channel0.rank0.bank0.fastExitPrechargeCycles 0
i0.defaultMemory.channel0.FRFCFS-WQF.channel0.rank0.bank0.slowExitPrechargeCycles 0
i0.defaultMemory.channel0.FRFCFS-WQF.channel0.rank0.bank0.actWaits 0
i0.defaultMemory.channel0.FRFCFS-WQF.channel0.rank0.bank0.actWaitTotal 0
i0.defaultMemory.channel0.FRFCFS-WQF.channel0.rank0.bank0.actWaitAverage -nan
i0.defaultMemory.channel0.FRFCFS-WQF.channel0.rank0.bank0.averageEndurance 0
i0.defaultMemory.channel0.FRFCFS-WQF.channel0.rank0.bank0.worstCaseEndurance 18446744073709551615
i0.defaultMemory.channel0.FRFCFS-WQF.channel0.rank0.bank1.subarray0.subArrayEnergy 62581.9nJ
i0.defaultMemory.channel0.FRFCFS-WQF.channel0.rank0.bank1.subarray0.activeEnergy 15.5904nJ
i0.defaultMemory.channel0.FRFCFS-WQF.channel0.rank0.bank1.subarray0.burstEnergy 2536.47nJ
i0.defaultMemory.channel0.FRFCFS-WQF.channel0.rank0.bank1.subarray0.writeEnergy 60029.9nJ
i0.defaultMemory.channel0.FRFCFS-WQF.channel0.rank0.bank1.subarray0.refreshEnergy 0nJ
i0.defaultMemory.channel0.FRFCFS-WQF.channel0.rank0.bank1.subarray0.cancelledWrites 0
i0.defaultMemory.channel0.FRFCFS-WQF.channel0.rank0.bank1.subarray0.cancelledWriteTime 0
i0.defaultMemory.channel0.FRFCFS-WQF.channel0.rank0.bank1.subarray0.pausedWrites 0
i0.defaultMemory.channel0.FRFCFS-WQF.channel0.rank0.bank1.subarray0.averagePausesPerRequest 0
i0.defaultMemory.channel0.FRFCFS-WQF.channel0.rank0.bank1.subarray0.measuredPauses 1504
i0.defaultMemory.channel0.FRFCFS-WQF.channel0.rank0.bank1.subarray0.averagePausedRequestProgress 0
i0.defaultMemory.channel0.FRFCFS-WQF.channel0.rank0.bank1.subarray0.measuredProgresses 0
i0.defaultMemory.channel0.FRFCFS-WQF.channel0.rank0.bank1.subarray0.reads 1555
i0.defaultMemory.channel0.FRFCFS-WQF.channel0.rank0.bank1.subarray0.writes 1504
i0.defaultMemory.channel0.FRFCFS-WQF.channel0.rank0.bank1.subarray0.activates 192
i0.defaultMemory.channel0.FRFCFS-WQF.channel0.rank0.bank1.subarray0.precharges 191
i0.defaultMemory.channel0.FRFCFS-WQF.channel0.rank0.bank1.subarray0.refreshes 0
i0.defaultMemory.channel0.FRFCFS-WQF.channel0.rank0.bank1.subarray0.worstCaseEndurance 18446744073709551615
i0.defaultMemory.channel0.FRFCFS-WQF.channel0.rank0.bank1.subarray0.averageEndurance 0
i0.defaultMemory.channel0.FRFCFS-WQF.channel0.rank0.bank1.subarray0.actWaits 0
i0.defaultMemory.channel0.FRFCFS-WQF.channel0.rank0.bank1.subarray0.actWaitTotal 0
i0.defaultMemory.channel0.FRFCFS-WQF.channel0.rank0.bank1.subarray0.actWaitAverage -nan
i0.defaultMemory.channel0.FRFCFS-WQF.channel0.rank0.bank1.subarray0.worstCaseWrite 0
i0.defaultMemory.channel0.FRFCFS-WQF.channel0.rank0.bank1.subarray0.num00Writes 0
i0.defaultMemory.channel0.FRFCFS-WQF.channel0.rank0.bank1.subarray0.num01Writes 0
i0.defaultMemory.channel0.FRFCFS-WQF.channel0.rank0.bank1.subarray0.num10Writes 0
i0.defaultMemory.channel0.FRFCFS-WQF.channel0.rank0.bank1.subarray0.num11Writes 0
i0.defaultMemory.channel0.FRFCFS-WQF.channel0.rank0.bank1.subarray0.averageWriteTime 60
i0.defaultMemory.channel0.FRFCFS-WQF.channel0.rank0.bank1.subarray0.measuredWriteTimes 1504
i0.defaultMemory.channel0.FRFCFS-WQF.channel0.rank0.bank1.subarray0.mlcTimingHisto {}
i0.defaultMemory.channel0.FRFCFS-WQF.channel0.rank0.bank1.subarray0.cancelCountHisto {0: 1503}
i0.defaultMemory.channel0.FRFCFS-WQF.channel0.rank0.bank1.subarray0.wpPauseHisto {}
i0.defaultMemory.channel0.FRFCFS-WQF.channel0.rank0.bank1.subarray0.wpCancelHisto {}
i0.defaultMemory.channel0.FRFCFS-WQF.channel0.rank0.bank1.bankEnergy 62581.9nJ
i0.defaultMemory.channel0.FRFCFS-WQF.channel0.rank0.bank1.activeEnergy 15.5904nJ
i0.defaultMemory.channel0.FRFCFS-WQF.channel0.rank0.bank1.burstEnergy 2536.47nJ
i0.defaultMemory.channel0.FRFCFS-WQF.channel0.rank0.bank1.refreshEnergy 0nJ
i0.defaultMemory.channel0.FRFCFS-WQF.channel0.rank0.bank1.bankPower 4.51318e+07W
i0.defaultMemory.channel0.FRFCFS-WQF.channel0.rank0.bank1.activePower 11243.2W
i0.defaultMemory.channel0.FRFCFS-WQF.channel0.rank0.bank1.burstPower 1.82921e+06W
i0.defaultMemory.channel0.FRFCFS-WQF.channel0.rank0.bank1.refreshPower 0W
i0.defaultMemory.channel0.FRFCFS-WQF.channel0.rank0.bank1.bandwidth 753.371MB/s
i0.defaultMemory.channel0.FRFCFS-WQF.channel0.rank0.bank1.dataCycles 12236
i0.defaultMemory.channel0.FRFCFS-WQF.channel0.rank0.bank1.powerCycles 1386649
i0.defaultMemory.channel0.FRFCFS-WQF.channel0.rank0.bank1.utilization 0.00882415
i0.defaultMemory.channel0.FRFCFS-WQF.channel0.rank0.bank1.reads 1555
i0.defaultMemory.channel0.FRFCFS-WQF.channel0.rank0.bank1.writes 1504
i0.defaultMemory.channel0.FRFCFS-WQF.channel0.rank0.bank1.activates 192
i0.defaultMemory.channel0.FRFCFS-WQF.channel0.rank0.bank1.precharges 191
i0.defaultMemory.channel0.FRFCFS-WQF.channel0.rank0.bank1.refreshes 0
i0.defaultMemory.channel0.FRFCFS-WQF.channel0.rank0.bank1.activeCycles 1150912
i0.defaultMemory.channel0.FRFCFS-WQF.channel0.rank0.bank1.standbyCycles 235737
i0.defaultMemory.channel0.FRFCFS-WQF.channel0.rank0.bank1.fastExitActiveCycles 0
i0.defaultMemory.channel0.FRFCFS-WQF.channel0.rank0.bank1.fastExitPrechargeCycles 0
i0.defaultMemory.channel0.FRFCFS-WQF.channel0.rank0.bank1.slowExitPrechargeCycles 0
i0.defaultMemory.channel0.FRFCFS-WQF.channel0.rank0.bank1.actWaits 0
i0.defaultMemory.channel0.FRFCFS-WQF.channel0.rank0.bank1.actWaitTotal 0
i0.defaultMemory.channel0.FRFCFS-WQF.channel0.rank0.bank1.actWaitAverage -nan
i0.defaultMemory.channel0.FRFCFS-WQF.channel0.rank0.bank1.averageEndurance 0
i0.defaultMemory.channel0.FRFCFS-WQF.channel0.rank0.bank1.worstCaseEndurance 18446744073709551615
i0.defaultMemory.channel0.FRFCFS-WQF.channel0.rank0.bank2.subarray0.subArrayEnergy 62624.4nJ
i0.defaultMemory.channel0.FRFCFS-WQF.channel0.rank0.bank2.subarray0.activeEnergy 16.4836nJ
i0.defaultMemory.channel0.FRFCFS-WQF.channel0.rank0.bank2.subarray0.burstEnergy 2538.15nJ
i0.defaultMemory.channel0.FRFCFS-WQF.channel0.rank0.bank2.subarray0.writeEnergy 60069.8nJ
i0.defaultMemory.channel0.FRFCFS-WQF.channel0.rank0.bank2.subarray0.refreshEnergy 0nJ
i0.defaultMemory.channel0.FRFCFS-WQF.channel0.rank0.bank2.subarray0.cancelledWrites 0
i0.defaultMemory.channel0.FRFCFS-WQF.channel0.rank0.bank2.subarray0.cancelledWriteTime 0
i0.defaultMemory.channel0.FRFCFS-WQF.channel0.rank0.bank2.subarray0.pausedWrites 0
i0.defaultMemory.channel0.FRFCFS-WQF.channel0.rank0.bank2.subarray0.averagePausesPerRequest 0
i0.defaultMemory.channel0.FRFCFS-WQF.channel0.rank0.bank2.subarray0.measuredPauses 1505
i0.defaultMemory.channel0.FRFCFS-WQF.channel0.rank0.bank2.subarray0.averagePausedRequestProgress 0
i0.defaultMemory.channel0.FRFCFS-WQF.channel0.rank0.bank2.subarray0.measuredProgresses 0
i0.defaultMemory.channel0.FRFCFS-WQF.channel0.rank0.bank2.subarray0.reads 1551
i0.defaultMemory.channel0.FRFCFS-WQF.channel0.rank0.bank2.subarray0.writes 1505
i0.defaultMemory.channel0.FRFCFS-WQF.channel0.rank0.bank2.subarray0.activates 203
i0.defaultMemory.channel0.FRFCFS-WQF.channel0.rank0.bank2.subarray0.precharges 202
i0.defaultMemory.channel0.FRFCFS-WQF.channel0.rank0.bank2.subarray0.refreshes 0
i0.defaultMemory.channel0.FRFCFS-WQF.channel0.rank0.bank2.subarray0.worstCaseEndurance 18446744073709551615
i0.defaultMemory.channel0.FRFCFS-WQF.channel0.rank0.bank2.subarray0.averageEndurance 0
i0.defaultMemory.channel0.FRFCFS-WQF.channel0.rank0.bank2.subarray0.actWaits 0
i0.defaultMemory.channel0.FRFCFS-WQF.channel0.rank0.bank2.subarray0.actWaitTotal 0
i0.defaultMemory.channel0.FRFCFS-WQF.channel0.rank0.bank2.subarray0.actWaitAverage -nan
i0.defaultMemory.channel0.FRFCFS-WQF.channel0.rank0.bank2.subarray0.worstCaseWrite 0
i0.defaultMemory.channel0.FRFCFS-WQF.channel0.rank0.bank2.subarray0.num00Writes 0
i0.defaultMemory.channel0.FRFCFS-WQF.channel0.rank0.bank2.subarray0.num01Writes 0
i0.defaultMemory.channel0.FRFCFS-WQF.channel0.rank0.bank2.subarray0.num10Writes 0
i0.defaultMemory.channel0.FRFCFS-WQF.channel0.rank0.bank2.subarray0.num11Writes 0
i0.defaultMemory.channel0.FRFCFS-WQF.channel0.rank0.bank2.subarray0.averageWriteTime 60
i0.defaultMemory.channel0.FRFCFS-WQF.channel0.rank0.bank2.subarray0.measuredWriteTimes 1505
i0.defaultMemory.channel0.FRFCFS-WQF.channel0.rank0.bank2.subarray0.mlcTimingHisto {}
i0.defaultMemory.channel0.FRFCFS-WQF.channel0.rank0.bank2.subarray0.cancelCountHisto {0: 1504}
i0.defaultMemory.channel0.FRFCFS-WQF.channel0.rank0.bank2.subarray0.wpPauseHisto {}
i0.defaultMemory.channel0.FRFCFS-WQF.channel0.rank0.bank2.subarray0.wpCancelHisto {}
i0.defaultMemory.channel0.FRFCFS-WQF.channel0.rank0.bank2.bankEnergy 62624.4nJ
i0.defaultMemory.channel0.FRFCFS-WQF.channel0.rank0.bank2.activeEnergy 16.4836nJ
i0.defaultMemory.channel0.FRFCFS-WQF.channel0.rank0.bank2.burstEnergy 2538.15nJ
i0.defaultMemory.channel0.FRFCFS-WQF.channel0.rank0.bank2.refreshEnergy 0nJ
i0.defaultMemory.channel0.FRFCFS-WQF.channel0.rank0.bank2.bankPower 4.51624e+07W
i0.defaultMemory.channel0.FRFCFS-WQF.channel0.rank0.bank2.activePower 11887.4W
i0.defaultMemory.channel0.FRFCFS-WQF.channel0.rank0.bank2.burstPower 1.83042e+06W
i0.defaultMemory.channel0.FRFCFS-WQF.channel0.rank0.bank2.refreshPower 0W
i0.defaultMemory.channel0.FRFCFS-WQF.channel0.rank0.bank2.bandwidth 752.632MB/s
i0.defaultMemory.channel0.FRFCFS-WQF.channel0.rank0.bank2.dataCycles 12224
i0.defaultMemory.channel0.FRFCFS-WQF.channel0.rank0.bank2.powerCycles 1386649
i0.defaultMemory.channel0.FRFCFS-WQF.channel0.rank0.bank2.utilization 0.0088155
i0.defaultMemory.channel0.FRFCFS-WQF.channel0.rank0.bank2.reads 1551
i0.defaultMemory.channel0.FRFCFS-WQF.channel0.rank0.bank2.writes 1505
i0.defaultMemory.channel0.FRFCFS-WQF.channel0.rank0.bank2.activates 203
i0.defaultMemory.channel0.FRFCFS-WQF.channel0.rank0.bank2.precharges 202
i0.defaultMemory.channel0.FRFCFS-WQF.channel0.rank0.bank2.refreshes 0
i0.defaultMemory.channel0.FRFCFS-WQF.channel0.rank0.bank2.activeCycles 1155854
i0.defaultMemory.channel0.FRFCFS-WQF.channel0.rank0.bank2.standbyCycles 230795
i0.defaultMemory.channel0.FRFCFS-WQF.channel0.rank0.bank2.fastExitActiveCycles 0
i0.defaultMemory.channel0.FRFCFS-WQF.channel0.rank0.bank2.fastExitPrechargeCycles 0
i0.defaultMemory.channel0.FRFCFS-WQF.channel0.rank0.bank2.slowExitPrechargeCycles 0
i0.defaultMemory.channel0.FRFCFS-WQF.channel0.rank0.bank2.actWaits 0
i0.defaultMemory.channel0.FRFCFS-WQF.channel0.rank0.bank2.actWaitTotal 0
i0.defaultMemory.channel0.FRFCFS-WQF.channel0.rank0.bank2.actWaitAverage -nan
i0.defaultMemory.channel0.FRFCFS-WQF.channel0.rank0.bank2.averageEndurance 0
i0.defaultMemory.channel0.FRFCFS-WQF.channel0.rank0.bank2.worstCaseEndurance 18446744073709551615
i0.defaultMemory.channel0.FRFCFS-WQF.channel0.rank0.bank3.subarray0.subArrayEnergy 62665.3nJ
i0.defaultMemory.channel0.FRFCFS-WQF.channel0.rank0.bank3.subarray0.activeEnergy 15.7528nJ
i0.defaultMemory.channel0.FRFCFS-WQF.channel0.rank0.bank3.subarray0.burstEnergy 2539.81nJ
i0.defaultMemory.channel0.FRFCFS-WQF.channel0.rank0.bank3.subarray0.writeEnergy 60109.7nJ
i0.defaultMemory.channel0.FRFCFS-WQF.channel0.rank0.bank3.subarray0.refreshEnergy 0nJ
i0.defaultMemory.channel0.FRFCFS-WQF.channel0.rank0.bank3.subarray0.cancelledWrites 0
i0.defaultMemory.channel0.FRFCFS-WQF.channel0.rank0.bank3.subarray0.cancelledWriteTime 0
i0.defaultMemory.channel0.FRFCFS-WQF.channel0.rank0.bank3.subarray0.pausedWrites 0
i0.defaultMemory.channel0.FRFCFS-WQF.channel0.rank0.bank3.subarray0.averagePausesPerRequest 0
i0.defaultMemory.channel0.FRFCFS-WQF.channel0.rank0.bank3.subarray0.measuredPauses 1506
i0.defaultMemory.channel0.FRFCFS-WQF.channel0.rank0.bank3.subarray0.averagePausedRequestProgress 0
i0.defaultMemory.channel0.FRFCFS-WQF.channel0.rank0.bank3.subarray0.measuredProgresses 0
i0.defaultMemory.channel0.FRFCFS-WQF.channel0.rank0.bank3.subarray0.reads 1540
i0.defaultMemory.channel0.FRFCFS-WQF.channel0.rank0.bank3.subarray0.writes 1506
i0.defaultMemory.channel0.FRFCFS-WQF.channel0.rank0.bank3.subarray0.activates 194
i0.defaultMemory.channel0.FRFCFS-WQF.channel0.rank0.bank3.subarray0.precharges 193
i0.defaultMemory.channel0.FRFCFS-WQF.channel0.rank0.bank3.subarray0.refreshes 0
i0.defaultMemory.channel0.FRFCFS-WQF.channel0.rank0.bank3.subarray0.worstCaseEndurance 18446744073709551615
i0.defaultMemory.channel0.FRFCFS-WQF.channel0.rank0.bank3.subarray0.averageEndurance 0
i0.defaultMemory.channel0.FRFCFS-WQF.channel0.rank0.bank3.subarray0.actWaits 0
i0.defaultMemory.channel0.FRFCFS-WQF.channel0.rank0.bank3.subarray0.actWaitTotal 0
i0.defaultMemory.channel0.FRFCFS-WQF.channel0.rank0.bank3.subarray0.actWaitAverage -nan
i0.defaultMemory.channel0.FRFCFS-WQF.channel0.rank0.bank3.subarray0.worstCaseWrite 0
i0.defaultMemory.channel0.FRFCFS-WQF.channel0.rank0.bank3.subarray0.num00Writes 0
i0.defaultMemory.channel0.FRFCFS-WQF.channel0.rank0.bank3.subarray0.num01Writes 0
i0.defaultMemory.channel0.FRFCFS-WQF.channel0.rank0.bank3.subarray0.num10Writes 0
i0.defaultMemory.channel0.FRFCFS-WQF.channel0.rank0.bank3.subarray0.num11Writes 0
i0.defaultMemory.channel0.FRFCFS-WQF.channel0.rank0.bank3.subarray0.averageWriteTime 60
i0.defaultMemory.channel0.FRFCFS-WQF.channel0.rank0.bank3.subarray0.measuredWriteTimes 1506
i0.defaultMemory.channel0.FRFCFS-WQF.channel0.rank0.bank3.subarray0.mlcTimingHisto {}
i0.defaultMemory.channel0.FRFCFS-WQF.channel0.rank0.bank3.subarray0.cancelCountHisto {0: 1505}
i0.defaultMemory.channel0.FRFCFS-WQF.channel0.rank0.bank3.subarray0.wpPauseHisto {}
i0.defaultMemory.channel0.FRFCFS-WQF.channel0.rank0.bank3.subarray0.wpCancelHisto {}
i0.defaultMemory.channel0.FRFCFS-WQF.channel0.rank0.bank3.bankEnergy 62665.3nJ
i0.defaultMemory.channel0.FRFCFS-WQF.channel0.rank0.bank3.activeEnergy 15.7528nJ
i0.defaultMemory.channel0.FRFCFS-WQF.channel0.rank0.bank3.burstEnergy 2539.81nJ
i0.defaultMemory.channel0.FRFCFS-WQF.channel0.rank0.bank3.refreshEnergy 0nJ
i0.defaultMemory.channel0.FRFCFS-WQF.channel0.rank0.bank3.bankPower 4.51919e+07W
i0.defaultMemory.channel0.FRFCFS-WQF.channel0.rank0.bank3.activePower 11360.3W
i0.defaultMemory.channel0.FRFCFS-WQF.channel0.rank0.bank3.burstPower 1.83162e+06W
i0.defaultMemory.channel0.FRFCFS-WQF.channel0.rank0.bank3.refreshPower 0W
i0.defaultMemory.channel0.FRFCFS-WQF.channel0.rank0.bank3.bandwidth 750.169MB/s
i0.defaultMemory.channel0.FRFCFS-WQF.channel0.rank0.bank3.dataCycles 12184
i0.defaultMemory.channel0.FRFCFS-WQF.channel0.rank0.bank3.powerCycles 1386649
i0.defaultMemory.channel0.FRFCFS-WQF.channel0.rank0.bank3.utilization 0.00878665
i0.defaultMemory.channel0.FRFCFS-WQF.channel0.rank0.bank3.reads 1540
i0.defaultMemory.channel0.FRFCFS-WQF.channel0.rank0.bank3.writes 1506
i0.defaultMemory.channel0.FRFCFS-WQF.channel0.rank0.bank3.activates 194
i0.defaultMemory.channel0.FRFCFS-WQF.channel0.rank0.bank3.precharges 193
i0.defaultMemory.channel0.FRFCFS-WQF.channel0.rank0.bank3.refreshes 0
i0.defaultMemory.channel0.FRFCFS-WQF.channel0.rank0.bank3.activeCycles 1155253
i0.defaultMemory.channel0.FRFCFS-WQF.channel0.rank0.bank3.standbyCycles 231396
i0.defaultMemory.channel0.FRFCFS-WQF.channel0.rank0.bank3.fastExitActiveCycles 0
i0.defaultMemory.channel0.FRFCFS-WQF.channel0.rank0.bank3.fastExitPrechargeCycles 0
i0.defaultMemory.channel0.FRFCFS-WQF.channel0.rank0.bank3.slowExitPrechargeCycles 0
i0.defaultMemory.channel0.FRFCFS-WQF.channel0.rank0.bank3.actWaits 0
i0.defaultMemory.channel0.FRFCFS-WQF.channel0.rank0.bank3.actWaitTotal 0
i0.defaultMemory.channel0.FRFCFS-WQF.channel0.rank0.bank3.actWaitAverage -nan
i0.defaultMemory.channel0.FRFCFS-WQF.channel0.rank0.bank3.averageEndurance 0
i0.defaultMemory.channel0.FRFCFS-WQF.channel0.rank0.bank3.worstCaseEndurance 18446744073709551615
i0.defaultMemory.channel0.FRFCFS-WQF.channel0.rank0.bank4.subarray0.subArrayEnergy 62580.9nJ
i0.defaultMemory.channel0.FRFCFS-WQF.channel0.rank0.bank4.subarray0.activeEnergy 14.616nJ
i0.defaultMemory.channel0.FRFCFS-WQF.channel0.rank0.bank4.subarray0.burstEnergy 2536.44nJ
i0.defaultMemory.channel0.FRFCFS-WQF.channel0.rank0.bank4.subarray0.writeEnergy 60029.9nJ
i0.defaultMemory.channel0.FRFCFS-WQF.channel0.rank0.bank4.subarray0.refreshEnergy 0nJ
i0.defaultMemory.channel0.FRFCFS-WQF.channel0.rank0.bank4.subarray0.cancelledWrites 0
i0.defaultMemory.channel0.FRFCFS-WQF.channel0.rank0.bank4.subarray0.cancelledWriteTime 0
i0.defaultMemory.channel0.FRFCFS-WQF.channel0.rank0.bank4.subarray0.pausedWrites 0
i0.defaultMemory.channel0.FRFCFS-WQF.channel0.rank0.bank4.subarray0.averagePausesPerRequest 0
i0.defaultMemory.channel0.FRFCFS-WQF.channel0.rank0.bank4.subarray0.measuredPauses 1504
i0.defaultMemory.channel0.FRFCFS-WQF.channel0.rank0.bank4.subarray0.averagePausedRequestProgress 0
i0.defaultMemory.channel0.FRFCFS-WQF.channel0.rank0.bank4.subarray0.measuredProgresses 0
i0.defaultMemory.channel0.FRFCFS-WQF.channel0.rank0.bank4.subarray0.reads 1540
i0.defaultMemory.channel0.FRFCFS-WQF.channel0.rank0.bank4.subarray0.writes 1504
i0.defaultMemory.channel0.FRFCFS-WQF.channel0.rank0.bank4.subarray0.activates 180
i0.defaultMemory.channel0.FRFCFS-WQF.channel0.rank0.bank4.subarray0.precharges 179
i0.defaultMemory.channel0.FRFCFS-WQF.channel0.rank0.bank4.subarray0.refreshes 0
i0.defaultMemory.channel0.FRFCFS-WQF.channel0.rank0.bank4.subarray0.worstCaseEndurance 18446744073709551615
i0.defaultMemory.channel0.FRFCFS-WQF.channel0.rank0.bank4.subarray0.averageEndurance 0
i0.defaultMemory.channel0.FRFCFS-WQF.channel0.rank0.bank4.subarray0.actWaits 0
i0.defaultMemory.channel0.FRFCFS-WQF.channel0.rank0.bank4.subarray0.actWaitTotal 0
i0.defaultMemory.channel0.FRFCFS-WQF.channel0.rank0.bank4.subarray0.actWaitAverage -nan
i0.defaultMemory.channel0.FRFCFS-WQF.channel0.rank0.bank4.subarray0.worstCaseWrite 0
i0.defaultMemory.channel0.FRFCFS-WQF.channel0.rank0.bank4.subarray0.num00Writes 0
i0.defaultMemory.channel0.FRFCFS-WQF.channel0.rank0.bank4.subarray0.num01Writes 0
i0.defaultMemory.channel0.FRFCFS-WQF.channel0.rank0.bank4.subarray0.num10Writes 0
i0.defaultMemory.channel0.FRFCFS-WQF.channel0.rank0.bank4.subarray0.num11Writes 0
i0.defaultMemory.channel0.FRFCFS-WQF.channel0.rank0.bank4.subarray0.averageWriteTime 60
i0.defaultMemory.channel0.FRFCFS-WQF.channel0.rank0.bank4.subarray0.measuredWriteTimes 1504
i0.defaultMemory.channel0.FRFCFS-WQF.channel0.rank0.bank4.subarray0.mlcTimingHisto {}
i0.defaultMemory.channel0.FRFCFS-WQF.channel0.rank0.bank4.subarray0.cancelCountHisto {0: 1503}
i0.defaultMemory.channel0.FRFCFS-WQF.channel0.rank0.bank4.subarray0.wpPauseHisto {}
i0.defaultMemory.channel0.FRFCFS-WQF.channel0.rank0.bank4.subarray0.wpCancelHisto {}
i0.defaultMemory.channel0.FRFCFS-WQF.channel0.rank0.bank4.bankEnergy 62580.9nJ
i0.defaultMemory.channel0.FRFCFS-WQF.channel0.rank0.bank4.activeEnergy 14.616nJ
i0.defaultMemory.channel0.FRFCFS-WQF.channel0.rank0.bank4.burstEnergy 2536.44nJ
i0.defaultMemory.channel0.FRFCFS-WQF.channel0.rank0.bank4.refreshEnergy 0nJ
i0.defaultMemory.channel0.FRFCFS-WQF.channel0.rank0.bank4.bankPower 4.5131e+07W
i0.defaultMemory.channel0.FRFCFS-WQF.channel0.rank0.bank4.activePower 10540.5W
i0.defaultMemory.channel0.FRFCFS-WQF.channel0.rank0.bank4.burstPower 1.82919e+06W
i0.defaultMemory.channel0.FRFCFS-WQF.channel0.rank0.bank4.refreshPower 0W
i0.defaultMemory.channel0.FRFCFS-WQF.channel0.rank0.bank4.bandwidth 749.677MB/s
i0.defaultMemory.channel0.FRFCFS-WQF.channel0.rank0.bank4.dataCycles 12176
i0.defaultMemory.channel0.FRFCFS-WQF.channel0.rank0.bank4.powerCycles 1386649
i0.defaultMemory.channel0.FRFCFS-WQF.channel0.rank0.bank4.utilization 0.00878088
i0.defaultMemory.channel0.FRFCFS-WQF.channel0.rank0.bank4.reads 1540
i0.defaultMemory.channel0.FRFCFS-WQF.channel0.rank0.bank4.writes 1504
i0.defaultMemory.channel0.FRFCFS-WQF.channel0.rank0.bank4.activates 180
i0.defaultMemory.channel0.FRFCFS-WQF.channel0.rank0.bank4.precharges 179
i0.defaultMemory.channel0.FRFCFS-WQF.channel0.rank0.bank4.refreshes 0
i0.defaultMemory.channel0.FRFCFS-WQF.channel0.rank0.bank4.activeCycles 1156066
i0.defaultMemory.channel0.FRFCFS-WQF.channel0.rank0.bank4.standbyCycles 230583
i0.defaultMemory.channel0.FRFCFS-WQF.channel0.rank0.bank4.fastExitActiveCycles 0
i0.defaultMemory.channel0.FRFCFS-WQF.channel0.rank0.bank4.fastExitPrechargeCycles 0
i0.defaultMemory.channel0.FRFCFS-WQF.channel0.rank0.bank4.slowExitPrechargeCycles 0
i0.defaultMemory.channel0.FRFCFS-WQF.channel0.rank0.bank4.actWaits 0
i0.defaultMemory.channel0.FRFCFS-WQF.channel0.rank0.bank4.actWaitTotal 0
i0.defaultMemory.channel0.FRFCFS-WQF.channel0.rank0.bank4.actWaitAverage -nan
i0.defaultMemory.channel0.FRFCFS-WQF.channel0.rank0.bank4.averageEndurance 0
i0.defaultMemory.channel0.FRFCFS-WQF.channel0.rank0.bank4.worstCaseEndurance 18446744073709551615
i0.defaultMemory.channel0.FRFCFS-WQF.channel0.rank0.bank5.subarray0.subArrayEnergy 62622.8nJ
i0.defaultMemory.channel0.FRFCFS-WQF.channel0.rank0.bank5.subarray0.activeEnergy 14.8596nJ
i0.defaultMemory.channel0.FRFCFS-WQF.channel0.rank0.bank5.subarray0.burstEnergy 2538.13nJ
i0.defaultMemory.channel0.FRFCFS-WQF.channel0.rank0.bank5.subarray0.writeEnergy 60069.8nJ
i0.defaultMemory.channel0.FRFCFS-WQF.channel0.rank0.bank5.subarray0.refreshEnergy 0nJ
i0.defaultMemory.channel0.FRFCFS-WQF.channel0.rank0.bank5.subarray0.cancelledWrites 0
i0.defaultMemory.channel0.FRFCFS-WQF.channel0.rank0.bank5.subarray0.cancelledWriteTime 0
i0.defaultMemory.channel0.FRFCFS-WQF.channel0.rank0.bank5.subarray0.pausedWrites 0
i0.defaultMemory.channel0.FRFCFS-WQF.channel0.rank0.bank5.subarray0.averagePausesPerRequest 0
i0.defaultMemory.channel0.FRFCFS-WQF.channel0.rank0.bank5.subarray0.measuredPauses 1505
i0.defaultMemory.channel0.FRFCFS-WQF.channel0.rank0.bank5.subarray0.averagePausedRequestProgress 0
i0.defaultMemory.channel0.FRFCFS-WQF.channel0.rank0.bank5.subarray0.measuredProgresses 0
i0.defaultMemory.channel0.FRFCFS-WQF.channel0.rank0.bank5.subarray0.reads 1543
i0.defaultMemory.channel0.FRFCFS-WQF.channel0.rank0.bank5.subarray0.writes 1505
i0.defaultMemory.channel0.FRFCFS-WQF.channel0.rank0.bank5.subarray0.activates 183
i0.defaultMemory.channel0.FRFCFS-WQF.channel0.rank0.bank5.subarray0.precharges 182
i0.defaultMemory.channel0.FRFCFS-WQF.channel0.rank0.bank5.subarray0.refreshes 0
i0.defaultMemory.channel0.FRFCFS-WQF.channel0.rank0.bank5.subarray0.worstCaseEndurance 18446744073709551615
i0.defaultMemory.channel0.FRFCFS-WQF.channel0.rank0.bank5.subarray0.averageEndurance 0
i0.defaultMemory.channel0.FRFCFS-WQF.channel0.rank0.bank5.subarray0.actWaits 0
i0.defaultMemory.channel0.FRFCFS-WQF.channel0.rank0.bank5.subarray0.actWaitTotal 0
i0.defaultMemory.channel0.FRFCFS-WQF.channel0.rank0.bank5.subarray0.actWaitAverage -nan
i0.defaultMemory.channel0.FRFCFS-WQF.channel0.rank0.bank5.subarray0.worstCaseWrite 0
i0.defaultMemory.channel0.FRFCFS-WQF.channel0.rank0.bank5.subarray0.num00Writes 0
i0.defaultMemory.channel0.FRFCFS-WQF.channel0.rank0.bank5.subarray0.num01Writes 0
i0.defaultMemory.channel0.FRFCFS-WQF.channel0.rank0.bank5.subarray0.num10Writes 0
i0.defaultMemory.channel0.FRFCFS-WQF.channel0.rank0.bank5.subarray0.num11Writes 0
i0.defaultMemory.channel0.FRFCFS-WQF.channel0.rank0.bank5.subarray0.averageWriteTime 60
i0.defaultMemory.channel0.FRFCFS-WQF.channel0.rank0.bank5.subarray0.measuredWriteTimes 1505
i0.defaultMemory.channel0.FRFCFS-WQF.channel0.rank0.bank5.subarray0.mlcTimingHisto {}
i0.defaultMemory.channel0.FRFCFS-WQF.channel0.rank0.bank5.subarray0.cancelCountHisto {0: 1504}
i0.defaultMemory.channel0.FRFCFS-WQF.channel0.rank0.bank5.subarray0.wpPauseHisto {}
i0.defaultMemory.channel0.FRFCFS-WQF.channel0.rank0.bank5.subarray0.wpCancelHisto {}
i0.defaultMemory.channel0.FRFCFS-WQF.channel0.rank0.bank5.bankEnergy 62622.8nJ
i0.defaultMemory.channel0.FRFCFS-WQF.channel0.rank0.bank5.activeEnergy 14.8596nJ
i0.defaultMemory.channel0.FRFCFS-WQF.channel0.rank0.bank5.burstEnergy 2538.13nJ
i0.defaultMemory.channel0.FRFCFS-WQF.channel0.rank0.bank5.refreshEnergy 0nJ
i0.defaultMemory.channel0.FRFCFS-WQF.channel0.rank0.bank5.bankPower 4.51612e+07W
i0.defaultMemory.channel0.FRFCFS-WQF.channel0.rank0.bank5.activePower 10716.2W
i0.defaultMemory.channel0.FRFCFS-WQF.channel0.rank0.bank5.burstPower 1.83041e+06W
i0.defaultMemory.channel0.FRFCFS-WQF.channel0.rank0.bank5.refreshPower 0W
i0.defaultMemory.channel0.FRFCFS-WQF.channel0.rank0.bank5.bandwidth 750.662MB/s
i0.defaultMemory.channel0.FRFCFS-WQF.channel0.rank0.bank5.dataCycles 12192
i0.defaultMemory.channel0.FRFCFS-WQF.channel0.rank0.bank5.powerCycles 1386649
i0.defaultMemory.channel0.FRFCFS-WQF.channel0.rank0.bank5.utilization 0.00879242
i0.defaultMemory.channel0.FRFCFS-WQF.channel0.rank0.bank5.reads 1543
i0.defaultMemory.channel0.FRFCFS-WQF.channel0.rank0.bank5.writes 1505
i0.defaultMemory.channel0.FRFCFS-WQF.channel0.rank0.bank5.activates 183
i0.defaultMemory.channel0.FRFCFS-WQF.channel0.rank0.bank5.precharges 182
i0.defaultMemory.channel0.FRFCFS-WQF.channel0.rank0.bank5.refreshes 0
i0.defaultMemory.channel0.FRFCFS-WQF.channel0.rank0.bank5.activeCycles 1159474
i0.defaultMemory.channel0.FRFCFS-WQF.channel0.rank0.bank5.standbyCycles 227175
i0.defaultMemory.channel0.FRFCFS-WQF.channel0.rank0.bank5.fastExitActiveCycles 0
i0.defaultMemory.channel0.FRFCFS-WQF.channel0.rank0.bank5.fastExitPrechargeCycles 0
i0.defaultMemory.channel0.FRFCFS-WQF.channel0.rank0.bank5.slowExitPrechargeCycles 0
i0.defaultMemory.channel0.FRFCFS-WQF.channel0.rank0.bank5.actWaits 0
i0.defaultMemory.channel0.FRFCFS-WQF.channel0.rank0.bank5.actWaitTotal 0
i0.defaultMemory.channel0.FRFCFS-WQF.channel0.rank0.bank5.actWaitAverage -nan
i0.defaultMemory.channel0.FRFCFS-WQF.channel0.rank0.bank5.averageEndurance 0
i0.defaultMemory.channel0.FRFCFS-WQF.channel0.rank0.bank5.worstCaseEndurance 18446744073709551615
i0.defaultMemory.channel0.FRFCFS-WQF.channel0.rank0.bank6.subarray0.subArrayEnergy 62872.9nJ
i0.defaultMemory.channel0.FRFCFS-WQF.channel0.rank0.bank6.subarray0.activeEnergy 15.428nJ
i0.defaultMemory.channel0.FRFCFS-WQF.channel0.rank0.bank6.subarray0.burstEnergy 2548.25nJ
i0.defaultMemory.channel0.FRFCFS-WQF.channel0.rank0.bank6.subarray0.writeEnergy 60309.3nJ
i0.defaultMemory.channel0.FRFCFS-WQF.channel0.rank0.bank6.subarray0.refreshEnergy 0nJ
i0.defaultMemory.channel0.FRFCFS-WQF.channel0.rank0.bank6.subarray0.cancelledWrites 0
i0.defaultMemory.channel0.FRFCFS-WQF.channel0.rank0.bank6.subarray0.cancelledWriteTime 0
i0.defaultMemory.channel0.FRFCFS-WQF.channel0.rank0.bank6.subarray0.pausedWrites 0
i0.defaultMemory.channel0.FRFCFS-WQF.channel0.rank0.bank6.subarray0.averagePausesPerRequest 0
i0.defaultMemory.channel0.FRFCFS-WQF.channel0.rank0.bank6.subarray0.measuredPauses 1511
i0.defaultMemory.channel0.FRFCFS-WQF.channel0.rank0.bank6.subarray0.averagePausedRequestProgress 0
i0.defaultMemory.channel0.FRFCFS-WQF.channel0.rank0.bank6.subarray0.measuredProgresses 0
i0.defaultMemory.channel0.FRFCFS-WQF.channel0.rank0.bank6.subarray0.reads 1550
i0.defaultMemory.channel0.FRFCFS-WQF.channel0.rank0.bank6.subarray0.writes 1511
i0.defaultMemory.channel0.FRFCFS-WQF.channel0.rank0.bank6.subarray0.activates 190
i0.defaultMemory.channel0.FRFCFS-WQF.channel0.rank0.bank6.subarray0.precharges 189
i0.defaultMemory.channel0.FRFCFS-WQF.channel0.rank0.bank6.subarray0.refreshes 0
i0.defaultMemory.channel0.FRFCFS-WQF.channel0.rank0.bank6.subarray0.worstCaseEndurance 18446744073709551615
i0.defaultMemory.channel0.FRFCFS-WQF.channel0.rank0.bank6.subarray0.averageEndurance 0
i0.defaultMemory.channel0.FRFCFS-WQF.channel0.rank0.bank6.subarray0.actWaits 0
i0.defaultMemory.channel0.FRFCFS-WQF.channel0.rank0.bank6.subarray0.actWaitTotal 0
i0.defaultMemory.channel0.FRFCFS-WQF.channel0.rank0.bank6.subarray0.actWaitAverage -nan
i0.defaultMemory.channel0.FRFCFS-WQF.channel0.rank0.bank6.subarray0.worstCaseWrite 0
i0.defaultMemory.channel0.FRFCFS-WQF.channel0.rank0.bank6.subarray0.num00Writes 0
i0.defaultMemory.channel0.FRFCFS-WQF.channel0.rank0.bank6.subarray0.num01Writes 0
i0.defaultMemory.channel0.FRFCFS-WQF.channel0.rank0.bank6.subarray0.num10Writes 0
i0.defaultMemory.channel0.FRFCFS-WQF.channel0.rank0.bank6.subarray0.num11Writes 0
i0.defaultMemory.channel0.FRFCFS-WQF.channel0.rank0.bank6.subarray0.averageWriteTime 60
i0.defaultMemory.channel0.FRFCFS-WQF.channel0.rank0.bank6.subarray0.measuredWriteTimes 1511
i0.defaultMemory.channel0.FRFCFS-WQF.channel0.rank0.bank6.subarray0.mlcTimingHisto {}
i0.defaultMemory.channel0.FRFCFS-WQF.channel0.rank0.bank6.subarray0.cancelCountHisto {0: 1510}
i0.defaultMemory.channel0.FRFCFS-WQF.channel0.rank0.bank6.subarray0.wpPauseHisto {}
i0.defaultMemory.channel0.FRFCFS-WQF.channel0.rank0.bank6.subarray0.wpCancelHisto {}
i0.defaultMemory.channel0.FRFCFS-WQF.channel0.rank0.bank6.bankEnergy 62872.9nJ
i0.defaultMemory.channel0.FRFCFS-WQF.channel0.rank0.bank6.activeEnergy 15.428nJ
i0.defaultMemory.channel0.FRFCFS-WQF.channel0.rank0.bank6.burstEnergy 2548.25nJ
i0.defaultMemory.channel0.FRFCFS-WQF.channel0.rank0.bank6.refreshEnergy 0nJ
i0.defaultMemory.channel0.FRFCFS-WQF.channel0.rank0.bank6.bankPower 4.53416e+07W
i0.defaultMemory.channel0.FRFCFS-WQF.channel0.rank0.bank6.activePower 11126.1W
i0.defaultMemory.channel0.FRFCFS-WQF.channel0.rank0.bank6.burstPower 1.83771e+06W
i0.defaultMemory.channel0.FRFCFS-WQF.channel0.rank0.bank6.refreshPower 0W
i0.defaultMemory.channel0.FRFCFS-WQF.channel0.rank0.bank6.bandwidth 753.863MB/s
i0.defaultMemory.channel0.FRFCFS-WQF.channel0.rank0.bank6.dataCycles 12244
i0.defaultMemory.channel0.FRFCFS-WQF.channel0.rank0.bank6.powerCycles 1386649
i0.defaultMemory.channel0.FRFCFS-WQF.channel0.rank0.bank6.utilization 0.00882992
i0.defaultMemory.channel0.FRFCFS-WQF.channel0.rank0.bank6.reads 1550
i0.defaultMemory.channel0.FRFCFS-WQF.channel0.rank0.bank6.writes 1511
i0.defaultMemory.channel0.FRFCFS-WQF.channel0.rank0.bank6.activates 190
i0.defaultMemory.channel0.FRFCFS-WQF.channel0.rank0.bank6.precharges 189
i0.defaultMemory.channel0.FRFCFS-WQF.channel0.rank0.bank6.refreshes 0
i0.defaultMemory.channel0.FRFCFS-WQF.channel0.rank0.bank6.activeCycles 1153691
i0.defaultMemory.channel0.FRFCFS-WQF.channel0.rank0.bank6.standbyCycles 232958
i0.defaultMemory.channel0.FRFCFS-WQF.channel0.rank0.bank6.fastExitActiveCycles 0
i0.defaultMemory.channel0.FRFCFS-WQF.channel0.rank0.bank6.fastExitPrechargeCycles 0
i0.defaultMemory.channel0.FRFCFS-WQF.channel0.rank0.bank6.slowExitPrechargeCycles 0
i0.defaultMemory.channel0.FRFCFS-WQF.channel0.rank0.bank6.actWaits 0
i0.defaultMemory.channel0.FRFCFS-WQF.channel0.rank0.bank6.actWaitTotal 0
i0.defaultMemory.channel0.FRFCFS-WQF.channel0.rank0.bank6.actWaitAverage -nan
i0.defaultMemory.channel0.FRFCFS-WQF.channel0.rank0.bank6.averageEndurance 0
i0.defaultMemory.channel0.FRFCFS-WQF.channel0.rank0.bank6.worstCaseEndurance 18446744073709551615
i0.defaultMemory.channel0.FRFCFS-WQF.channel0.rank0.bank7.subarray0.subArrayEnergy 62665nJ
i0.defaultMemory.channel0.FRFCFS-WQF.channel0.rank0.bank7.subarray0.activeEnergy 15.428nJ
i0.defaultMemory.channel0.FRFCFS-WQF.channel0.rank0.bank7.subarray0.burstEnergy 2539.84nJ
i0.defaultMemory.channel0.FRFCFS-WQF.channel0.rank0.bank7.subarray0.writeEnergy 60109.7nJ
i0.defaultMemory.channel0.FRFCFS-WQF.channel0.rank0.bank7.subarray0.refreshEnergy 0nJ
i0.defaultMemory.channel0.FRFCFS-WQF.channel0.rank0.bank7.subarray0.cancelledWrites 0
i0.defaultMemory.channel0.FRFCFS-WQF.channel0.rank0.bank7.subarray0.cancelledWriteTime 0
i0.defaultMemory.channel0.FRFCFS-WQF.channel0.rank0.bank7.subarray0.pausedWrites 0
i0.defaultMemory.channel0.FRFCFS-WQF.channel0.rank0.bank7.subarray0.averagePausesPerRequest 0
i0.defaultMemory.channel0.FRFCFS-WQF.channel0.rank0.bank7.subarray0.measuredPauses 1506
i0.defaultMemory.channel0.FRFCFS-WQF.channel0.rank0.bank7.subarray0.averagePausedRequestProgress 0
i0.defaultMemory.channel0.FRFCFS-WQF.channel0.rank0.bank7.subarray0.measuredProgresses 0
i0.defaultMemory.channel0.FRFCFS-WQF.channel0.rank0.bank7.subarray0.reads 1553
i0.defaultMemory.channel0.FRFCFS-WQF.channel0.rank0.bank7.subarray0.writes 1506
i0.defaultMemory.channel0.FRFCFS-WQF.channel0.rank0.bank7.subarray0.activates 190
i0.defaultMemory.channel0.FRFCFS-WQF.channel0.rank0.bank7.subarray0.precharges 189
i0.defaultMemory.channel0.FRFCFS-WQF.channel0.rank0.bank7.subarray0.refreshes 0
i0.defaultMemory.channel0.FRFCFS-WQF.channel0.rank0.bank7.subarray0.worstCaseEndurance 18446744073709551615
i0.defaultMemory.channel0.FRFCFS-WQF.channel0.rank0.bank7.subarray0.averageEndurance 0
i0.defaultMemory.channel0.FRFCFS-WQF.channel0.rank0.bank7.subarray0.actWaits 0
i0.defaultMemory.channel0.FRFCFS-WQF.channel0.rank0.bank7.subarray0.actWaitTotal 0
i0.defaultMemory.channel0.FRFCFS-WQF.channel0.rank0.bank7.subarray0.actWaitAverage -nan
i0.defaultMemory.channel0.FRFCFS-WQF.channel0.rank0.bank7.subarray0.worstCaseWrite 0
i0.defaultMemory.channel0.FRFCFS-WQF.channel0.rank0.bank7.subarray0.num00Writes 0
i0.defaultMemory.channel0.FRFCFS-WQF.channel0.rank0.bank7.subarray0.num01Writes 0
i0.defaultMemory.channel0.FRFCFS-WQF.channel0.rank0.bank7.subarray0.num10Writes 0
i0.defaultMemory.channel0.FRFCFS-WQF.channel0.rank0.bank7.subarray0.num11Writes 0
i0.defaultMemory.channel0.FRFCFS-WQF.channel0.rank0.bank7.subarray0.averageWriteTime 60
i0.defaultMemory.channel0.FRFCFS-WQF.channel0.rank0.bank7.subarray0.measuredWriteTimes 1506
i0.defaultMemory.channel0.FRFCFS-WQF.channel0.rank0.bank7.subarray0.mlcTimingHisto {}
i0.defaultMemory.channel0.FRFCFS-WQF.channel0.rank0.bank7.subarray0.cancelCountHisto {0: 1505}
i0.defaultMemory.channel0.FRFCFS-WQF.channel0.rank0.bank7.subarray0.wpPauseHisto {}
i0.defaultMemory.channel0.FRFCFS-WQF.channel0.rank0.bank7.subarray0.wpCancelHisto {}
i0.defaultMemory.channel0.FRFCFS-WQF.channel0.rank0.bank7.bankEnergy 62665nJ
i0.defaultMemory.channel0.FRFCFS-WQF.channel0.rank0.bank7.activeEnergy 15.428nJ
i0.defaultMemory.channel0.FRFCFS-WQF.channel0.rank0.bank7.burstEnergy 2539.84nJ
i0.defaultMemory.channel0.FRFCFS-WQF.channel0.rank0.bank7.refreshEnergy 0nJ
i0.defaultMemory.channel0.FRFCFS-WQF.channel0.rank0.bank7.bankPower 4.51916e+07W
i0.defaultMemory.channel0.FRFCFS-WQF.channel0.rank0.bank7.activePower 11126.1W
i0.defaultMemory.channel0.FRFCFS-WQF.channel0.rank0.bank7.burstPower 1.83164e+06W
i0.defaultMemory.channel0.FRFCFS-WQF.channel0.rank0.bank7.refreshPower 0W
i0.defaultMemory.channel0.FRFCFS-WQF.channel0.rank0.bank7.bandwidth 753.371MB/s
i0.defaultMemory.channel0.FRFCFS-WQF.channel0.rank0.bank7.dataCycles 12236
i0.defaultMemory.channel0.FRFCFS-WQF.channel0.rank0.bank7.powerCycles 1386649
i0.defaultMemory.channel0.FRFCFS-WQF.channel0.rank0.bank7.utilization 0.00882415
i0.defaultMemory.channel0.FRFCFS-WQF.channel0.rank0.bank7.reads 1553
i0.defaultMemory.channel0.FRFCFS-WQF.channel0.rank0.bank7.writes 1506
i0.defaultMemory.channel0.FRFCFS-WQF.channel0.rank0.bank7.activates 190
i0.defaultMemory.channel0.FRFCFS-WQF.channel0.rank0.bank7.precharges 189
i0.defaultMemory.channel0.FRFCFS-WQF.channel0.rank0.bank7.refreshes 0
i0.defaultMemory.channel0.FRFCFS-WQF.channel0.rank0.bank7.activeCycles 1154766
i0.defaultMemory.channel0.FRFCFS-WQF.channel0.rank0.bank7.standbyCycles 231883
i0.defaultMemory.channel0.FRFCFS-WQF.channel0.rank0.bank7.fastExitActiveCycles 0
i0.defaultMemory.channel0.FRFCFS-WQF.channel0.rank0.bank7.fastExitPrechargeCycles 0
i0.defaultMemory.channel0.FRFCFS-WQF.channel0.rank0.bank7.slowExitPrechargeCycles 0
i0.defaultMemory.channel0.FRFCFS-WQF.channel0.rank0.bank7.actWaits 0
i0.defaultMemory.channel0.FRFCFS-WQF.channel0.rank0.bank7.actWaitTotal 0
i0.defaultMemory.channel0.FRFCFS-WQF.channel0.rank0.bank7.actWaitAverage -nan
i0.defaultMemory.channel0.FRFCFS-WQF.channel0.rank0.bank7.averageEndurance 0
i0.defaultMemory.channel0.FRFCFS-WQF.channel0.rank0.bank7.worstCaseEndurance 18446744073709551615
i0.defaultMemory.channel0.FRFCFS-WQF.channel0.rank0.totalEnergy 646600nJ
i0.defaultMemory.channel0.FRFCFS-WQF.channel0.rank0.backgroundEnergy 124923nJ
i0.defaultMemory.channel0.FRFCFS-WQF.channel0.rank0.activateEnergy 124.48nJ
i0.defaultMemory.channel0.FRFCFS-WQF.channel0.rank0.burstEnergy 20315.3nJ
i0.defaultMemory.channel0.FRFCFS-WQF.channel0.rank0.refreshEnergy 0nJ
i0.defaultMemory.channel0.FRFCFS-WQF.channel0.rank0.totalPower 0.0699219W
i0.defaultMemory.channel0.FRFCFS-WQF.channel0.rank0.backgroundPower 0.06009W
i0.defaultMemory.channel0.FRFCFS-WQF.channel0.rank0.activatePower 5.98766e-05W
i0.defaultMemory.channel0.FRFCFS-WQF.channel0.rank0.burstPower 0.00977198W
i0.defaultMemory.channel0.FRFCFS-WQF.channel0.rank0.refreshPower 0W
i0.defaultMemory.channel0.FRFCFS-WQF.channel0.rank0.reads 12417
i0.defaultMemory.channel0.FRFCFS-WQF.channel0.rank0.writes 12046
i0.defaultMemory.channel0.FRFCFS-WQF.channel0.rank0.activeCycles 1386649
i0.defaultMemory.channel0.FRFCFS-WQF.channel0.rank0.standbyCycles 0
i0.defaultMemory.channel0.FRFCFS-WQF.channel0.rank0.fastExitActiveCycles 0
i0.defaultMemory.channel0.FRFCFS-WQF.channel0.rank0.fastExitPrechargeCycles 0
i0.defaultMemory.channel0.FRFCFS-WQF.channel0.rank0.slowExitCycles 0
i0.defaultMemory.channel0.FRFCFS-WQF.channel0.rank0.actWaits 573
i0.defaultMemory.channel0.FRFCFS-WQF.channel0.rank0.actWaitTotal 1461
i0.defaultMemory.channel0.FRFCFS-WQF.channel0.rank0.actWaitAverage 2.54974
i0.defaultMemory.channel0.FRFCFS-WQF.channel0.rank0.rrdWaits 574
i0.defaultMemory.channel0.FRFCFS-WQF.channel0.rank0.rrdWaitTotal 1462
i0.defaultMemory.channel0.FRFCFS-WQF.channel0.rank0.rrdWaitAverage 2.54704
i0.defaultMemory.channel0.FRFCFS-WQF.channel0.rank0.fawWaits 8
i0.defaultMemory.channel0.FRFCFS-WQF.channel0.rank0.fawWaitTotal 45
i0.defaultMemory.channel0.FRFCFS-WQF.channel0.rank0.fawWaitAverage 5.625
i0.defaultMemory.channel0.FRFCFS-WQF.mem_reads 12417
i0.defaultMemory.channel0.FRFCFS-WQF.mem_writes 12046
i0.defaultMemory.channel0.FRFCFS-WQF.rq_rb_hits 11819
i0.defaultMemory.channel0.FRFCFS-WQF.rq_rb_miss 598
i0.defaultMemory.channel0.FRFCFS-WQF.wq_rb_hits 11111
i0.defaultMemory.channel0.FRFCFS-WQF.wq_rb_miss 935
i0.defaultMemory.channel0.FRFCFS-WQF.total_drains 750
i0.defaultMemory.channel0.FRFCFS-WQF.total_drain_writes 12000
i0.defaultMemory.channel0.FRFCFS-WQF.average_writes_per_drain 16
i0.defaultMemory.channel0.FRFCFS-WQF.minimum_drain_writes 16
i0.defaultMemory.channel0.FRFCFS-WQF.maximum_drain_writes 16
i0.defaultMemory.channel0.FRFCFS-WQF.total_drain_cycles 327097
i0.defaultMemory.channel0.FRFCFS-WQF.average_drain_cycles 436.129
i0.defaultMemory.channel0.FRFCFS-WQF.minimum_drain_cycles 243
i0.defaultMemory.channel0.FRFCFS-WQF.maximum_drain_cycles 552
i0.defaultMemory.channel0.FRFCFS-WQF.total_non_drain_cycles 1368292
i0.defaultMemory.channel0.FRFCFS-WQF.average_drain_spacing 1824.39
i0.defaultMemory.channel0.FRFCFS-WQF.minimum_drain_spacing 452
i0.defaultMemory.channel0.FRFCFS-WQF.maximum_drain_spacing 3443
i0.defaultMemory.channel0.FRFCFS-WQF.total_read_cycles 1041195
i0.defaultMemory.channel0.FRFCFS-WQF.average_read_spacing 1388.26
i0.defaultMemory.channel0.FRFCFS-WQF.minimum_read_spacing 1
i0.defaultMemory.channel0.FRFCFS-WQF.maximum_read_spacing 3132
i0.defaultMemory.channel0.FRFCFS-WQF.total_readqueue_size 13969
i0.defaultMemory.channel0.FRFCFS-WQF.average_predrain_readqueue_size 18.6253
i0.defaultMemory.channel0.FRFCFS-WQF.minimum_predrain_readqueue_size 6
i0.defaultMemory.channel0.FRFCFS-WQF.maximum_predrain_readqueue_size 28
i0.defaultMemory.channel0.FRFCFS-WQF.total_reads_during_drain 0
i0.defaultMemory.channel0.FRFCFS-WQF.average_reads_during_drain 0
i0.defaultMemory.channel0.FRFCFS-WQF.minimum_reads_during_drain 0
i0.defaultMemory.channel0.FRFCFS-WQF.maximum_reads_during_drain 0
i0.defaultMemory.channel0.FRFCFS-WQF.starvation_precharges 1316
i0.defaultMemory.channel0.FRFCFS-WQF.averageLatency 79.7915
i0.defaultMemory.channel0.FRFCFS-WQF.averageQueueLatency 1626
i0.defaultMemory.channel0.FRFCFS-WQF.averageTotalLatency 1705.79
i0.defaultMemory.channel0.FRFCFS-WQF.measuredLatencies 24463
i0.defaultMemory.channel0.FRFCFS-WQF.measuredQueueLatencies 24463
i0.defaultMemory.channel0.FRFCFS-WQF.measuredTotalLatencies 24463
i0.defaultMemory.channel0.FRFCFS-WQF.simulation_cycles 1386649
i0.defaultMemory.channel0.FRFCFS-WQF.wakeupCount 40832
i0.defaultMemory.channel1.FRFCFS-WQF.channel1.rank0.bank0.subarray0.subArrayEnergy 62581.9nJ
i0.defaultMemory.channel1.FRFCFS-WQF.channel1.rank0.bank0.subarray0.activeEnergy 15.5904nJ
i0.defaultMemory.channel1.FRFCFS-WQF.channel1.rank0.bank0.subarray0.burstEnergy 2536.49nJ
i0.defaultMemory.channel1.FRFCFS-WQF.channel1.rank0.bank0.subarray0.writeEnergy 60029.9nJ
i0.defaultMemory.channel1.FRFCFS-WQF.channel1.rank0.bank0.subarray0.refreshEnergy 0nJ
i0.defaultMemory.channel1.FRFCFS-WQF.channel1.rank0.bank0.subarray0.cancelledWrites 0
i0.defaultMemory.channel1.FRFCFS-WQF.channel1.rank0.bank0.subarray0.cancelledWriteTime 0
i0.defaultMemory.channel1.FRFCFS-WQF.channel1.rank0.bank0.subarray0.pausedWrites 0
i0.defaultMemory.channel1.FRFCFS-WQF.channel1.rank0.bank0.subarray0.averagePausesPerRequest 0
i0.defaultMemory.channel1.FRFCFS-WQF.channel1.rank0.bank0.subarray0.measuredPauses 1504
i0.defaultMemory.channel1.FRFCFS-WQF.channel1.rank0.bank0.subarray0.averagePausedRequestProgress 0
i0.defaultMemory.channel1.FRFCFS-WQF.channel1.rank0.bank0.subarray0.measuredProgresses 0
i0.defaultMemory.channel1.FRFCFS-WQF.channel1.rank0.bank0.subarray0.reads 1568
i0.defaultMemory.channel1.FRFCFS-WQF.channel1.rank0.bank0.subarray0.writes 1504
i0.defaultMemory.channel1.FRFCFS-WQF.channel1.rank0.bank0.subarray0.activates 192
i0.defaultMemory.channel1.FRFCFS-WQF.channel1.rank0.bank0.subarray0.precharges 191
i0.defaultMemory.channel1.FRFCFS-WQF.channel1.rank0.bank0.subarray0.refreshes 0
i0.defaultMemory.channel1.FRFCFS-WQF.channel1.rank0.bank0.subarray0.worstCaseEndurance 18446744073709551615
i0.defaultMemory.channel1.FRFCFS-WQF.channel1.rank0.bank0.subarray0.averageEndurance 0
i0.defaultMemory.channel1.FRFCFS-WQF.channel1.rank0.bank0.subarray0.actWaits 0
i0.defaultMemory.channel1.FRFCFS-WQF.channel1.rank0.bank0.subarray0.actWaitTotal 0
i0.defaultMemory.channel1.FRFCFS-WQF.channel1.rank0.bank0.subarray0.actWaitAverage -nan
i0.defaultMemory.channel1.FRFCFS-WQF.channel1.rank0.bank0.subarray0.worstCaseWrite 0
i0.defaultMemory.channel1.FRFCFS-WQF.channel1.rank0.bank0.subarray0.num00Writes 0
i0.defaultMemory.channel1.FRFCFS-WQF.channel1.rank0.bank0.subarray0.num01Writes 0
i0.defaultMemory.channel1.FRFCFS-WQF.channel1.rank0.bank0.subarray0.num10Writes 0
i0.defaultMemory.channel1.FRFCFS-WQF.channel1.rank0.bank0.subarray0.num11Writes 0
i0.defaultMemory.channel1.FRFCFS-WQF.channel1.rank0.bank0.subarray0.averageWriteTime 60
i0.defaultMemory.channel1.FRFCFS-WQF.channel1.rank0.bank0.subarray0.measuredWriteTimes 1504
i0.defaultMemory.channel1.FRFCFS-WQF.channel1.rank0.bank0.subarray0.mlcTimingHisto {}
i0.defaultMemory.channel1.FRFCFS-WQF.channel1.rank0.bank0.subarray0.cancelCountHisto {0: 1503}
i0.defaultMemory.channel1.FRFCFS-WQF.channel1.rank0.bank0.subarray0.wpPauseHisto {}
i0.defaultMemory.channel1.FRFCFS-WQF.channel1.rank0.bank0.subarray0.wpCancelHisto {}
i0.defaultMemory.channel1.FRFCFS-WQF.channel1.rank0.bank0.bankEnergy 62581.9nJ
i0.defaultMemory.channel1.FRFCFS-WQF.channel1.rank0.bank0.activeEnergy 15.5904nJ
i0.defaultMemory.channel1.FRFCFS-WQF.channel1.rank0.bank0.burstEnergy 2536.49nJ
i0.defaultMemory.channel1.FRFCFS-WQF.channel1.rank0.bank0.refreshEnergy 0nJ
i0.defaultMemory.channel1.FRFCFS-WQF.channel1.rank0.bank0.bankPower 4.51318e+07W
i0.defaultMemory.channel1.FRFCFS-WQF.channel1.rank0.bank0.activePower 11243.2W
i0.defaultMemory.channel1.FRFCFS-WQF.channel1.rank0.bank0.burstPower 1.82922e+06W
i0.defaultMemory.channel1.FRFCFS-WQF.channel1.rank0.bank0.refreshPower 0W
i0.defaultMemory.channel1.FRFCFS-WQF.channel1.rank0.bank0.bandwidth 756.572MB/s
i0.defaultMemory.channel1.FRFCFS-WQF.channel1.rank0.bank0.dataCycles 12288
i0.defaultMemory.channel1.FRFCFS-WQF.channel1.rank0.bank0.powerCycles 1386649
i0.defaultMemory.channel1.FRFCFS-WQF.channel1.rank0.bank0.utilization 0.00886165
i0.defaultMemory.channel1.FRFCFS-WQF.channel1.rank0.bank0.reads 1568
i0.defaultMemory.channel1.FRFCFS-WQF.channel1.rank0.bank0.writes 1504
i0.defaultMemory.channel1.FRFCFS-WQF.channel1.rank0.bank0.activates 192
i0.defaultMemory.channel1.FRFCFS-WQF.channel1.rank0.bank0.precharges 191
i0.defaultMemory.channel1.FRFCFS-WQF.channel1.rank0.bank0.refreshes 0
i0.defaultMemory.channel1.FRFCFS-WQF.channel1.rank0.bank0.activeCycles 1163141
i0.defaultMemory.channel1.FRFCFS-WQF.channel1.rank0.bank0.standbyCycles 223508
i0.defaultMemory.channel1.FRFCFS-WQF.channel1.rank0.bank0.fastExitActiveCycles 0
i0.defaultMemory.channel1.FRFCFS-WQF.channel1.rank0.bank0.fastExitPrechargeCycles 0
i0.defaultMemory.channel1.FRFCFS-WQF.channel1.rank0.bank0.slowExitPrechargeCycles 0
i0.defaultMemory.channel1.FRFCFS-WQF.channel1.rank0.bank0.actWaits 0
i0.defaultMemory.channel1.FRFCFS-WQF.channel1.rank0.bank0.actWaitTotal 0
i0.defaultMemory.channel1.FRFCFS-WQF.channel1.rank0.bank0.actWaitAverage -nan
i0.defaultMemory.channel1.FRFCFS-WQF.channel1.rank0.bank0.averageEndurance 0
i0.defaultMemory.channel1.FRFCFS-WQF.channel1.rank0.bank0.worstCaseEndurance 18446744073709551615
i0.defaultMemory.channel1.FRFCFS-WQF.channel1.rank0.bank1.subarray0.subArrayEnergy 62582.2nJ
i0.defaultMemory.channel1.FRFCFS-WQF.channel1.rank0.bank1.subarray0.activeEnergy 15.9152nJ
i0.defaultMemory.channel1.FRFCFS-WQF.channel1.rank0.bank1.subarray0.burstEnergy 2536.46nJ
i0.defaultMemory.channel1.FRFCFS-WQF.channel1.rank0.bank1.subarray0.writeEnergy 60029.9nJ
i0.defaultMemory.channel1.FRFCFS-WQF.channel1.rank0.bank1.subarray0.refreshEnergy 0nJ
i0.defaultMemory.channel1.FRFCFS-WQF.channel1.rank0.bank1.subarray0.cancelledWrites 0
i0.defaultMemory.channel1.FRFCFS-WQF.channel1.rank0.bank1.subarray0.cancelledWriteTime 0
i0.defaultMemory.channel1.FRFCFS-WQF.channel1.rank0.bank1.subarray0.pausedWrites 0
i0.defaultMemory.channel1.FRFCFS-WQF.channel1.rank0.bank1.subarray0.averagePausesPerRequest 0
i0.defaultMemory.channel1.FRFCFS-WQF.channel1.rank0.bank1.subarray0.measuredPauses 1504
i0.defaultMemory.channel1.FRFCFS-WQF.channel1.rank0.bank1.subarray0.averagePausedRequestProgress 0
i0.defaultMemory.channel1.FRFCFS-WQF.channel1.rank0.bank1.subarray0.measuredProgresses 0
i0.defaultMemory.channel1.FRFCFS-WQF.channel1.rank0.bank1.subarray0.reads 1547
i0.defaultMemory.channel1.FRFCFS-WQF.channel1.rank0.bank1.subarray0.writes 1504
i0.defaultMemory.channel1.FRFCFS-WQF.channel1.rank0.bank1.subarray0.activates 196
i0.defaultMemory.channel1.FRFCFS-WQF.channel1.rank0.bank1.subarray0.precharges 195
i0.defaultMemory.channel1.FRFCFS-WQF.channel1.rank0.bank1.subarray0.refreshes 0
i0.defaultMemory.channel1.FRFCFS-WQF.channel1.rank0.bank1.subarray0.worstCaseEndurance 18446744073709551615
i0.defaultMemory.channel1.FRFCFS-WQF.channel1.rank0.bank1.subarray0.averageEndurance 0
i0.defaultMemory.channel1.FRFCFS-WQF.channel1.rank0.bank1.subarray0.actWaits 0
i0.defaultMemory.channel1.FRFCFS-WQF.channel1.rank0.bank1.subarray0.actWaitTotal 0
i0.defaultMemory.channel1.FRFCFS-WQF.channel1.rank0.bank1.subarray0.actWaitAverage -nan
i0.defaultMemory.channel1.FRFCFS-WQF.channel1.rank0.bank1.subarray0.worstCaseWrite 0
i0.defaultMemory.channel1.FRFCFS-WQF.channel1.rank0.bank1.subarray0.num00Writes 0
i0.defaultMemory.channel1.FRFCFS-WQF.channel1.rank0.bank1.subarray0.num01Writes 0
i0.defaultMemory.channel1.FRFCFS-WQF.channel1.rank0.bank1.subarray0.num10Writes 0
i0.defaultMemory.channel1.FRFCFS-WQF.channel1.rank0.bank1.subarray0.num11Writes 0
i0.defaultMemory.channel1.FRFCFS-WQF.channel1.rank0.bank1.subarray0.averageWriteTime 60
i0.defaultMemory.channel1.FRFCFS-WQF.channel1.rank0.bank1.subarray0.measuredWriteTimes 1504
i0.defaultMemory.channel1.FRFCFS-WQF.channel1.rank0.bank1.subarray0.mlcTimingHisto {}
i0.defaultMemory.channel1.FRFCFS-WQF.channel1.rank0.bank1.subarray0.cancelCountHisto {0: 1503}
i0.defaultMemory.channel1.FRFCFS-WQF.channel1.rank0.bank1.subarray0.wpPauseHisto {}
i0.defaultMemory.channel1.FRFCFS-WQF.channel1.rank0.bank1.subarray0.wpCancelHisto {}
i0.defaultMemory.channel1.FRFCFS-WQF.channel1.rank0.bank1.bankEnergy 62582.2nJ
i0.defaultMemory.channel1.FRFCFS-WQF.channel1.rank0.bank1.activeEnergy 15.9152nJ
i0.defaultMemory.channel1.FRFCFS-WQF.channel1.rank0.bank1.burstEnergy 2536.46nJ
i0.defaultMemory.channel1.FRFCFS-WQF.channel1.rank0.bank1.refreshEnergy 0nJ
i0.defaultMemory.channel1.FRFCFS-WQF.channel1.rank0.bank1.bankPower 4.5132e+07W
i0.defaultMemory.channel1.FRFCFS-WQF.channel1.rank0.bank1.activePower 11477.5W
i0.defaultMemory.channel1.FRFCFS-WQF.channel1.rank0.bank1.burstPower 1.8292e+06W
i0.defaultMemory.channel1.FRFCFS-WQF.channel1.rank0.bank1.refreshPower 0W
i0.defaultMemory.channel1.FRFCFS-WQF.channel1.rank0.bank1.bandwidth 751.4MB/s
i0.defaultMemory.channel1.FRFCFS-WQF.channel1.rank0.bank1.dataCycles 12204
i0.defaultMemory.channel1.FRFCFS-WQF.channel1.rank0.bank1.powerCycles 1386649
i0.defaultMemory.channel1.FRFCFS-WQF.channel1.rank0.bank1.utilization 0.00880107
i0.defaultMemory.channel1.FRFCFS-WQF.channel1.rank0.bank1.reads 1547
i0.defaultMemory.channel1.FRFCFS-WQF.channel1.rank0.bank1.writes 1504
i0.defaultMemory.channel1.FRFCFS-WQF.channel1.rank0.bank1.activates 196
i0.defaultMemory.channel1.FRFCFS-WQF.channel1.rank0.bank1.precharges 195
i0.defaultMemory.channel1.FRFCFS-WQF.channel1.rank0.bank1.refreshes 0
i0.defaultMemory.channel1.FRFCFS-WQF.channel1.rank0.bank1.activeCycles 1161438
i0.defaultMemory.channel1.FRFCFS-WQF.channel1.rank0.bank1.standbyCycles 225211
i0.defaultMemory.channel1.FRFCFS-WQF.channel1.rank0.bank1.fastExitActiveCycles 0
i0.defaultMemory.channel1.FRFCFS-WQF.channel1.rank0.bank1.fastExitPrechargeCycles 0
i0.defaultMemory.channel1.FRFCFS-WQF.channel1.rank0.bank1.slowExitPrechargeCycles 0
i0.defaultMemory.channel1.FRFCFS-WQF.channel1.rank0.bank1.actWaits 0
i0.defaultMemory.channel1.FRFCFS-WQF.channel1.rank0.bank1.actWaitTotal 0
i0.defaultMemory.channel1.FRFCFS-WQF.channel1.rank0.bank1.actWaitAverage -nan
i0.defaultMemory.channel1.FRFCFS-WQF.channel1.rank0.bank1.averageEndurance 0
i0.defaultMemory.channel1.FRFCFS-WQF.channel1.rank0.bank1.worstCaseEndurance 18446744073709551615
i0.defaultMemory.channel1.FRFCFS-WQF.channel1.rank0.bank2.subarray0.subArrayEnergy 62999.2nJ
i0.defaultMemory.channel1.FRFCFS-WQF.channel1.rank0.bank2.subarray0.activeEnergy 16.8896nJ
i0.defaultMemory.channel1.FRFCFS-WQF.channel1.rank0.bank2.subarray0.burstEnergy 2553.33nJ
i0.defaultMemory.channel1.FRFCFS-WQF.channel1.rank0.bank2.subarray0.writeEnergy 60429nJ
i0.defaultMemory.channel1.FRFCFS-WQF.channel1.rank0.bank2.subarray0.refreshEnergy 0nJ
i0.defaultMemory.channel1.FRFCFS-WQF.channel1.rank0.bank2.subarray0.cancelledWrites 0
i0.defaultMemory.channel1.FRFCFS-WQF.channel1.rank0.bank2.subarray0.cancelledWriteTime 0
i0.defaultMemory.channel1.FRFCFS-WQF.channel1.rank0.bank2.subarray0.pausedWrites 0
i0.defaultMemory.channel1.FRFCFS-WQF.channel1.rank0.bank2.subarray0.averagePausesPerRequest 0
i0.defaultMemory.channel1.FRFCFS-WQF.channel1.rank0.bank2.subarray0.measuredPauses 1514
i0.defaultMemory.channel1.FRFCFS-WQF.channel1.rank0.bank2.subarray0.averagePausedRequestProgress 0
i0.defaultMemory.channel1.FRFCFS-WQF.channel1.rank0.bank2.subarray0.measuredProgresses 0
i0.defaultMemory.channel1.FRFCFS-WQF.channel1.rank0.bank2.subarray0.reads 1566
i0.defaultMemory.channel1.FRFCFS-WQF.channel1.rank0.bank2.subarray0.writes 1514
i0.defaultMemory.channel1.FRFCFS-WQF.channel1.rank0.bank2.subarray0.activates 208
i0.defaultMemory.channel1.FRFCFS-WQF.channel1.rank0.bank2.subarray0.precharges 207
i0.defaultMemory.channel1.FRFCFS-WQF.channel1.rank0.bank2.subarray0.refreshes 0
i0.defaultMemory.channel1.FRFCFS-WQF.channel1.rank0.bank2.subarray0.worstCaseEndurance 18446744073709551615
i0.defaultMemory.channel1.FRFCFS-WQF.channel1.rank0.bank2.subarray0.averageEndurance 0
i0.defaultMemory.channel1.FRFCFS-WQF.channel1.rank0.bank2.subarray0.actWaits 0
i0.defaultMemory.channel1.FRFCFS-WQF.channel1.rank0.bank2.subarray0.actWaitTotal 0
i0.defaultMemory.channel1.FRFCFS-WQF.channel1.rank0.bank2.subarray0.actWaitAverage -nan
i0.defaultMemory.channel1.FRFCFS-WQF.channel1.rank0.bank2.subarray0.worstCaseWrite 0
i0.defaultMemory.channel1.FRFCFS-WQF.channel1.rank0.bank2.subarray0.num00Writes 0
i0.defaultMemory.channel1.FRFCFS-WQF.channel1.rank0.bank2.subarray0.num01Writes 0
i0.defaultMemory.channel1.FRFCFS-WQF.channel1.rank0.bank2.subarray0.num10Writes 0
i0.defaultMemory.channel1.FRFCFS-WQF.channel1.rank0.bank2.subarray0.num11Writes 0
i0.defaultMemory.channel1.FRFCFS-WQF.channel1.rank0.bank2.subarray0.averageWriteTime 60
i0.defaultMemory.channel1.FRFCFS-WQF.channel1.rank0.bank2.subarray0.measuredWriteTimes 1514
i0.defaultMemory.channel1.FRFCFS-WQF.channel1.rank0.bank2.subarray0.mlcTimingHisto {}
i0.defaultMemory.channel1.FRFCFS-WQF.channel1.rank0.bank2.subarray0.cancelCountHisto {0: 1513}
i0.defaultMemory.channel1.FRFCFS-WQF.channel1.rank0.bank2.subarray0.wpPauseHisto {}
i0.defaultMemory.channel1.FRFCFS-WQF.channel1.rank0.bank2.subarray0.wpCancelHisto {}
i0.defaultMemory.channel1.FRFCFS-WQF.channel1.rank0.bank2.bankEnergy 62999.2nJ
i0.defaultMemory.channel1.FRFCFS-WQF.channel1.rank0.bank2.activeEnergy 16.8896nJ
i0.defaultMemory.channel1.FRFCFS-WQF.channel1.rank0.bank2.burstEnergy 2553.33nJ
i0.defaultMemory.channel1.FRFCFS-WQF.channel1.rank0.bank2.refreshEnergy 0nJ
i0.defaultMemory.channel1.FRFCFS-WQF.channel1.rank0.bank2.bankPower 4.54327e+07W
i0.defaultMemory.channel1.FRFCFS-WQF.channel1.rank0.bank2.activePower 12180.2W
i0.defaultMemory.channel1.FRFCFS-WQF.channel1.rank0.bank2.burstPower 1.84137e+06W
i0.defaultMemory.channel1.FRFCFS-WQF.channel1.rank0.bank2.refreshPower 0W
i0.defaultMemory.channel1.FRFCFS-WQF.channel1.rank0.bank2.bandwidth 758.543MB/s
i0.defaultMemory.channel1.FRFCFS-WQF.channel1.rank0.bank2.dataCycles 12320
i0.defaultMemory.channel1.FRFCFS-WQF.channel1.rank0.bank2.powerCycles 1386649
i0.defaultMemory.channel1.FRFCFS-WQF.channel1.rank0.bank2.utilization 0.00888473
i0.defaultMemory.channel1.FRFCFS-WQF.channel1.rank0.bank2.reads 1566
i0.defaultMemory.channel1.FRFCFS-WQF.channel1.rank0.bank2.writes 1514
i0.defaultMemory.channel1.FRFCFS-WQF.channel1.rank0.bank2.activates 208
i0.defaultMemory.channel1.FRFCFS-WQF.channel1.rank0.bank2.precharges 207
i0.defaultMemory.channel1.FRFCFS-WQF.channel1.rank0.bank2.refreshes 0
i0.defaultMemory.channel1.FRFCFS-WQF.channel1.rank0.bank2.activeCycles 1161428
i0.defaultMemory.channel1.FRFCFS-WQF.channel1.rank0.bank2.standbyCycles 225221
i0.defaultMemory.channel1.FRFCFS-WQF.channel1.rank0.bank2.fastExitActiveCycles 0
i0.defaultMemory.channel1.FRFCFS-WQF.channel1.rank0.bank2.fastExitPrechargeCycles 0
i0.defaultMemory.channel1.FRFCFS-WQF.channel1.rank0.bank2.slowExitPrechargeCycles 0
i0.defaultMemory.channel1.FRFCFS-WQF.channel1.rank0.bank2.actWaits 0
i0.defaultMemory.channel1.FRFCFS-WQF.channel1.rank0.bank2.actWaitTotal 0
i0.defaultMemory.channel1.FRFCFS-WQF.channel1.rank0.bank2.actWaitAverage -nan
i0.defaultMemory.channel1.FRFCFS-WQF.channel1.rank0.bank2.averageEndurance 0
i0.defaultMemory.channel1.FRFCFS-WQF.channel1.rank0.bank2.worstCaseEndurance 18446744073709551615
i0.defaultMemory.channel1.FRFCFS-WQF.channel1.rank0.bank3.subarray0.subArrayEnergy 62956.6nJ
i0.defaultMemory.channel1.FRFCFS-WQF.channel1.rank0.bank3.subarray0.activeEnergy 15.834nJ
i0.defaultMemory.channel1.FRFCFS-WQF.channel1.rank0.bank3.subarray0.burstEnergy 2551.67nJ
i0.defaultMemory.channel1.FRFCFS-WQF.channel1.rank0.bank3.subarray0.writeEnergy 60389.1nJ
i0.defaultMemory.channel1.FRFCFS-WQF.channel1.rank0.bank3.subarray0.refreshEnergy 0nJ
i0.defaultMemory.channel1.FRFCFS-WQF.channel1.rank0.bank3.subarray0.cancelledWrites 0
i0.defaultMemory.channel1.FRFCFS-WQF.channel1.rank0.bank3.subarray0.cancelledWriteTime 0
i0.defaultMemory.channel1.FRFCFS-WQF.channel1.rank0.bank3.subarray0.pausedWrites 0
i0.defaultMemory.channel1.FRFCFS-WQF.channel1.rank0.bank3.subarray0.averagePausesPerRequest 0
i0.defaultMemory.channel1.FRFCFS-WQF.channel1.rank0.bank3.subarray0.measuredPauses 1513
i0.defaultMemory.channel1.FRFCFS-WQF.channel1.rank0.bank3.subarray0.averagePausedRequestProgress 0
i0.defaultMemory.channel1.FRFCFS-WQF.channel1.rank0.bank3.subarray0.measuredProgresses 0
i0.defaultMemory.channel1.FRFCFS-WQF.channel1.rank0.bank3.subarray0.reads 1576
i0.defaultMemory.channel1.FRFCFS-WQF.channel1.rank0.bank3.subarray0.writes 1513
i0.defaultMemory.channel1.FRFCFS-WQF.channel1.rank0.bank3.subarray0.activates 195
i0.defaultMemory.channel1.FRFCFS-WQF.channel1.rank0.bank3.subarray0.precharges 194
i0.defaultMemory.channel1.FRFCFS-WQF.channel1.rank0.bank3.subarray0.refreshes 0
i0.defaultMemory.channel1.FRFCFS-WQF.channel1.rank0.bank3.subarray0.worstCaseEndurance 18446744073709551615
i0.defaultMemory.channel1.FRFCFS-WQF.channel1.rank0.bank3.subarray0.averageEndurance 0
i0.defaultMemory.channel1.FRFCFS-WQF.channel1.rank0.bank3.subarray0.actWaits 0
i0.defaultMemory.channel1.FRFCFS-WQF.channel1.rank0.bank3.subarray0.actWaitTotal 0
i0.defaultMemory.channel1.FRFCFS-WQF.channel1.rank0.bank3.subarray0.actWaitAverage -nan
i0.defaultMemory.channel1.FRFCFS-WQF.channel1.rank0.bank3.subarray0.worstCaseWrite 0
i0.defaultMemory.channel1.FRFCFS-WQF.channel1.rank0.bank3.subarray0.num00Writes 0
i0.defaultMemory.channel1.FRFCFS-WQF.channel1.rank0.bank3.subarray0.num01Writes 0
i0.defaultMemory.channel1.FRFCFS-WQF.channel1.rank0.bank3.subarray0.num10Writes 0
i0.defaultMemory.channel1.FRFCFS-WQF.channel1.rank0.bank3.subarray0.num11Writes 0
i0.defaultMemory.channel1.FRFCFS-WQF.channel1.rank0.bank3.subarray0.averageWriteTime 60
i0.defaultMemory.channel1.FRFCFS-WQF.channel1.rank0.bank3.subarray0.measuredWriteTimes 1513
i0.defaultMemory.channel1.FRFCFS-WQF.channel1.rank0.bank3.subarray0.mlcTimingHisto {}
i0.defaultMemory.channel1.FRFCFS-WQF.channel1.rank0.bank3.subarray0.cancelCountHisto {0: 1512}
i0.defaultMemory.channel1.FRFCFS-WQF.channel1.rank0.bank3.subarray0.wpPauseHisto {}
i0.defaultMemory.channel1.FRFCFS-WQF.channel1.rank0.bank3.subarray0.wpCancelHisto {}
i0.defaultMemory.channel1.FRFCFS-WQF.channel1.rank0.bank3.bankEnergy 62956.6nJ
i0.defaultMemory.channel1.FRFCFS-WQF.channel1.rank0.bank3.activeEnergy 15.834nJ
i0.defaultMemory.channel1.FRFCFS-WQF.channel1.rank0.bank3.burstEnergy 2551.67nJ
i0.defaultMemory.channel1.FRFCFS-WQF.channel1.rank0.bank3.refreshEnergy 0nJ
i0.defaultMemory.channel1.FRFCFS-WQF.channel1.rank0.bank3.bankPower 4.5402e+07W
i0.defaultMemory.channel1.FRFCFS-WQF.channel1.rank0.bank3.activePower 11418.9W
i0.defaultMemory.channel1.FRFCFS-WQF.channel1.rank0.bank3.burstPower 1.84017e+06W
i0.defaultMemory.channel1.FRFCFS-WQF.channel1.rank0.bank3.refreshPower 0W
i0.defaultMemory.channel1.FRFCFS-WQF.channel1.rank0.bank3.bandwidth 760.759MB/s
i0.defaultMemory.channel1.FRFCFS-WQF.channel1.rank0.bank3.dataCycles 12356
i0.defaultMemory.channel1.FRFCFS-WQF.channel1.rank0.bank3.powerCycles 1386649
i0.defaultMemory.channel1.FRFCFS-WQF.channel1.rank0.bank3.utilization 0.00891069
i0.defaultMemory.channel1.FRFCFS-WQF.channel1.rank0.bank3.reads 1576
i0.defaultMemory.channel1.FRFCFS-WQF.channel1.rank0.bank3.writes 1513
i0.defaultMemory.channel1.FRFCFS-WQF.channel1.rank0.bank3.activates 195
i0.defaultMemory.channel1.FRFCFS-WQF.channel1.rank0.bank3.precharges 194
i0.defaultMemory.channel1.FRFCFS-WQF.channel1.rank0.bank3.refreshes 0
i0.defaultMemory.channel1.FRFCFS-WQF.channel1.rank0.bank3.activeCycles 1162629
i0.defaultMemory.channel1.FRFCFS-WQF.channel1.rank0.bank3.standbyCycles 224020
i0.defaultMemory.channel1.FRFCFS-WQF.channel1.rank0.bank3.fastExitActiveCycles 0
i0.defaultMemory.channel1.FRFCFS-WQF.channel1.rank0.bank3.fastExitPrechargeCycles 0
i0.defaultMemory.channel1.FRFCFS-WQF.channel1.rank0.bank3.slowExitPrechargeCycles 0
i0.defaultMemory.channel1.FRFCFS-WQF.channel1.rank0.bank3.actWaits 0
i0.defaultMemory.channel1.FRFCFS-WQF.channel1.rank0.bank3.actWaitTotal 0
i0.defaultMemory.channel1.FRFCFS-WQF.channel1.rank0.bank3.actWaitAverage -nan
i0.defaultMemory.channel1.FRFCFS-WQF.channel1.rank0.bank3.averageEndurance 0
i0.defaultMemory.channel1.FRFCFS-WQF.channel1.rank0.bank3.worstCaseEndurance 18446744073709551615
i0.defaultMemory.channel1.FRFCFS-WQF.channel1.rank0.bank4.subarray0.subArrayEnergy 62581.2nJ
i0.defaultMemory.channel1.FRFCFS-WQF.channel1.rank0.bank4.subarray0.activeEnergy 14.8596nJ
i0.defaultMemory.channel1.FRFCFS-WQF.channel1.rank0.bank4.subarray0.burstEnergy 2536.44nJ
i0.defaultMemory.channel1.FRFCFS-WQF.channel1.rank0.bank4.subarray0.writeEnergy 60029.9nJ
i0.defaultMemory.channel1.FRFCFS-WQF.channel1.rank0.bank4.subarray0.refreshEnergy 0nJ
i0.defaultMemory.channel1.FRFCFS-WQF.channel1.rank0.bank4.subarray0.cancelledWrites 0
i0.defaultMemory.channel1.FRFCFS-WQF.channel1.rank0.bank4.subarray0.cancelledWriteTime 0
i0.defaultMemory.channel1.FRFCFS-WQF.channel1.rank0.bank4.subarray0.pausedWrites 0
i0.defaultMemory.channel1.FRFCFS-WQF.channel1.rank0.bank4.subarray0.averagePausesPerRequest 0
i0.defaultMemory.channel1.FRFCFS-WQF.channel1.rank0.bank4.subarray0.measuredPauses 1504
i0.defaultMemory.channel1.FRFCFS-WQF.channel1.rank0.bank4.subarray0.averagePausedRequestProgress 0
i0.defaultMemory.channel1.FRFCFS-WQF.channel1.rank0.bank4.subarray0.measuredProgresses 0
i0.defaultMemory.channel1.FRFCFS-WQF.channel1.rank0.bank4.subarray0.reads 1536
i0.defaultMemory.channel1.FRFCFS-WQF.channel1.rank0.bank4.subarray0.writes 1504
i0.defaultMemory.channel1.FRFCFS-WQF.channel1.rank0.bank4.subarray0.activates 183
i0.defaultMemory.channel1.FRFCFS-WQF.channel1.rank0.bank4.subarray0.precharges 182
i0.defaultMemory.channel1.FRFCFS-WQF.channel1.rank0.bank4.subarray0.refreshes 0
i0.defaultMemory.channel1.FRFCFS-WQF.channel1.rank0.bank4.subarray0.worstCaseEndurance 18446744073709551615
i0.defaultMemory.channel1.FRFCFS-WQF.channel1.rank0.bank4.subarray0.averageEndurance 0
i0.defaultMemory.channel1.FRFCFS-WQF.channel1.rank0.bank4.subarray0.actWaits 0
i0.defaultMemory.channel1.FRFCFS-WQF.channel1.rank0.bank4.subarray0.actWaitTotal 0
i0.defaultMemory.channel1.FRFCFS-WQF.channel1.rank0.bank4.subarray0.actWaitAverage -nan
i0.defaultMemory.channel1.FRFCFS-WQF.channel1.rank0.bank4.subarray0.worstCaseWrite 0
i0.defaultMemory.channel1.FRFCFS-WQF.channel1.rank0.bank4.subarray0.num00Writes 0
i0.defaultMemory.channel1.FRFCFS-WQF.channel1.rank0.bank4.subarray0.num01Writes 0
i0.defaultMemory.channel1.FRFCFS-WQF.channel1.rank0.bank4.subarray0.num10Writes 0
i0.defaultMemory.channel1.FRFCFS-WQF.channel1.rank0.bank4.subarray0.num11Writes 0
i0.defaultMemory.channel1.FRFCFS-WQF.channel1.rank0.bank4.subarray0.averageWriteTime 60
i0.defaultMemory.channel1.FRFCFS-WQF.channel1.rank0.bank4.subarray0.measuredWriteTimes 1504
i0.defaultMemory.channel1.FRFCFS-WQF.channel1.rank0.bank4.subarray0.mlcTimingHisto {}
i0.defaultMemory.channel1.FRFCFS-WQF.channel1.rank0.bank4.subarray0.cancelCountHisto {0: 1503}
i0.defaultMemory.channel1.FRFCFS-WQF.channel1.rank0.bank4.subarray0.wpPauseHisto {}
i0.defaultMemory.channel1.FRFCFS-WQF.channel1.rank0.bank4.subarray0.wpCancelHisto {}
i0.defaultMemory.channel1.FRFCFS-WQF.channel1.rank0.bank4.bankEnergy 62581.2nJ
i0.defaultMemory.channel1.FRFCFS-WQF.channel1.rank0.bank4.activeEnergy 14.8596nJ
i0.defaultMemory.channel1.FRFCFS-WQF.channel1.rank0.bank4.burstEnergy 2536.44nJ
i0.defaultMemory.channel1.FRFCFS-WQF.channel1.rank0.bank4.refreshEnergy 0nJ
i0.defaultMemory.channel1.FRFCFS-WQF.channel1.rank0.bank4.bankPower 4.51312e+07W
i0.defaultMemory.channel1.FRFCFS-WQF.channel1.rank0.bank4.activePower 10716.2W
i0.defaultMemory.channel1.FRFCFS-WQF.channel1.rank0.bank4.burstPower 1.82919e+06W
i0.defaultMemory.channel1.FRFCFS-WQF.channel1.rank0.bank4.refreshPower 0W
i0.defaultMemory.channel1.FRFCFS-WQF.channel1.rank0.bank4.bandwidth 748.691MB/s
i0.defaultMemory.channel1.FRFCFS-WQF.channel1.rank0.bank4.dataCycles 12160
i0.defaultMemory.channel1.FRFCFS-WQF.channel1.rank0.bank4.powerCycles 1386649
i0.defaultMemory.channel1.FRFCFS-WQF.channel1.rank0.bank4.utilization 0.00876934
i0.defaultMemory.channel1.FRFCFS-WQF.channel1.rank0.bank4.reads 1536
i0.defaultMemory.channel1.FRFCFS-WQF.channel1.rank0.bank4.writes 1504
i0.defaultMemory.channel1.FRFCFS-WQF.channel1.rank0.bank4.activates 183
i0.defaultMemory.channel1.FRFCFS-WQF.channel1.rank0.bank4.precharges 182
i0.defaultMemory.channel1.FRFCFS-WQF.channel1.rank0.bank4.refreshes 0
i0.defaultMemory.channel1.FRFCFS-WQF.channel1.rank0.bank4.activeCycles 1153873
i0.defaultMemory.channel1.FRFCFS-WQF.channel1.rank0.bank4.standbyCycles 232776
i0.defaultMemory.channel1.FRFCFS-WQF.channel1.rank0.bank4.fastExitActiveCycles 0
i0.defaultMemory.channel1.FRFCFS-WQF.channel1.rank0.bank4.fastExitPrechargeCycles 0
i0.defaultMemory.channel1.FRFCFS-WQF.channel1.rank0.bank4.slowExitPrechargeCycles 0
i0.defaultMemory.channel1.FRFCFS-WQF.channel1.rank0.bank4.actWaits 0
i0.defaultMemory.channel1.FRFCFS-WQF.channel1.rank0.bank4.actWaitTotal 0
i0.defaultMemory.channel1.FRFCFS-WQF.channel1.rank0.bank4.actWaitAverage -nan
i0.defaultMemory.channel1.FRFCFS-WQF.channel1.rank0.bank4.averageEndurance 0
i0.defaultMemory.channel1.FRFCFS-WQF.channel1.rank0.bank4.worstCaseEndurance 18446744073709551615
i0.defaultMemory.channel1.FRFCFS-WQF.channel1.rank0.bank5.subarray0.subArrayEnergy 62580.8nJ
i0.defaultMemory.channel1.FRFCFS-WQF.channel1.rank0.bank5.subarray0.activeEnergy 14.5348nJ
i0.defaultMemory.channel1.FRFCFS-WQF.channel1.rank0.bank5.subarray0.burstEnergy 2536.44nJ
i0.defaultMemory.channel1.FRFCFS-WQF.channel1.rank0.bank5.subarray0.writeEnergy 60029.9nJ
i0.defaultMemory.channel1.FRFCFS-WQF.channel1.rank0.bank5.subarray0.refreshEnergy 0nJ
i0.defaultMemory.channel1.FRFCFS-WQF.channel1.rank0.bank5.subarray0.cancelledWrites 0
i0.defaultMemory.channel1.FRFCFS-WQF.channel1.rank0.bank5.subarray0.cancelledWriteTime 0
i0.defaultMemory.channel1.FRFCFS-WQF.channel1.rank0.bank5.subarray0.pausedWrites 0
i0.defaultMemory.channel1.FRFCFS-WQF.channel1.rank0.bank5.subarray0.averagePausesPerRequest 0
i0.defaultMemory.channel1.FRFCFS-WQF.channel1.rank0.bank5.subarray0.measuredPauses 1504
i0.defaultMemory.channel1.FRFCFS-WQF.channel1.rank0.bank5.subarray0.averagePausedRequestProgress 0
i0.defaultMemory.channel1.FRFCFS-WQF.channel1.rank0.bank5.subarray0.measuredProgresses 0
i0.defaultMemory.channel1.FRFCFS-WQF.channel1.rank0.bank5.subarray0.reads 1536
i0.defaultMemory.channel1.FRFCFS-WQF.channel1.rank0.bank5.subarray0.writes 1504
i0.defaultMemory.channel1.FRFCFS-WQF.channel1.rank0.bank5.subarray0.activates 179
i0.defaultMemory.channel1.FRFCFS-WQF.channel1.rank0.bank5.subarray0.precharges 178
i0.defaultMemory.channel1.FRFCFS-WQF.channel1.rank0.bank5.subarray0.refreshes 0
i0.defaultMemory.channel1.FRFCFS-WQF.channel1.rank0.bank5.subarray0.worstCaseEndurance 18446744073709551615
i0.defaultMemory.channel1.FRFCFS-WQF.channel1.rank0.bank5.subarray0.averageEndurance 0
i0.defaultMemory.channel1.FRFCFS-WQF.channel1.rank0.bank5.subarray0.actWaits 0
i0.defaultMemory.channel1.FRFCFS-WQF.channel1.rank0.bank5.subarray0.actWaitTotal 0
i0.defaultMemory.channel1.FRFCFS-WQF.channel1.rank0.bank5.subarray0.actWaitAverage -nan
i0.defaultMemory.channel1.FRFCFS-WQF.channel1.rank0.bank5.subarray0.worstCaseWrite 0
i0.defaultMemory.channel1.FRFCFS-WQF.channel1.rank0.bank5.subarray0.num00Writes 0
i0.defaultMemory.channel1.FRFCFS-WQF.channel1.rank0.bank5.subarray0.num01Writes 0
i0.defaultMemory.channel1.FRFCFS-WQF.channel1.rank0.bank5.subarray0.num10Writes 0
i0.defaultMemory.channel1.FRFCFS-WQF.channel1.rank0.bank5.subarray0.num11Writes 0
i0.defaultMemory.channel1.FRFCFS-WQF.channel1.rank0.bank5.subarray0.averageWriteTime 60
i0.defaultMemory.channel1.FRFCFS-WQF.channel1.rank0.bank5.subarray0.measuredWriteTimes 1504
i0.defaultMemory.channel1.FRFCFS-WQF.channel1.rank0.bank5.subarray0.mlcTimingHisto {}
i0.defaultMemory.channel1.FRFCFS-WQF.channel1.rank0.bank5.subarray0.cancelCountHisto {0: 1503}
i0.defaultMemory.channel1.FRFCFS-WQF.channel1.rank0.bank5.subarray0.wpPauseHisto {}
i0.defaultMemory.channel1.FRFCFS-WQF.channel1.rank0.bank5.subarray0.wpCancelHisto {}
i0.defaultMemory.channel1.FRFCFS-WQF.channel1.rank0.bank5.bankEnergy 62580.8nJ
i0.defaultMemory.channel1.FRFCFS-WQF.channel1.rank0.bank5.activeEnergy 14.5348nJ
i0.defaultMemory.channel1.FRFCFS-WQF.channel1.rank0.bank5.burstEnergy 2536.44nJ
i0.defaultMemory.channel1.FRFCFS-WQF.channel1.rank0.bank5.refreshEnergy 0nJ
i0.defaultMemory.channel1.FRFCFS-WQF.channel1.rank0.bank5.bankPower 4.5131e+07W
i0.defaultMemory.channel1.FRFCFS-WQF.channel1.rank0.bank5.activePower 10482W
i0.defaultMemory.channel1.FRFCFS-WQF.channel1.rank0.bank5.burstPower 1.82919e+06W
i0.defaultMemory.channel1.FRFCFS-WQF.channel1.rank0.bank5.refreshPower 0W
i0.defaultMemory.channel1.FRFCFS-WQF.channel1.rank0.bank5.bandwidth 748.691MB/s
i0.defaultMemory.channel1.FRFCFS-WQF.channel1.rank0.bank5.dataCycles 12160
i0.defaultMemory.channel1.FRFCFS-WQF.channel1.rank0.bank5.powerCycles 1386649
i0.defaultMemory.channel1.FRFCFS-WQF.channel1.rank0.bank5.utilization 0.00876934
i0.defaultMemory.channel1.FRFCFS-WQF.channel1.rank0.bank5.reads 1536
i0.defaultMemory.channel1.FRFCFS-WQF.channel1.rank0.bank5.writes 1504
i0.defaultMemory.channel1.FRFCFS-WQF.channel1.rank0.bank5.activates 179
i0.defaultMemory.channel1.FRFCFS-WQF.channel1.rank0.bank5.precharges 178
i0.defaultMemory.channel1.FRFCFS-WQF.channel1.rank0.bank5.refreshes 0
i0.defaultMemory.channel1.FRFCFS-WQF.channel1.rank0.bank5.activeCycles 1154100
i0.defaultMemory.channel1.FRFCFS-WQF.channel1.rank0.bank5.standbyCycles 232549
i0.defaultMemory.channel1.FRFCFS-WQF.channel1.rank0.bank5.fastExitActiveCycles 0
i0.defaultMemory.channel1.FRFCFS-WQF.channel1.rank0.bank5.fastExitPrechargeCycles 0
i0.defaultMemory.channel1.FRFCFS-WQF.channel1.rank0.bank5.slowExitPrechargeCycles 0
i0.defaultMemory.channel1.FRFCFS-WQF.channel1.rank0.bank5.actWaits 0
i0.defaultMemory.channel1.FRFCFS-WQF.channel1.rank0.bank5.actWaitTotal 0
i0.defaultMemory.channel1.FRFCFS-WQF.channel1.rank0.bank5.actWaitAverage -nan
i0.defaultMemory.channel1.FRFCFS-WQF.channel1.rank0.bank5.averageEndurance 0
i0.defaultMemory.channel1.FRFCFS-WQF.channel1.rank0.bank5.worstCaseEndurance 18446744073709551615
i0.defaultMemory.channel1.FRFCFS-WQF.channel1.rank0.bank6.subarray0.subArrayEnergy 62706nJ
i0.defaultMemory.channel1.FRFCFS-WQF.channel1.rank0.bank6.subarray0.activeEnergy 14.9408nJ
i0.defaultMemory.channel1.FRFCFS-WQF.channel1.rank0.bank6.subarray0.burstEnergy 2541.51nJ
i0.defaultMemory.channel1.FRFCFS-WQF.channel1.rank0.bank6.subarray0.writeEnergy 60149.6nJ
i0.defaultMemory.channel1.FRFCFS-WQF.channel1.rank0.bank6.subarray0.refreshEnergy 0nJ
i0.defaultMemory.channel1.FRFCFS-WQF.channel1.rank0.bank6.subarray0.cancelledWrites 0
i0.defaultMemory.channel1.FRFCFS-WQF.channel1.rank0.bank6.subarray0.cancelledWriteTime 0
i0.defaultMemory.channel1.FRFCFS-WQF.channel1.rank0.bank6.subarray0.pausedWrites 0
i0.defaultMemory.channel1.FRFCFS-WQF.channel1.rank0.bank6.subarray0.averagePausesPerRequest 0
i0.defaultMemory.channel1.FRFCFS-WQF.channel1.rank0.bank6.subarray0.measuredPauses 1507
i0.defaultMemory.channel1.FRFCFS-WQF.channel1.rank0.bank6.subarray0.averagePausedRequestProgress 0
i0.defaultMemory.channel1.FRFCFS-WQF.channel1.rank0.bank6.subarray0.measuredProgresses 0
i0.defaultMemory.channel1.FRFCFS-WQF.channel1.rank0.bank6.subarray0.reads 1544
i0.defaultMemory.channel1.FRFCFS-WQF.channel1.rank0.bank6.subarray0.writes 1507
i0.defaultMemory.channel1.FRFCFS-WQF.channel1.rank0.bank6.subarray0.activates 184
i0.defaultMemory.channel1.FRFCFS-WQF.channel1.rank0.bank6.subarray0.precharges 183
i0.defaultMemory.channel1.FRFCFS-WQF.channel1.rank0.bank6.subarray0.refreshes 0
i0.defaultMemory.channel1.FRFCFS-WQF.channel1.rank0.bank6.subarray0.worstCaseEndurance 18446744073709551615
i0.defaultMemory.channel1.FRFCFS-WQF.channel1.rank0.bank6.subarray0.averageEndurance 0
i0.defaultMemory.channel1.FRFCFS-WQF.channel1.rank0.bank6.subarray0.actWaits 0
i0.defaultMemory.channel1.FRFCFS-WQF.channel1.rank0.bank6.subarray0.actWaitTotal 0
i0.defaultMemory.channel1.FRFCFS-WQF.channel1.rank0.bank6.subarray0.actWaitAverage -nan
i0.defaultMemory.channel1.FRFCFS-WQF.channel1.rank0.bank6.subarray0.worstCaseWrite 0
i0.defaultMemory.channel1.FRFCFS-WQF.channel1.rank0.bank6.subarray0.num00Writes 0
i0.defaultMemory.channel1.FRFCFS-WQF.channel1.rank0.bank6.subarray0.num01Writes 0
i0.defaultMemory.channel1.FRFCFS-WQF.channel1.rank0.bank6.subarray0.num10Writes 0
i0.defaultMemory.channel1.FRFCFS-WQF.channel1.rank0.bank6.subarray0.num11Writes 0
i0.defaultMemory.channel1.FRFCFS-WQF.channel1.rank0.bank6.subarray0.averageWriteTime 60
i0.defaultMemory.channel1.FRFCFS-WQF.channel1.rank0.bank6.subarray0.measuredWriteTimes 1507
i0.defaultMemory.channel1.FRFCFS-WQF.channel1.rank0.bank6.subarray0.mlcTimingHisto {}
i0.defaultMemory.channel1.FRFCFS-WQF.channel1.rank0.bank6.subarray0.cancelCountHisto {0: 1506}
i0.defaultMemory.channel1.FRFCFS-WQF.channel1.rank0.bank6.subarray0.wpPauseHisto {}
i0.defaultMemory.channel1.FRFCFS-WQF.channel1.rank0.bank6.subarray0.wpCancelHisto {}
i0.defaultMemory.channel1.FRFCFS-WQF.channel1.rank0.bank6.bankEnergy 62706nJ
i0.defaultMemory.channel1.FRFCFS-WQF.channel1.rank0.bank6.activeEnergy 14.9408nJ
i0.defaultMemory.channel1.FRFCFS-WQF.channel1.rank0.bank6.burstEnergy 2541.51nJ
i0.defaultMemory.channel1.FRFCFS-WQF.channel1.rank0.bank6.refreshEnergy 0nJ
i0.defaultMemory.channel1.FRFCFS-WQF.channel1.rank0.bank6.bankPower 4.52213e+07W
i0.defaultMemory.channel1.FRFCFS-WQF.channel1.rank0.bank6.activePower 10774.8W
i0.defaultMemory.channel1.FRFCFS-WQF.channel1.rank0.bank6.burstPower 1.83284e+06W
i0.defaultMemory.channel1.FRFCFS-WQF.channel1.rank0.bank6.refreshPower 0W
i0.defaultMemory.channel1.FRFCFS-WQF.channel1.rank0.bank6.bandwidth 751.4MB/s
i0.defaultMemory.channel1.FRFCFS-WQF.channel1.rank0.bank6.dataCycles 12204
i0.defaultMemory.channel1.FRFCFS-WQF.channel1.rank0.bank6.powerCycles 1386649
i0.defaultMemory.channel1.FRFCFS-WQF.channel1.rank0.bank6.utilization 0.00880107
i0.defaultMemory.channel1.FRFCFS-WQF.channel1.rank0.bank6.reads 1544
i0.defaultMemory.channel1.FRFCFS-WQF.channel1.rank0.bank6.writes 1507
i0.defaultMemory.channel1.FRFCFS-WQF.channel1.rank0.bank6.activates 184
i0.defaultMemory.channel1.FRFCFS-WQF.channel1.rank0.bank6.precharges 183
i0.defaultMemory.channel1.FRFCFS-WQF.channel1.rank0.bank6.refreshes 0
i0.defaultMemory.channel1.FRFCFS-WQF.channel1.rank0.bank6.activeCycles 1165108
i0.defaultMemory.channel1.FRFCFS-WQF.channel1.rank0.bank6.standbyCycles 221541
i0.defaultMemory.channel1.FRFCFS-WQF.channel1.rank0.bank6.fastExitActiveCycles 0
i0.defaultMemory.channel1.FRFCFS-WQF.channel1.rank0.bank6.fastExitPrechargeCycles 0
i0.defaultMemory.channel1.FRFCFS-WQF.channel1.rank0.bank6.slowExitPrechargeCycles 0
i0.defaultMemory.channel1.FRFCFS-WQF.channel1.rank0.bank6.actWaits 0
i0.defaultMemory.channel1.FRFCFS-WQF.channel1.rank0.bank6.actWaitTotal 0
i0.defaultMemory.channel1.FRFCFS-WQF.channel1.rank0.bank6.actWaitAverage -nan
i0.defaultMemory.channel1.FRFCFS-WQF.channel1.rank0.bank6.averageEndurance 0
i0.defaultMemory.channel1.FRFCFS-WQF.channel1.rank0.bank6.worstCaseEndurance 18446744073709551615
i0.defaultMemory.channel1.FRFCFS-WQF.channel1.rank0.bank7.subarray0.subArrayEnergy 62664.8nJ
i0.defaultMemory.channel1.FRFCFS-WQF.channel1.rank0.bank7.subarray0.activeEnergy 15.2656nJ
i0.defaultMemory.channel1.FRFCFS-WQF.channel1.rank0.bank7.subarray0.burstEnergy 2539.81nJ
i0.defaultMemory.channel1.FRFCFS-WQF.channel1.rank0.bank7.subarray0.writeEnergy 60109.7nJ
i0.defaultMemory.channel1.FRFCFS-WQF.channel1.rank0.bank7.subarray0.refreshEnergy 0nJ
i0.defaultMemory.channel1.FRFCFS-WQF.channel1.rank0.bank7.subarray0.cancelledWrites 0
i0.defaultMemory.channel1.FRFCFS-WQF.channel1.rank0.bank7.subarray0.cancelledWriteTime 0
i0.defaultMemory.channel1.FRFCFS-WQF.channel1.rank0.bank7.subarray0.pausedWrites 0
i0.defaultMemory.channel1.FRFCFS-WQF.channel1.rank0.bank7.subarray0.averagePausesPerRequest 0
i0.defaultMemory.channel1.FRFCFS-WQF.channel1.rank0.bank7.subarray0.measuredPauses 1506
i0.defaultMemory.channel1.FRFCFS-WQF.channel1.rank0.bank7.subarray0.averagePausedRequestProgress 0
i0.defaultMemory.channel1.FRFCFS-WQF.channel1.rank0.bank7.subarray0.measuredProgresses 0
i0.defaultMemory.channel1.FRFCFS-WQF.channel1.rank0.bank7.subarray0.reads 1540
i0.defaultMemory.channel1.FRFCFS-WQF.channel1.rank0.bank7.subarray0.writes 1506
i0.defaultMemory.channel1.FRFCFS-WQF.channel1.rank0.bank7.subarray0.activates 188
i0.defaultMemory.channel1.FRFCFS-WQF.channel1.rank0.bank7.subarray0.precharges 187
i0.defaultMemory.channel1.FRFCFS-WQF.channel1.rank0.bank7.subarray0.refreshes 0
i0.defaultMemory.channel1.FRFCFS-WQF.channel1.rank0.bank7.subarray0.worstCaseEndurance 18446744073709551615
i0.defaultMemory.channel1.FRFCFS-WQF.channel1.rank0.bank7.subarray0.averageEndurance 0
i0.defaultMemory.channel1.FRFCFS-WQF.channel1.rank0.bank7.subarray0.actWaits 0
i0.defaultMemory.channel1.FRFCFS-WQF.channel1.rank0.bank7.subarray0.actWaitTotal 0
i0.defaultMemory.channel1.FRFCFS-WQF.channel1.rank0.bank7.subarray0.actWaitAverage -nan
i0.defaultMemory.channel1.FRFCFS-WQF.channel1.rank0.bank7.subarray0.worstCaseWrite 0
i0.defaultMemory.channel1.FRFCFS-WQF.channel1.rank0.bank7.subarray0.num00Writes 0
i0.defaultMemory.channel1.FRFCFS-WQF.channel1.rank0.bank7.subarray0.num01Writes 0
i0.defaultMemory.channel1.FRFCFS-WQF.channel1.rank0.bank7.subarray0.num10Writes 0
i0.defaultMemory.channel1.FRFCFS-WQF.channel1.rank0.bank7.subarray0.num11Writes 0
i0.defaultMemory.channel1.FRFCFS-WQF.channel1.rank0.bank7.subarray0.averageWriteTime 60
i0.defaultMemory.channel1.FRFCFS-WQF.channel1.rank0.bank7.subarray0.measuredWriteTimes 1506
i0.defaultMemory.channel1.FRFCFS-WQF.channel1.rank0.bank7.subarray0.mlcTimingHisto {}
i0.defaultMemory.channel1.FRFCFS-WQF.channel1.rank0.bank7.subarray0.cancelCountHisto {0: 1505}
i0.defaultMemory.channel1.FRFCFS-WQF.channel1.rank0.bank7.subarray0.wpPauseHisto {}
i0.defaultMemory.channel1.FRFCFS-WQF.channel1.rank0.bank7.subarray0.wpCancelHisto {}
i0.defaultMemory.channel1.FRFCFS-WQF.channel1.rank0.bank7.bankEnergy 62664.8nJ
i0.defaultMemory.channel1.FRFCFS-WQF.channel1.rank0.bank7.activeEnergy 15.2656nJ
i0.defaultMemory.channel1.FRFCFS-WQF.channel1.rank0.bank7.burstEnergy 2539.81nJ
i0.defaultMemory.channel1.FRFCFS-WQF.channel1.rank0.bank7.refreshEnergy 0nJ
i0.defaultMemory.channel1.FRFCFS-WQF.channel1.rank0.bank7.bankPower 4.51915e+07W
i0.defaultMemory.channel1.FRFCFS-WQF.channel1.rank0.bank7.activePower 11009W
i0.defaultMemory.channel1.FRFCFS-WQF.channel1.rank0.bank7.burstPower 1.83162e+06W
i0.defaultMemory.channel1.FRFCFS-WQF.channel1.rank0.bank7.refreshPower 0W
i0.defaultMemory.channel1.FRFCFS-WQF.channel1.rank0.bank7.bandwidth 750.169MB/s
i0.defaultMemory.channel1.FRFCFS-WQF.channel1.rank0.bank7.dataCycles 12184
i0.defaultMemory.channel1.FRFCFS-WQF.channel1.rank0.bank7.powerCycles 1386649
i0.defaultMemory.channel1.FRFCFS-WQF.channel1.rank0.bank7.utilization 0.00878665
i0.defaultMemory.channel1.FRFCFS-WQF.channel1.rank0.bank7.reads 1540
i0.defaultMemory.channel1.FRFCFS-WQF.channel1.rank0.bank7.writes 1506
i0.defaultMemory.channel1.FRFCFS-WQF.channel1.rank0.bank7.activates 188
i0.defaultMemory.channel1.FRFCFS-WQF.channel1.rank0.bank7.precharges 187
i0.defaultMemory.channel1.FRFCFS-WQF.channel1.rank0.bank7.refreshes 0
i0.defaultMemory.channel1.FRFCFS-WQF.channel1.rank0.bank7.activeCycles 1162418
i0.defaultMemory.channel1.FRFCFS-WQF.channel1.rank0.bank7.standbyCycles 224231
i0.defaultMemory.channel1.FRFCFS-WQF.channel1.rank0.bank7.fastExitActiveCycles 0
i0.defaultMemory.channel1.FRFCFS-WQF.channel1.rank0.bank7.fastExitPrechargeCycles 0
i0.defaultMemory.channel1.FRFCFS-WQF.channel1.rank0.bank7.slowExitPrechargeCycles 0
i0.defaultMemory.channel1.FRFCFS-WQF.channel1.rank0.bank7.actWaits 0
i0.defaultMemory.channel1.FRFCFS-WQF.channel1.rank0.bank7.actWaitTotal 0
i0.defaultMemory.channel1.FRFCFS-WQF.channel1.rank0.bank7.actWaitAverage -nan
i0.defaultMemory.channel1.FRFCFS-WQF.channel1.rank0.bank7.averageEndurance 0
i0.defaultMemory.channel1.FRFCFS-WQF.channel1.rank0.bank7.worstCaseEndurance 18446744073709551615
i0.defaultMemory.channel1.FRFCFS-WQF.channel1.rank0.totalEnergy 647032nJ
i0.defaultMemory.channel1.FRFCFS-WQF.channel1.rank0.backgroundEnergy 124923nJ
i0.defaultMemory.channel1.FRFCFS-WQF.channel1.rank0.activateEnergy 123.83nJ
i0.defaultMemory.channel1.FRFCFS-WQF.channel1.rank0.burstEnergy 20332.1nJ
i0.defaultMemory.channel1.FRFCFS-WQF.channel1.rank0.refreshEnergy 0nJ
i0.defaultMemory.channel1.FRFCFS-WQF.channel1.rank0.totalPower 0.0699297W
i0.defaultMemory.channel1.FRFCFS-WQF.channel1.rank0.backgroundPower 0.06009W
i0.defaultMemory.channel1.FRFCFS-WQF.channel1.rank0.activatePower 5.95642e-05W
i0.defaultMemory.channel1.FRFCFS-WQF.channel1.rank0.burstPower 0.00978008W
i0.defaultMemory.channel1.FRFCFS-WQF.channel1.rank0.refreshPower 0W
i0.defaultMemory.channel1.FRFCFS-WQF.channel1.rank0.reads 12413
i0.defaultMemory.channel1.FRFCFS-WQF.channel1.rank0.writes 12056
i0.defaultMemory.channel1.FRFCFS-WQF.channel1.rank0.activeCycles 1386649
i0.defaultMemory.channel1.FRFCFS-WQF.channel1.rank0.standbyCycles 0
i0.defaultMemory.channel1.FRFCFS-WQF.channel1.rank0.fastExitActiveCycles 0
i0.defaultMemory.channel1.FRFCFS-WQF.channel1.rank0.fastExitPrechargeCycles 0
i0.defaultMemory.channel1.FRFCFS-WQF.channel1.rank0.slowExitCycles 0
i0.defaultMemory.channel1.FRFCFS-WQF.channel1.rank0.actWaits 461
i0.defaultMemory.channel1.FRFCFS-WQF.channel1.rank0.actWaitTotal 1250
i0.defaultMemory.channel1.FRFCFS-WQF.channel1.rank0.actWaitAverage 2.7115
i0.defaultMemory.channel1.FRFCFS-WQF.channel1.rank0.rrdWaits 461
i0.defaultMemory.channel1.FRFCFS-WQF.channel1.rank0.rrdWaitTotal 1250
i0.defaultMemory.channel1.FRFCFS-WQF.channel1.rank0.rrdWaitAverage 2.7115
i0.defaultMemory.channel1.FRFCFS-WQF.channel1.rank0.fawWaits 1
i0.defaultMemory.channel1.FRFCFS-WQF.channel1.rank0.fawWaitTotal 3
i0.defaultMemory.channel1.FRFCFS-WQF.channel1.rank0.fawWaitAverage 3
i0.defaultMemory.channel1.FRFCFS-WQF.mem_reads 12413
i0.defaultMemory.channel1.FRFCFS-WQF.mem_writes 12056
i0.defaultMemory.channel1.FRFCFS-WQF.rq_rb_hits 11820
i0.defaultMemory.channel1.FRFCFS-WQF.rq_rb_miss 593
i0.defaultMemory.channel1.FRFCFS-WQF.wq_rb_hits 11124
i0.defaultMemory.channel1.FRFCFS-WQF.wq_rb_miss 932
i0.defaultMemory.channel1.FRFCFS-WQF.total_drains 751
i0.defaultMemory.channel1.FRFCFS-WQF.total_drain_writes 12016
i0.defaultMemory.channel1.FRFCFS-WQF.average_writes_per_drain 16
i0.defaultMemory.channel1.FRFCFS-WQF.minimum_drain_writes 16
i0.defaultMemory.channel1.FRFCFS-WQF.maximum_drain_writes 16
i0.defaultMemory.channel1.FRFCFS-WQF.total_drain_cycles 362827
i0.defaultMemory.channel1.FRFCFS-WQF.average_drain_cycles 483.125
i0.defaultMemory.channel1.FRFCFS-WQF.minimum_drain_cycles 371
i0.defaultMemory.channel1.FRFCFS-WQF.maximum_drain_cycles 590
i0.defaultMemory.channel1.FRFCFS-WQF.total_non_drain_cycles 1368932
i0.defaultMemory.channel1.FRFCFS-WQF.average_drain_spacing 1822.81
i0.defaultMemory.channel1.FRFCFS-WQF.minimum_drain_spacing 467
i0.defaultMemory.channel1.FRFCFS-WQF.maximum_drain_spacing 3400
i0.defaultMemory.channel1.FRFCFS-WQF.total_read_cycles 1006105
i0.defaultMemory.channel1.FRFCFS-WQF.average_read_spacing 1339.69
i0.defaultMemory.channel1.FRFCFS-WQF.minimum_read_spacing 0
i0.defaultMemory.channel1.FRFCFS-WQF.maximum_read_spacing 2956
i0.defaultMemory.channel1.FRFCFS-WQF.total_readqueue_size 17066
i0.defaultMemory.channel1.FRFCFS-WQF.average_predrain_readqueue_size 22.7244
i0.defaultMemory.channel1.FRFCFS-WQF.minimum_predrain_readqueue_size 13
i0.defaultMemory.channel1.FRFCFS-WQF.maximum_predrain_readqueue_size 32
i0.defaultMemory.channel1.FRFCFS-WQF.total_reads_during_drain 0
i0.defaultMemory.channel1.FRFCFS-WQF.average_reads_during_drain 0
i0.defaultMemory.channel1.FRFCFS-WQF.minimum_reads_during_drain 0
i0.defaultMemory.channel1.FRFCFS-WQF.maximum_reads_during_drain 0
i0.defaultMemory.channel1.FRFCFS-WQF.starvation_precharges 1318
i0.defaultMemory.channel1.FRFCFS-WQF.averageLatency 79.9827
i0.defaultMemory.channel1.FRFCFS-WQF.averageQueueLatency 1542.66
i0.defaultMemory.channel1.FRFCFS-WQF.averageTotalLatency 1622.64
i0.defaultMemory.channel1.FRFCFS-WQF.measuredLatencies 24469
i0.defaultMemory.channel1.FRFCFS-WQF.measuredQueueLatencies 24469
i0.defaultMemory.channel1.FRFCFS-WQF.measuredTotalLatencies 24469
i0.defaultMemory.channel1.FRFCFS-WQF.simulation_cycles 1386649
i0.defaultMemory.channel1.FRFCFS-WQF.wakeupCount 42816
i0.defaultMemory.channel2.FRFCFS-WQF.channel2.rank0.bank0.subarray0.subArrayEnergy 62580.9nJ
i0.defaultMemory.channel2.FRFCFS-WQF.channel2.rank0.bank0.subarray0.activeEnergy 14.616nJ
i0.defaultMemory.channel2.FRFCFS-WQF.channel2.rank0.bank0.subarray0.burstEnergy 2536.45nJ
i0.defaultMemory.channel2.FRFCFS-WQF.channel2.rank0.bank0.subarray0.writeEnergy 60029.9nJ
i0.defaultMemory.channel2.FRFCFS-WQF.channel2.rank0.bank0.subarray0.refreshEnergy 0nJ
i0.defaultMemory.channel2.FRFCFS-WQF.channel2.rank0.bank0.subarray0.cancelledWrites 0
i0.defaultMemory.channel2.FRFCFS-WQF.channel2.rank0.bank0.subarray0.cancelledWriteTime 0
i0.defaultMemory.channel2.FRFCFS-WQF.channel2.rank0.bank0.subarray0.pausedWrites 0
i0.defaultMemory.channel2.FRFCFS-WQF.channel2.rank0.bank0.subarray0.averagePausesPerRequest 0
i0.defaultMemory.channel2.FRFCFS-WQF.channel2.rank0.bank0.subarray0.measuredPauses 1504
i0.defaultMemory.channel2.FRFCFS-WQF.channel2.rank0.bank0.subarray0.averagePausedRequestProgress 0
i0.defaultMemory.channel2.FRFCFS-WQF.channel2.rank0.bank0.subarray0.measuredProgresses 0
i0.defaultMemory.channel2.FRFCFS-WQF.channel2.rank0.bank0.subarray0.reads 1542
i0.defaultMemory.channel2.FRFCFS-WQF.channel2.rank0.bank0.subarray0.writes 1504
i0.defaultMemory.channel2.FRFCFS-WQF.channel2.rank0.bank0.subarray0.activates 180
i0.defaultMemory.channel2.FRFCFS-WQF.channel2.rank0.bank0.subarray0.precharges 179
i0.defaultMemory.channel2.FRFCFS-WQF.channel2.rank0.bank0.subarray0.refreshes 0
i0.defaultMemory.channel2.FRFCFS-WQF.channel2.rank0.bank0.subarray0.worstCaseEndurance 18446744073709551615
i0.defaultMemory.channel2.FRFCFS-WQF.channel2.rank0.bank0.subarray0.averageEndurance 0
i0.defaultMemory.channel2.FRFCFS-WQF.channel2.rank0.bank0.subarray0.actWaits 0
i0.defaultMemory.channel2.FRFCFS-WQF.channel2.rank0.bank0.subarray0.actWaitTotal 0
i0.defaultMemory.channel2.FRFCFS-WQF.channel2.rank0.bank0.subarray0.actWaitAverage -nan
i0.defaultMemory.channel2.FRFCFS-WQF.channel2.rank0.bank0.subarray0.worstCaseWrite 0
i0.defaultMemory.channel2.FRFCFS-WQF.channel2.rank0.bank0.subarray0.num00Writes 0
i0.defaultMemory.channel2.FRFCFS-WQF.channel2.rank0.bank0.subarray0.num01Writes 0
i0.defaultMemory.channel2.FRFCFS-WQF.channel2.rank0.bank0.subarray0.num10Writes 0
i0.defaultMemory.channel2.FRFCFS-WQF.channel2.rank0.bank0.subarray0.num11Writes 0
i0.defaultMemory.channel2.FRFCFS-WQF.channel2.rank0.bank0.subarray0.averageWriteTime 60
i0.defaultMemory.channel2.FRFCFS-WQF.channel2.rank0.bank0.subarray0.measuredWriteTimes 1504
i0.defaultMemory.channel2.FRFCFS-WQF.channel2.rank0.bank0.subarray0.mlcTimingHisto {}
i0.defaultMemory.channel2.FRFCFS-WQF.channel2.rank0.bank0.subarray0.cancelCountHisto {0: 1503}
i0.defaultMemory.channel2.FRFCFS-WQF.channel2.rank0.bank0.subarray0.wpPauseHisto {}
i0.defaultMemory.channel2.FRFCFS-WQF.channel2.rank0.bank0.subarray0.wpCancelHisto {}
i0.defaultMemory.channel2.FRFCFS-WQF.channel2.rank0.bank0.bankEnergy 62580.9nJ
i0.defaultMemory.channel2.FRFCFS-WQF.channel2.rank0.bank0.activeEnergy 14.616nJ
i0.defaultMemory.channel2.FRFCFS-WQF.channel2.rank0.bank0.burstEnergy 2536.45nJ
i0.defaultMemory.channel2.FRFCFS-WQF.channel2.rank0.bank0.refreshEnergy 0nJ
i0.defaultMemory.channel2.FRFCFS-WQF.channel2.rank0.bank0.bankPower 4.51311e+07W
i0.defaultMemory.channel2.FRFCFS-WQF.channel2.rank0.bank0.activePower 10540.5W
i0.defaultMemory.channel2.FRFCFS-WQF.channel2.rank0.bank0.burstPower 1.82919e+06W
i0.defaultMemory.channel2.FRFCFS-WQF.channel2.rank0.bank0.refreshPower 0W
i0.defaultMemory.channel2.FRFCFS-WQF.channel2.rank0.bank0.bandwidth 750.169MB/s
i0.defaultMemory.channel2.FRFCFS-WQF.channel2.rank0.bank0.dataCycles 12184
i0.defaultMemory.channel2.FRFCFS-WQF.channel2.rank0.bank0.powerCycles 1386649
i0.defaultMemory.channel2.FRFCFS-WQF.channel2.rank0.bank0.utilization 0.00878665
i0.defaultMemory.channel2.FRFCFS-WQF.channel2.rank0.bank0.reads 1542
i0.defaultMemory.channel2.FRFCFS-WQF.channel2.rank0.bank0.writes 1504
i0.defaultMemory.channel2.FRFCFS-WQF.channel2.rank0.bank0.activates 180
i0.defaultMemory.channel2.FRFCFS-WQF.channel2.rank0.bank0.precharges 179
i0.defaultMemory.channel2.FRFCFS-WQF.channel2.rank0.bank0.refreshes 0
i0.defaultMemory.channel2.FRFCFS-WQF.channel2.rank0.bank0.activeCycles 1146185
i0.defaultMemory.channel2.FRFCFS-WQF.channel2.rank0.bank0.standbyCycles 240464
i0.defaultMemory.channel2.FRFCFS-WQF.channel2.rank0.bank0.fastExitActiveCycles 0
i0.defaultMemory.channel2.FRFCFS-WQF.channel2.rank0.bank0.fastExitPrechargeCycles 0
i0.defaultMemory.channel2.FRFCFS-WQF.channel2.rank0.bank0.slowExitPrechargeCycles 0
i0.defaultMemory.channel2.FRFCFS-WQF.channel2.rank0.bank0.actWaits 0
i0.defaultMemory.channel2.FRFCFS-WQF.channel2.rank0.bank0.actWaitTotal 0
i0.defaultMemory.channel2.FRFCFS-WQF.channel2.rank0.bank0.actWaitAverage -nan
i0.defaultMemory.channel2.FRFCFS-WQF.channel2.rank0.bank0.averageEndurance 0
i0.defaultMemory.channel2.FRFCFS-WQF.channel2.rank0.bank0.worstCaseEndurance 18446744073709551615
i0.defaultMemory.channel2.FRFCFS-WQF.channel2.rank0.bank1.subarray0.subArrayEnergy 62998.3nJ
i0.defaultMemory.channel2.FRFCFS-WQF.channel2.rank0.bank1.subarray0.activeEnergy 15.9152nJ
i0.defaultMemory.channel2.FRFCFS-WQF.channel2.rank0.bank1.subarray0.burstEnergy 2553.34nJ
i0.defaultMemory.channel2.FRFCFS-WQF.channel2.rank0.bank1.subarray0.writeEnergy 60429nJ
i0.defaultMemory.channel2.FRFCFS-WQF.channel2.rank0.bank1.subarray0.refreshEnergy 0nJ
i0.defaultMemory.channel2.FRFCFS-WQF.channel2.rank0.bank1.subarray0.cancelledWrites 0
i0.defaultMemory.channel2.FRFCFS-WQF.channel2.rank0.bank1.subarray0.cancelledWriteTime 0
i0.defaultMemory.channel2.FRFCFS-WQF.channel2.rank0.bank1.subarray0.pausedWrites 0
i0.defaultMemory.channel2.FRFCFS-WQF.channel2.rank0.bank1.subarray0.averagePausesPerRequest 0
i0.defaultMemory.channel2.FRFCFS-WQF.channel2.rank0.bank1.subarray0.measuredPauses 1514
i0.defaultMemory.channel2.FRFCFS-WQF.channel2.rank0.bank1.subarray0.averagePausedRequestProgress 0
i0.defaultMemory.channel2.FRFCFS-WQF.channel2.rank0.bank1.subarray0.measuredProgresses 0
i0.defaultMemory.channel2.FRFCFS-WQF.channel2.rank0.bank1.subarray0.reads 1572
i0.defaultMemory.channel2.FRFCFS-WQF.channel2.rank0.bank1.subarray0.writes 1514
i0.defaultMemory.channel2.FRFCFS-WQF.channel2.rank0.bank1.subarray0.activates 196
i0.defaultMemory.channel2.FRFCFS-WQF.channel2.rank0.bank1.subarray0.precharges 195
i0.defaultMemory.channel2.FRFCFS-WQF.channel2.rank0.bank1.subarray0.refreshes 0
i0.defaultMemory.channel2.FRFCFS-WQF.channel2.rank0.bank1.subarray0.worstCaseEndurance 18446744073709551615
i0.defaultMemory.channel2.FRFCFS-WQF.channel2.rank0.bank1.subarray0.averageEndurance 0
i0.defaultMemory.channel2.FRFCFS-WQF.channel2.rank0.bank1.subarray0.actWaits 0
i0.defaultMemory.channel2.FRFCFS-WQF.channel2.rank0.bank1.subarray0.actWaitTotal 0
i0.defaultMemory.channel2.FRFCFS-WQF.channel2.rank0.bank1.subarray0.actWaitAverage -nan
i0.defaultMemory.channel2.FRFCFS-WQF.channel2.rank0.bank1.subarray0.worstCaseWrite 0
i0.defaultMemory.channel2.FRFCFS-WQF.channel2.rank0.bank1.subarray0.num00Writes 0
i0.defaultMemory.channel2.FRFCFS-WQF.channel2.rank0.bank1.subarray0.num01Writes 0
i0.defaultMemory.channel2.FRFCFS-WQF.channel2.rank0.bank1.subarray0.num10Writes 0
i0.defaultMemory.channel2.FRFCFS-WQF.channel2.rank0.bank1.subarray0.num11Writes 0
i0.defaultMemory.channel2.FRFCFS-WQF.channel2.rank0.bank1.subarray0.averageWriteTime 60
i0.defaultMemory.channel2.FRFCFS-WQF.channel2.rank0.bank1.subarray0.measuredWriteTimes 1514
i0.defaultMemory.channel2.FRFCFS-WQF.channel2.rank0.bank1.subarray0.mlcTimingHisto {}
i0.defaultMemory.channel2.FRFCFS-WQF.channel2.rank0.bank1.subarray0.cancelCountHisto {0: 1513}
i0.defaultMemory.channel2.FRFCFS-WQF.channel2.rank0.bank1.subarray0.wpPauseHisto {}
i0.defaultMemory.channel2.FRFCFS-WQF.channel2.rank0.bank1.subarray0.wpCancelHisto {}
i0.defaultMemory.channel2.FRFCFS-WQF.channel2.rank0.bank1.bankEnergy 62998.3nJ
i0.defaultMemory.channel2.FRFCFS-WQF.channel2.rank0.bank1.activeEnergy 15.9152nJ
i0.defaultMemory.channel2.FRFCFS-WQF.channel2.rank0.bank1.burstEnergy 2553.34nJ
i0.defaultMemory.channel2.FRFCFS-WQF.channel2.rank0.bank1.refreshEnergy 0nJ
i0.defaultMemory.channel2.FRFCFS-WQF.channel2.rank0.bank1.bankPower 4.5432e+07W
i0.defaultMemory.channel2.FRFCFS-WQF.channel2.rank0.bank1.activePower 11477.5W
i0.defaultMemory.channel2.FRFCFS-WQF.channel2.rank0.bank1.burstPower 1.84138e+06W
i0.defaultMemory.channel2.FRFCFS-WQF.channel2.rank0.bank1.refreshPower 0W
i0.defaultMemory.channel2.FRFCFS-WQF.channel2.rank0.bank1.bandwidth 760.02MB/s
i0.defaultMemory.channel2.FRFCFS-WQF.channel2.rank0.bank1.dataCycles 12344
i0.defaultMemory.channel2.FRFCFS-WQF.channel2.rank0.bank1.powerCycles 1386649
i0.defaultMemory.channel2.FRFCFS-WQF.channel2.rank0.bank1.utilization 0.00890204
i0.defaultMemory.channel2.FRFCFS-WQF.channel2.rank0.bank1.reads 1572
i0.defaultMemory.channel2.FRFCFS-WQF.channel2.rank0.bank1.writes 1514
i0.defaultMemory.channel2.FRFCFS-WQF.channel2.rank0.bank1.activates 196
i0.defaultMemory.channel2.FRFCFS-WQF.channel2.rank0.bank1.precharges 195
i0.defaultMemory.channel2.FRFCFS-WQF.channel2.rank0.bank1.refreshes 0
i0.defaultMemory.channel2.FRFCFS-WQF.channel2.rank0.bank1.activeCycles 1143076
i0.defaultMemory.channel2.FRFCFS-WQF.channel2.rank0.bank1.standbyCycles 243573
i0.defaultMemory.channel2.FRFCFS-WQF.channel2.rank0.bank1.fastExitActiveCycles 0
i0.defaultMemory.channel2.FRFCFS-WQF.channel2.rank0.bank1.fastExitPrechargeCycles 0
i0.defaultMemory.channel2.FRFCFS-WQF.channel2.rank0.bank1.slowExitPrechargeCycles 0
i0.defaultMemory.channel2.FRFCFS-WQF.channel2.rank0.bank1.actWaits 0
i0.defaultMemory.channel2.FRFCFS-WQF.channel2.rank0.bank1.actWaitTotal 0
i0.defaultMemory.channel2.FRFCFS-WQF.channel2.rank0.bank1.actWaitAverage -nan
i0.defaultMemory.channel2.FRFCFS-WQF.channel2.rank0.bank1.averageEndurance 0
i0.defaultMemory.channel2.FRFCFS-WQF.channel2.rank0.bank1.worstCaseEndurance 18446744073709551615
i0.defaultMemory.channel2.FRFCFS-WQF.channel2.rank0.bank2.subarray0.subArrayEnergy 63912.2nJ
i0.defaultMemory.channel2.FRFCFS-WQF.channel2.rank0.bank2.subarray0.activeEnergy 14.6972nJ
i0.defaultMemory.channel2.FRFCFS-WQF.channel2.rank0.bank2.subarray0.burstEnergy 2590.41nJ
i0.defaultMemory.channel2.FRFCFS-WQF.channel2.rank0.bank2.subarray0.writeEnergy 61307.1nJ
i0.defaultMemory.channel2.FRFCFS-WQF.channel2.rank0.bank2.subarray0.refreshEnergy 0nJ
i0.defaultMemory.channel2.FRFCFS-WQF.channel2.rank0.bank2.subarray0.cancelledWrites 0
i0.defaultMemory.channel2.FRFCFS-WQF.channel2.rank0.bank2.subarray0.cancelledWriteTime 0
i0.defaultMemory.channel2.FRFCFS-WQF.channel2.rank0.bank2.subarray0.pausedWrites 0
i0.defaultMemory.channel2.FRFCFS-WQF.channel2.rank0.bank2.subarray0.averagePausesPerRequest 0
i0.defaultMemory.channel2.FRFCFS-WQF.channel2.rank0.bank2.subarray0.measuredPauses 1536
i0.defaultMemory.channel2.FRFCFS-WQF.channel2.rank0.bank2.subarray0.averagePausedRequestProgress 0
i0.defaultMemory.channel2.FRFCFS-WQF.channel2.rank0.bank2.subarray0.measuredProgresses 0
i0.defaultMemory.channel2.FRFCFS-WQF.channel2.rank0.bank2.subarray0.reads 1569
i0.defaultMemory.channel2.FRFCFS-WQF.channel2.rank0.bank2.subarray0.writes 1536
i0.defaultMemory.channel2.FRFCFS-WQF.channel2.rank0.bank2.subarray0.activates 181
i0.defaultMemory.channel2.FRFCFS-WQF.channel2.rank0.bank2.subarray0.precharges 180
i0.defaultMemory.channel2.FRFCFS-WQF.channel2.rank0.bank2.subarray0.refreshes 0
i0.defaultMemory.channel2.FRFCFS-WQF.channel2.rank0.bank2.subarray0.worstCaseEndurance 18446744073709551615
i0.defaultMemory.channel2.FRFCFS-WQF.channel2.rank0.bank2.subarray0.averageEndurance 0
i0.defaultMemory.channel2.FRFCFS-WQF.channel2.rank0.bank2.subarray0.actWaits 0
i0.defaultMemory.channel2.FRFCFS-WQF.channel2.rank0.bank2.subarray0.actWaitTotal 0
i0.defaultMemory.channel2.FRFCFS-WQF.channel2.rank0.bank2.subarray0.actWaitAverage -nan
i0.defaultMemory.channel2.FRFCFS-WQF.channel2.rank0.bank2.subarray0.worstCaseWrite 0
i0.defaultMemory.channel2.FRFCFS-WQF.channel2.rank0.bank2.subarray0.num00Writes 0
i0.defaultMemory.channel2.FRFCFS-WQF.channel2.rank0.bank2.subarray0.num01Writes 0
i0.defaultMemory.channel2.FRFCFS-WQF.channel2.rank0.bank2.subarray0.num10Writes 0
i0.defaultMemory.channel2.FRFCFS-WQF.channel2.rank0.bank2.subarray0.num11Writes 0
i0.defaultMemory.channel2.FRFCFS-WQF.channel2.rank0.bank2.subarray0.averageWriteTime 60
i0.defaultMemory.channel2.FRFCFS-WQF.channel2.rank0.bank2.subarray0.measuredWriteTimes 1536
i0.defaultMemory.channel2.FRFCFS-WQF.channel2.rank0.bank2.subarray0.mlcTimingHisto {}
i0.defaultMemory.channel2.FRFCFS-WQF.channel2.rank0.bank2.subarray0.cancelCountHisto {0: 1535}
i0.defaultMemory.channel2.FRFCFS-WQF.channel2.rank0.bank2.subarray0.wpPauseHisto {}
i0.defaultMemory.channel2.FRFCFS-WQF.channel2.rank0.bank2.subarray0.wpCancelHisto {}
i0.defaultMemory.channel2.FRFCFS-WQF.channel2.rank0.bank2.bankEnergy 63912.2nJ
i0.defaultMemory.channel2.FRFCFS-WQF.channel2.rank0.bank2.activeEnergy 14.6972nJ
i0.defaultMemory.channel2.FRFCFS-WQF.channel2.rank0.bank2.burstEnergy 2590.41nJ
i0.defaultMemory.channel2.FRFCFS-WQF.channel2.rank0.bank2.refreshEnergy 0nJ
i0.defaultMemory.channel2.FRFCFS-WQF.channel2.rank0.bank2.bankPower 4.60911e+07W
i0.defaultMemory.channel2.FRFCFS-WQF.channel2.rank0.bank2.activePower 10599.1W
i0.defaultMemory.channel2.FRFCFS-WQF.channel2.rank0.bank2.burstPower 1.8681e+06W
i0.defaultMemory.channel2.FRFCFS-WQF.channel2.rank0.bank2.refreshPower 0W
i0.defaultMemory.channel2.FRFCFS-WQF.channel2.rank0.bank2.bandwidth 764.7MB/s
i0.defaultMemory.channel2.FRFCFS-WQF.channel2.rank0.bank2.dataCycles 12420
i0.defaultMemory.channel2.FRFCFS-WQF.channel2.rank0.bank2.powerCycles 1386649
i0.defaultMemory.channel2.FRFCFS-WQF.channel2.rank0.bank2.utilization 0.00895684
i0.defaultMemory.channel2.FRFCFS-WQF.channel2.rank0.bank2.reads 1569
i0.defaultMemory.channel2.FRFCFS-WQF.channel2.rank0.bank2.writes 1536
i0.defaultMemory.channel2.FRFCFS-WQF.channel2.rank0.bank2.activates 181
i0.defaultMemory.channel2.FRFCFS-WQF.channel2.rank0.bank2.precharges 180
i0.defaultMemory.channel2.FRFCFS-WQF.channel2.rank0.bank2.refreshes 0
i0.defaultMemory.channel2.FRFCFS-WQF.channel2.rank0.bank2.activeCycles 1144017
i0.defaultMemory.channel2.FRFCFS-WQF.channel2.rank0.bank2.standbyCycles 242632
i0.defaultMemory.channel2.FRFCFS-WQF.channel2.rank0.bank2.fastExitActiveCycles 0
i0.defaultMemory.channel2.FRFCFS-WQF.channel2.rank0.bank2.fastExitPrechargeCycles 0
i0.defaultMemory.channel2.FRFCFS-WQF.channel2.rank0.bank2.slowExitPrechargeCycles 0
i0.defaultMemory.channel2.FRFCFS-WQF.channel2.rank0.bank2.actWaits 0
i0.defaultMemory.channel2.FRFCFS-WQF.channel2.rank0.bank2.actWaitTotal 0
i0.defaultMemory.channel2.FRFCFS-WQF.channel2.rank0.bank2.actWaitAverage -nan
i0.defaultMemory.channel2.FRFCFS-WQF.channel2.rank0.bank2.averageEndurance 0
i0.defaultMemory.channel2.FRFCFS-WQF.channel2.rank0.bank2.worstCaseEndurance 18446744073709551615
i0.defaultMemory.channel2.FRFCFS-WQF.channel2.rank0.bank3.subarray0.subArrayEnergy 62580.2nJ
i0.defaultMemory.channel2.FRFCFS-WQF.channel2.rank0.bank3.subarray0.activeEnergy 13.8852nJ
i0.defaultMemory.channel2.FRFCFS-WQF.channel2.rank0.bank3.subarray0.burstEnergy 2536.49nJ
i0.defaultMemory.channel2.FRFCFS-WQF.channel2.rank0.bank3.subarray0.writeEnergy 60029.9nJ
i0.defaultMemory.channel2.FRFCFS-WQF.channel2.rank0.bank3.subarray0.refreshEnergy 0nJ
i0.defaultMemory.channel2.FRFCFS-WQF.channel2.rank0.bank3.subarray0.cancelledWrites 0
i0.defaultMemory.channel2.FRFCFS-WQF.channel2.rank0.bank3.subarray0.cancelledWriteTime 0
i0.defaultMemory.channel2.FRFCFS-WQF.channel2.rank0.bank3.subarray0.pausedWrites 0
i0.defaultMemory.channel2.FRFCFS-WQF.channel2.rank0.bank3.subarray0.averagePausesPerRequest 0
i0.defaultMemory.channel2.FRFCFS-WQF.channel2.rank0.bank3.subarray0.measuredPauses 1504
i0.defaultMemory.channel2.FRFCFS-WQF.channel2.rank0.bank3.subarray0.averagePausedRequestProgress 0
i0.defaultMemory.channel2.FRFCFS-WQF.channel2.rank0.bank3.subarray0.measuredProgresses 0
i0.defaultMemory.channel2.FRFCFS-WQF.channel2.rank0.bank3.subarray0.reads 1571
i0.defaultMemory.channel2.FRFCFS-WQF.channel2.rank0.bank3.subarray0.writes 1504
i0.defaultMemory.channel2.FRFCFS-WQF.channel2.rank0.bank3.subarray0.activates 171
i0.defaultMemory.channel2.FRFCFS-WQF.channel2.rank0.bank3.subarray0.precharges 170
i0.defaultMemory.channel2.FRFCFS-WQF.channel2.rank0.bank3.subarray0.refreshes 0
i0.defaultMemory.channel2.FRFCFS-WQF.channel2.rank0.bank3.subarray0.worstCaseEndurance 18446744073709551615
i0.defaultMemory.channel2.FRFCFS-WQF.channel2.rank0.bank3.subarray0.averageEndurance 0
i0.defaultMemory.channel2.FRFCFS-WQF.channel2.rank0.bank3.subarray0.actWaits 0
i0.defaultMemory.channel2.FRFCFS-WQF.channel2.rank0.bank3.subarray0.actWaitTotal 0
i0.defaultMemory.channel2.FRFCFS-WQF.channel2.rank0.bank3.subarray0.actWaitAverage -nan
i0.defaultMemory.channel2.FRFCFS-WQF.channel2.rank0.bank3.subarray0.worstCaseWrite 0
i0.defaultMemory.channel2.FRFCFS-WQF.channel2.rank0.bank3.subarray0.num00Writes 0
i0.defaultMemory.channel2.FRFCFS-WQF.channel2.rank0.bank3.subarray0.num01Writes 0
i0.defaultMemory.channel2.FRFCFS-WQF.channel2.rank0.bank3.subarray0.num10Writes 0
i0.defaultMemory.channel2.FRFCFS-WQF.channel2.rank0.bank3.subarray0.num11Writes 0
i0.defaultMemory.channel2.FRFCFS-WQF.channel2.rank0.bank3.subarray0.averageWriteTime 60
i0.defaultMemory.channel2.FRFCFS-WQF.channel2.rank0.bank3.subarray0.measuredWriteTimes 1504
i0.defaultMemory.channel2.FRFCFS-WQF.channel2.rank0.bank3.subarray0.mlcTimingHisto {}
i0.defaultMemory.channel2.FRFCFS-WQF.channel2.rank0.bank3.subarray0.cancelCountHisto {0: 1503}
i0.defaultMemory.channel2.FRFCFS-WQF.channel2.rank0.bank3.subarray0.wpPauseHisto {}
i0.defaultMemory.channel2.FRFCFS-WQF.channel2.rank0.bank3.subarray0.wpCancelHisto {}
i0.defaultMemory.channel2.FRFCFS-WQF.channel2.rank0.bank3.bankEnergy 62580.2nJ
i0.defaultMemory.channel2.FRFCFS-WQF.channel2.rank0.bank3.activeEnergy 13.8852nJ
i0.defaultMemory.channel2.FRFCFS-WQF.channel2.rank0.bank3.burstEnergy 2536.49nJ
i0.defaultMemory.channel2.FRFCFS-WQF.channel2.rank0.bank3.refreshEnergy 0nJ
i0.defaultMemory.channel2.FRFCFS-WQF.channel2.rank0.bank3.bankPower 4.51306e+07W
i0.defaultMemory.channel2.FRFCFS-WQF.channel2.rank0.bank3.activePower 10013.5W
i0.defaultMemory.channel2.FRFCFS-WQF.channel2.rank0.bank3.burstPower 1.82923e+06W
i0.defaultMemory.channel2.FRFCFS-WQF.channel2.rank0.bank3.refreshPower 0W
i0.defaultMemory.channel2.FRFCFS-WQF.channel2.rank0.bank3.bandwidth 757.311MB/s
i0.defaultMemory.channel2.FRFCFS-WQF.channel2.rank0.bank3.dataCycles 12300
i0.defaultMemory.channel2.FRFCFS-WQF.channel2.rank0.bank3.powerCycles 1386649
i0.defaultMemory.channel2.FRFCFS-WQF.channel2.rank0.bank3.utilization 0.00887031
i0.defaultMemory.channel2.FRFCFS-WQF.channel2.rank0.bank3.reads 1571
i0.defaultMemory.channel2.FRFCFS-WQF.channel2.rank0.bank3.writes 1504
i0.defaultMemory.channel2.FRFCFS-WQF.channel2.rank0.bank3.activates 171
i0.defaultMemory.channel2.FRFCFS-WQF.channel2.rank0.bank3.precharges 170
i0.defaultMemory.channel2.FRFCFS-WQF.channel2.rank0.bank3.refreshes 0
i0.defaultMemory.channel2.FRFCFS-WQF.channel2.rank0.bank3.activeCycles 1147901
i0.defaultMemory.channel2.FRFCFS-WQF.channel2.rank0.bank3.standbyCycles 238748
i0.defaultMemory.channel2.FRFCFS-WQF.channel2.rank0.bank3.fastExitActiveCycles 0
i0.defaultMemory.channel2.FRFCFS-WQF.channel2.rank0.bank3.fastExitPrechargeCycles 0
i0.defaultMemory.channel2.FRFCFS-WQF.channel2.rank0.bank3.slowExitPrechargeCycles 0
i0.defaultMemory.channel2.FRFCFS-WQF.channel2.rank0.bank3.actWaits 0
i0.defaultMemory.channel2.FRFCFS-WQF.channel2.rank0.bank3.actWaitTotal 0
i0.defaultMemory.channel2.FRFCFS-WQF.channel2.rank0.bank3.actWaitAverage -nan
i0.defaultMemory.channel2.FRFCFS-WQF.channel2.rank0.bank3.averageEndurance 0
i0.defaultMemory.channel2.FRFCFS-WQF.channel2.rank0.bank3.worstCaseEndurance 18446744073709551615
i0.defaultMemory.channel2.FRFCFS-WQF.channel2.rank0.bank4.subarray0.subArrayEnergy 62579.1nJ
i0.defaultMemory.channel2.FRFCFS-WQF.channel2.rank0.bank4.subarray0.activeEnergy 12.8296nJ
i0.defaultMemory.channel2.FRFCFS-WQF.channel2.rank0.bank4.subarray0.burstEnergy 2536.45nJ
i0.defaultMemory.channel2.FRFCFS-WQF.channel2.rank0.bank4.subarray0.writeEnergy 60029.9nJ
i0.defaultMemory.channel2.FRFCFS-WQF.channel2.rank0.bank4.subarray0.refreshEnergy 0nJ
i0.defaultMemory.channel2.FRFCFS-WQF.channel2.rank0.bank4.subarray0.cancelledWrites 0
i0.defaultMemory.channel2.FRFCFS-WQF.channel2.rank0.bank4.subarray0.cancelledWriteTime 0
i0.defaultMemory.channel2.FRFCFS-WQF.channel2.rank0.bank4.subarray0.pausedWrites 0
i0.defaultMemory.channel2.FRFCFS-WQF.channel2.rank0.bank4.subarray0.averagePausesPerRequest 0
i0.defaultMemory.channel2.FRFCFS-WQF.channel2.rank0.bank4.subarray0.measuredPauses 1504
i0.defaultMemory.channel2.FRFCFS-WQF.channel2.rank0.bank4.subarray0.averagePausedRequestProgress 0
i0.defaultMemory.channel2.FRFCFS-WQF.channel2.rank0.bank4.subarray0.measuredProgresses 0
i0.defaultMemory.channel2.FRFCFS-WQF.channel2.rank0.bank4.subarray0.reads 1546
i0.defaultMemory.channel2.FRFCFS-WQF.channel2.rank0.bank4.subarray0.writes 1504
i0.defaultMemory.channel2.FRFCFS-WQF.channel2.rank0.bank4.subarray0.activates 158
i0.defaultMemory.channel2.FRFCFS-WQF.channel2.rank0.bank4.subarray0.precharges 157
i0.defaultMemory.channel2.FRFCFS-WQF.channel2.rank0.bank4.subarray0.refreshes 0
i0.defaultMemory.channel2.FRFCFS-WQF.channel2.rank0.bank4.subarray0.worstCaseEndurance 18446744073709551615
i0.defaultMemory.channel2.FRFCFS-WQF.channel2.rank0.bank4.subarray0.averageEndurance 0
i0.defaultMemory.channel2.FRFCFS-WQF.channel2.rank0.bank4.subarray0.actWaits 0
i0.defaultMemory.channel2.FRFCFS-WQF.channel2.rank0.bank4.subarray0.actWaitTotal 0
i0.defaultMemory.channel2.FRFCFS-WQF.channel2.rank0.bank4.subarray0.actWaitAverage -nan
i0.defaultMemory.channel2.FRFCFS-WQF.channel2.rank0.bank4.subarray0.worstCaseWrite 0
i0.defaultMemory.channel2.FRFCFS-WQF.channel2.rank0.bank4.subarray0.num00Writes 0
i0.defaultMemory.channel2.FRFCFS-WQF.channel2.rank0.bank4.subarray0.num01Writes 0
i0.defaultMemory.channel2.FRFCFS-WQF.channel2.rank0.bank4.subarray0.num10Writes 0
i0.defaultMemory.channel2.FRFCFS-WQF.channel2.rank0.bank4.subarray0.num11Writes 0
i0.defaultMemory.channel2.FRFCFS-WQF.channel2.rank0.bank4.subarray0.averageWriteTime 60
i0.defaultMemory.channel2.FRFCFS-WQF.channel2.rank0.bank4.subarray0.measuredWriteTimes 1504
i0.defaultMemory.channel2.FRFCFS-WQF.channel2.rank0.bank4.subarray0.mlcTimingHisto {}
i0.defaultMemory.channel2.FRFCFS-WQF.channel2.rank0.bank4.subarray0.cancelCountHisto {0: 1503}
i0.defaultMemory.channel2.FRFCFS-WQF.channel2.rank0.bank4.subarray0.wpPauseHisto {}
i0.defaultMemory.channel2.FRFCFS-WQF.channel2.rank0.bank4.subarray0.wpCancelHisto {}
i0.defaultMemory.channel2.FRFCFS-WQF.channel2.rank0.bank4.bankEnergy 62579.1nJ
i0.defaultMemory.channel2.FRFCFS-WQF.channel2.rank0.bank4.activeEnergy 12.8296nJ
i0.defaultMemory.channel2.FRFCFS-WQF.channel2.rank0.bank4.burstEnergy 2536.45nJ
i0.defaultMemory.channel2.FRFCFS-WQF.channel2.rank0.bank4.refreshEnergy 0nJ
i0.defaultMemory.channel2.FRFCFS-WQF.channel2.rank0.bank4.bankPower 4.51298e+07W
i0.defaultMemory.channel2.FRFCFS-WQF.channel2.rank0.bank4.activePower 9252.23W
i0.defaultMemory.channel2.FRFCFS-WQF.channel2.rank0.bank4.burstPower 1.8292e+06W
i0.defaultMemory.channel2.FRFCFS-WQF.channel2.rank0.bank4.refreshPower 0W
i0.defaultMemory.channel2.FRFCFS-WQF.channel2.rank0.bank4.bandwidth 751.154MB/s
i0.defaultMemory.channel2.FRFCFS-WQF.channel2.rank0.bank4.dataCycles 12200
i0.defaultMemory.channel2.FRFCFS-WQF.channel2.rank0.bank4.powerCycles 1386649
i0.defaultMemory.channel2.FRFCFS-WQF.channel2.rank0.bank4.utilization 0.00879819
i0.defaultMemory.channel2.FRFCFS-WQF.channel2.rank0.bank4.reads 1546
i0.defaultMemory.channel2.FRFCFS-WQF.channel2.rank0.bank4.writes 1504
i0.defaultMemory.channel2.FRFCFS-WQF.channel2.rank0.bank4.activates 158
i0.defaultMemory.channel2.FRFCFS-WQF.channel2.rank0.bank4.precharges 157
i0.defaultMemory.channel2.FRFCFS-WQF.channel2.rank0.bank4.refreshes 0
i0.defaultMemory.channel2.FRFCFS-WQF.channel2.rank0.bank4.activeCycles 1155075
i0.defaultMemory.channel2.FRFCFS-WQF.channel2.rank0.bank4.standbyCycles 231574
i0.defaultMemory.channel2.FRFCFS-WQF.channel2.rank0.bank4.fastExitActiveCycles 0
i0.defaultMemory.channel2.FRFCFS-WQF.channel2.rank0.bank4.fastExitPrechargeCycles 0
i0.defaultMemory.channel2.FRFCFS-WQF.channel2.rank0.bank4.slowExitPrechargeCycles 0
i0.defaultMemory.channel2.FRFCFS-WQF.channel2.rank0.bank4.actWaits 0
i0.defaultMemory.channel2.FRFCFS-WQF.channel2.rank0.bank4.actWaitTotal 0
i0.defaultMemory.channel2.FRFCFS-WQF.channel2.rank0.bank4.actWaitAverage -nan
i0.defaultMemory.channel2.FRFCFS-WQF.channel2.rank0.bank4.averageEndurance 0
i0.defaultMemory.channel2.FRFCFS-WQF.channel2.rank0.bank4.worstCaseEndurance 18446744073709551615
i0.defaultMemory.channel2.FRFCFS-WQF.channel2.rank0.bank5.subarray0.subArrayEnergy 63328.3nJ
i0.defaultMemory.channel2.FRFCFS-WQF.channel2.rank0.bank5.subarray0.activeEnergy 13.2356nJ
i0.defaultMemory.channel2.FRFCFS-WQF.channel2.rank0.bank5.subarray0.burstEnergy 2566.77nJ
i0.defaultMemory.channel2.FRFCFS-WQF.channel2.rank0.bank5.subarray0.writeEnergy 60748.3nJ
i0.defaultMemory.channel2.FRFCFS-WQF.channel2.rank0.bank5.subarray0.refreshEnergy 0nJ
i0.defaultMemory.channel2.FRFCFS-WQF.channel2.rank0.bank5.subarray0.cancelledWrites 0
i0.defaultMemory.channel2.FRFCFS-WQF.channel2.rank0.bank5.subarray0.cancelledWriteTime 0
i0.defaultMemory.channel2.FRFCFS-WQF.channel2.rank0.bank5.subarray0.pausedWrites 0
i0.defaultMemory.channel2.FRFCFS-WQF.channel2.rank0.bank5.subarray0.averagePausesPerRequest 0
i0.defaultMemory.channel2.FRFCFS-WQF.channel2.rank0.bank5.subarray0.measuredPauses 1522
i0.defaultMemory.channel2.FRFCFS-WQF.channel2.rank0.bank5.subarray0.averagePausedRequestProgress 0
i0.defaultMemory.channel2.FRFCFS-WQF.channel2.rank0.bank5.subarray0.measuredProgresses 0
i0.defaultMemory.channel2.FRFCFS-WQF.channel2.rank0.bank5.subarray0.reads 1539
i0.defaultMemory.channel2.FRFCFS-WQF.channel2.rank0.bank5.subarray0.writes 1522
i0.defaultMemory.channel2.FRFCFS-WQF.channel2.rank0.bank5.subarray0.activates 163
i0.defaultMemory.channel2.FRFCFS-WQF.channel2.rank0.bank5.subarray0.precharges 162
i0.defaultMemory.channel2.FRFCFS-WQF.channel2.rank0.bank5.subarray0.refreshes 0
i0.defaultMemory.channel2.FRFCFS-WQF.channel2.rank0.bank5.subarray0.worstCaseEndurance 18446744073709551615
i0.defaultMemory.channel2.FRFCFS-WQF.channel2.rank0.bank5.subarray0.averageEndurance 0
i0.defaultMemory.channel2.FRFCFS-WQF.channel2.rank0.bank5.subarray0.actWaits 0
i0.defaultMemory.channel2.FRFCFS-WQF.channel2.rank0.bank5.subarray0.actWaitTotal 0
i0.defaultMemory.channel2.FRFCFS-WQF.channel2.rank0.bank5.subarray0.actWaitAverage -nan
i0.defaultMemory.channel2.FRFCFS-WQF.channel2.rank0.bank5.subarray0.worstCaseWrite 0
i0.defaultMemory.channel2.FRFCFS-WQF.channel2.rank0.bank5.subarray0.num00Writes 0
i0.defaultMemory.channel2.FRFCFS-WQF.channel2.rank0.bank5.subarray0.num01Writes 0
i0.defaultMemory.channel2.FRFCFS-WQF.channel2.rank0.bank5.subarray0.num10Writes 0
i0.defaultMemory.channel2.FRFCFS-WQF.channel2.rank0.bank5.subarray0.num11Writes 0
i0.defaultMemory.channel2.FRFCFS-WQF.channel2.rank0.bank5.subarray0.averageWriteTime 60
i0.defaultMemory.channel2.FRFCFS-WQF.channel2.rank0.bank5.subarray0.measuredWriteTimes 1522
i0.defaultMemory.channel2.FRFCFS-WQF.channel2.rank0.bank5.subarray0.mlcTimingHisto {}
i0.defaultMemory.channel2.FRFCFS-WQF.channel2.rank0.bank5.subarray0.cancelCountHisto {0: 1521}
i0.defaultMemory.channel2.FRFCFS-WQF.channel2.rank0.bank5.subarray0.wpPauseHisto {}
i0.defaultMemory.channel2.FRFCFS-WQF.channel2.rank0.bank5.subarray0.wpCancelHisto {}
i0.defaultMemory.channel2.FRFCFS-WQF.channel2.rank0.bank5.bankEnergy 63328.3nJ
i0.defaultMemory.channel2.FRFCFS-WQF.channel2.rank0.bank5.activeEnergy 13.2356nJ
i0.defaultMemory.channel2.FRFCFS-WQF.channel2.rank0.bank5.burstEnergy 2566.77nJ
i0.defaultMemory.channel2.FRFCFS-WQF.channel2.rank0.bank5.refreshEnergy 0nJ
i0.defaultMemory.channel2.FRFCFS-WQF.channel2.rank0.bank5.bankPower 4.567e+07W
i0.defaultMemory.channel2.FRFCFS-WQF.channel2.rank0.bank5.activePower 9545.03W
i0.defaultMemory.channel2.FRFCFS-WQF.channel2.rank0.bank5.burstPower 1.85106e+06W
i0.defaultMemory.channel2.FRFCFS-WQF.channel2.rank0.bank5.refreshPower 0W
i0.defaultMemory.channel2.FRFCFS-WQF.channel2.rank0.bank5.bandwidth 753.863MB/s
i0.defaultMemory.channel2.FRFCFS-WQF.channel2.rank0.bank5.dataCycles 12244
i0.defaultMemory.channel2.FRFCFS-WQF.channel2.rank0.bank5.powerCycles 1386649
i0.defaultMemory.channel2.FRFCFS-WQF.channel2.rank0.bank5.utilization 0.00882992
i0.defaultMemory.channel2.FRFCFS-WQF.channel2.rank0.bank5.reads 1539
i0.defaultMemory.channel2.FRFCFS-WQF.channel2.rank0.bank5.writes 1522
i0.defaultMemory.channel2.FRFCFS-WQF.channel2.rank0.bank5.activates 163
i0.defaultMemory.channel2.FRFCFS-WQF.channel2.rank0.bank5.precharges 162
i0.defaultMemory.channel2.FRFCFS-WQF.channel2.rank0.bank5.refreshes 0
i0.defaultMemory.channel2.FRFCFS-WQF.channel2.rank0.bank5.activeCycles 1146915
i0.defaultMemory.channel2.FRFCFS-WQF.channel2.rank0.bank5.standbyCycles 239734
i0.defaultMemory.channel2.FRFCFS-WQF.channel2.rank0.bank5.fastExitActiveCycles 0
i0.defaultMemory.channel2.FRFCFS-WQF.channel2.rank0.bank5.fastExitPrechargeCycles 0
i0.defaultMemory.channel2.FRFCFS-WQF.channel2.rank0.bank5.slowExitPrechargeCycles 0
i0.defaultMemory.channel2.FRFCFS-WQF.channel2.rank0.bank5.actWaits 0
i0.defaultMemory.channel2.FRFCFS-WQF.channel2.rank0.bank5.actWaitTotal 0
i0.defaultMemory.channel2.FRFCFS-WQF.channel2.rank0.bank5.actWaitAverage -nan
i0.defaultMemory.channel2.FRFCFS-WQF.channel2.rank0.bank5.averageEndurance 0
i0.defaultMemory.channel2.FRFCFS-WQF.channel2.rank0.bank5.worstCaseEndurance 18446744073709551615
i0.defaultMemory.channel2.FRFCFS-WQF.channel2.rank0.bank6.subarray0.subArrayEnergy 62579.4nJ
i0.defaultMemory.channel2.FRFCFS-WQF.channel2.rank0.bank6.subarray0.activeEnergy 13.0732nJ
i0.defaultMemory.channel2.FRFCFS-WQF.channel2.rank0.bank6.subarray0.burstEnergy 2536.44nJ
i0.defaultMemory.channel2.FRFCFS-WQF.channel2.rank0.bank6.subarray0.writeEnergy 60029.9nJ
i0.defaultMemory.channel2.FRFCFS-WQF.channel2.rank0.bank6.subarray0.refreshEnergy 0nJ
i0.defaultMemory.channel2.FRFCFS-WQF.channel2.rank0.bank6.subarray0.cancelledWrites 0
i0.defaultMemory.channel2.FRFCFS-WQF.channel2.rank0.bank6.subarray0.cancelledWriteTime 0
i0.defaultMemory.channel2.FRFCFS-WQF.channel2.rank0.bank6.subarray0.pausedWrites 0
i0.defaultMemory.channel2.FRFCFS-WQF.channel2.rank0.bank6.subarray0.averagePausesPerRequest 0
i0.defaultMemory.channel2.FRFCFS-WQF.channel2.rank0.bank6.subarray0.measuredPauses 1504
i0.defaultMemory.channel2.FRFCFS-WQF.channel2.rank0.bank6.subarray0.averagePausedRequestProgress 0
i0.defaultMemory.channel2.FRFCFS-WQF.channel2.rank0.bank6.subarray0.measuredProgresses 0
i0.defaultMemory.channel2.FRFCFS-WQF.channel2.rank0.bank6.subarray0.reads 1536
i0.defaultMemory.channel2.FRFCFS-WQF.channel2.rank0.bank6.subarray0.writes 1504
i0.defaultMemory.channel2.FRFCFS-WQF.channel2.rank0.bank6.subarray0.activates 161
i0.defaultMemory.channel2.FRFCFS-WQF.channel2.rank0.bank6.subarray0.precharges 160
i0.defaultMemory.channel2.FRFCFS-WQF.channel2.rank0.bank6.subarray0.refreshes 0
i0.defaultMemory.channel2.FRFCFS-WQF.channel2.rank0.bank6.subarray0.worstCaseEndurance 18446744073709551615
i0.defaultMemory.channel2.FRFCFS-WQF.channel2.rank0.bank6.subarray0.averageEndurance 0
i0.defaultMemory.channel2.FRFCFS-WQF.channel2.rank0.bank6.subarray0.actWaits 0
i0.defaultMemory.channel2.FRFCFS-WQF.channel2.rank0.bank6.subarray0.actWaitTotal 0
i0.defaultMemory.channel2.FRFCFS-WQF.channel2.rank0.bank6.subarray0.actWaitAverage -nan
i0.defaultMemory.channel2.FRFCFS-WQF.channel2.rank0.bank6.subarray0.worstCaseWrite 0
i0.defaultMemory.channel2.FRFCFS-WQF.channel2.rank0.bank6.subarray0.num00Writes 0
i0.defaultMemory.channel2.FRFCFS-WQF.channel2.rank0.bank6.subarray0.num01Writes 0
i0.defaultMemory.channel2.FRFCFS-WQF.channel2.rank0.bank6.subarray0.num10Writes 0
i0.defaultMemory.channel2.FRFCFS-WQF.channel2.rank0.bank6.subarray0.num11Writes 0
i0.defaultMemory.channel2.FRFCFS-WQF.channel2.rank0.bank6.subarray0.averageWriteTime 60
i0.defaultMemory.channel2.FRFCFS-WQF.channel2.rank0.bank6.subarray0.measuredWriteTimes 1504
i0.defaultMemory.channel2.FRFCFS-WQF.channel2.rank0.bank6.subarray0.mlcTimingHisto {}
i0.defaultMemory.channel2.FRFCFS-WQF.channel2.rank0.bank6.subarray0.cancelCountHisto {0: 1503}
i0.defaultMemory.channel2.FRFCFS-WQF.channel2.rank0.bank6.subarray0.wpPauseHisto {}
i0.defaultMemory.channel2.FRFCFS-WQF.channel2.rank0.bank6.subarray0.wpCancelHisto {}
i0.defaultMemory.channel2.FRFCFS-WQF.channel2.rank0.bank6.bankEnergy 62579.4nJ
i0.defaultMemory.channel2.FRFCFS-WQF.channel2.rank0.bank6.activeEnergy 13.0732nJ
i0.defaultMemory.channel2.FRFCFS-WQF.channel2.rank0.bank6.burstEnergy 2536.44nJ
i0.defaultMemory.channel2.FRFCFS-WQF.channel2.rank0.bank6.refreshEnergy 0nJ
i0.defaultMemory.channel2.FRFCFS-WQF.channel2.rank0.bank6.bankPower 4.51299e+07W
i0.defaultMemory.channel2.FRFCFS-WQF.channel2.rank0.bank6.activePower 9427.91W
i0.defaultMemory.channel2.FRFCFS-WQF.channel2.rank0.bank6.burstPower 1.82919e+06W
i0.defaultMemory.channel2.FRFCFS-WQF.channel2.rank0.bank6.refreshPower 0W
i0.defaultMemory.channel2.FRFCFS-WQF.channel2.rank0.bank6.bandwidth 748.691MB/s
i0.defaultMemory.channel2.FRFCFS-WQF.channel2.rank0.bank6.dataCycles 12160
i0.defaultMemory.channel2.FRFCFS-WQF.channel2.rank0.bank6.powerCycles 1386649
i0.defaultMemory.channel2.FRFCFS-WQF.channel2.rank0.bank6.utilization 0.00876934
i0.defaultMemory.channel2.FRFCFS-WQF.channel2.rank0.bank6.reads 1536
i0.defaultMemory.channel2.FRFCFS-WQF.channel2.rank0.bank6.writes 1504
i0.defaultMemory.channel2.FRFCFS-WQF.channel2.rank0.bank6.activates 161
i0.defaultMemory.channel2.FRFCFS-WQF.channel2.rank0.bank6.precharges 160
i0.defaultMemory.channel2.FRFCFS-WQF.channel2.rank0.bank6.refreshes 0
i0.defaultMemory.channel2.FRFCFS-WQF.channel2.rank0.bank6.activeCycles 1143241
i0.defaultMemory.channel2.FRFCFS-WQF.channel2.rank0.bank6.standbyCycles 243408
i0.defaultMemory.channel2.FRFCFS-WQF.channel2.rank0.bank6.fastExitActiveCycles 0
i0.defaultMemory.channel2.FRFCFS-WQF.channel2.rank0.bank6.fastExitPrechargeCycles 0
i0.defaultMemory.channel2.FRFCFS-WQF.channel2.rank0.bank6.slowExitPrechargeCycles 0
i0.defaultMemory.channel2.FRFCFS-WQF.channel2.rank0.bank6.actWaits 0
i0.defaultMemory.channel2.FRFCFS-WQF.channel2.rank0.bank6.actWaitTotal 0
i0.defaultMemory.channel2.FRFCFS-WQF.channel2.rank0.bank6.actWaitAverage -nan
i0.defaultMemory.channel2.FRFCFS-WQF.channel2.rank0.bank6.averageEndurance 0
i0.defaultMemory.channel2.FRFCFS-WQF.channel2.rank0.bank6.worstCaseEndurance 18446744073709551615
i0.defaultMemory.channel2.FRFCFS-WQF.channel2.rank0.bank7.subarray0.subArrayEnergy 62662.6nJ
i0.defaultMemory.channel2.FRFCFS-WQF.channel2.rank0.bank7.subarray0.activeEnergy 13.0732nJ
i0.defaultMemory.channel2.FRFCFS-WQF.channel2.rank0.bank7.subarray0.burstEnergy 2539.82nJ
i0.defaultMemory.channel2.FRFCFS-WQF.channel2.rank0.bank7.subarray0.writeEnergy 60109.7nJ
i0.defaultMemory.channel2.FRFCFS-WQF.channel2.rank0.bank7.subarray0.refreshEnergy 0nJ
i0.defaultMemory.channel2.FRFCFS-WQF.channel2.rank0.bank7.subarray0.cancelledWrites 0
i0.defaultMemory.channel2.FRFCFS-WQF.channel2.rank0.bank7.subarray0.cancelledWriteTime 0
i0.defaultMemory.channel2.FRFCFS-WQF.channel2.rank0.bank7.subarray0.pausedWrites 0
i0.defaultMemory.channel2.FRFCFS-WQF.channel2.rank0.bank7.subarray0.averagePausesPerRequest 0
i0.defaultMemory.channel2.FRFCFS-WQF.channel2.rank0.bank7.subarray0.measuredPauses 1506
i0.defaultMemory.channel2.FRFCFS-WQF.channel2.rank0.bank7.subarray0.averagePausedRequestProgress 0
i0.defaultMemory.channel2.FRFCFS-WQF.channel2.rank0.bank7.subarray0.measuredProgresses 0
i0.defaultMemory.channel2.FRFCFS-WQF.channel2.rank0.bank7.subarray0.reads 1541
i0.defaultMemory.channel2.FRFCFS-WQF.channel2.rank0.bank7.subarray0.writes 1506
i0.defaultMemory.channel2.FRFCFS-WQF.channel2.rank0.bank7.subarray0.activates 161
i0.defaultMemory.channel2.FRFCFS-WQF.channel2.rank0.bank7.subarray0.precharges 160
i0.defaultMemory.channel2.FRFCFS-WQF.channel2.rank0.bank7.subarray0.refreshes 0
i0.defaultMemory.channel2.FRFCFS-WQF.channel2.rank0.bank7.subarray0.worstCaseEndurance 18446744073709551615
i0.defaultMemory.channel2.FRFCFS-WQF.channel2.rank0.bank7.subarray0.averageEndurance 0
i0.defaultMemory.channel2.FRFCFS-WQF.channel2.rank0.bank7.subarray0.actWaits 0
i0.defaultMemory.channel2.FRFCFS-WQF.channel2.rank0.bank7.subarray0.actWaitTotal 0
i0.defaultMemory.channel2.FRFCFS-WQF.channel2.rank0.bank7.subarray0.actWaitAverage -nan
i0.defaultMemory.channel2.FRFCFS-WQF.channel2.rank0.bank7.subarray0.worstCaseWrite 0
i0.defaultMemory.channel2.FRFCFS-WQF.channel2.rank0.bank7.subarray0.num00Writes 0
i0.defaultMemory.channel2.FRFCFS-WQF.channel2.rank0.bank7.subarray0.num01Writes 0
i0.defaultMemory.channel2.FRFCFS-WQF.channel2.rank0.bank7.subarray0.num10Writes 0
i0.defaultMemory.channel2.FRFCFS-WQF.channel2.rank0.bank7.subarray0.num11Writes 0
i0.defaultMemory.channel2.FRFCFS-WQF.channel2.rank0.bank7.subarray0.averageWriteTime 60
i0.defaultMemory.channel2.FRFCFS-WQF.channel2.rank0.bank7.subarray0.measuredWriteTimes 1506
i0.defaultMemory.channel2.FRFCFS-WQF.channel2.rank0.bank7.subarray0.mlcTimingHisto {}
i0.defaultMemory.channel2.FRFCFS-WQF.channel2.rank0.bank7.subarray0.cancelCountHisto {0: 1505}
i0.defaultMemory.channel2.FRFCFS-WQF.channel2.rank0.bank7.subarray0.wpPauseHisto {}
i0.defaultMemory.channel2.FRFCFS-WQF.channel2.rank0.bank7.subarray0.wpCancelHisto {}
i0.defaultMemory.channel2.FRFCFS-WQF.channel2.rank0.bank7.bankEnergy 62662.6nJ
i0.defaultMemory.channel2.FRFCFS-WQF.channel2.rank0.bank7.activeEnergy 13.0732nJ
i0.defaultMemory.channel2.FRFCFS-WQF.channel2.rank0.bank7.burstEnergy 2539.82nJ
i0.defaultMemory.channel2.FRFCFS-WQF.channel2.rank0.bank7.refreshEnergy 0nJ
i0.defaultMemory.channel2.FRFCFS-WQF.channel2.rank0.bank7.bankPower 4.51899e+07W
i0.defaultMemory.channel2.FRFCFS-WQF.channel2.rank0.bank7.activePower 9427.91W
i0.defaultMemory.channel2.FRFCFS-WQF.channel2.rank0.bank7.burstPower 1.83162e+06W
i0.defaultMemory.channel2.FRFCFS-WQF.channel2.rank0.bank7.refreshPower 0W
i0.defaultMemory.channel2.FRFCFS-WQF.channel2.rank0.bank7.bandwidth 750.415MB/s
i0.defaultMemory.channel2.FRFCFS-WQF.channel2.rank0.bank7.dataCycles 12188
i0.defaultMemory.channel2.FRFCFS-WQF.channel2.rank0.bank7.powerCycles 1386649
i0.defaultMemory.channel2.FRFCFS-WQF.channel2.rank0.bank7.utilization 0.00878954
i0.defaultMemory.channel2.FRFCFS-WQF.channel2.rank0.bank7.reads 1541
i0.defaultMemory.channel2.FRFCFS-WQF.channel2.rank0.bank7.writes 1506
i0.defaultMemory.channel2.FRFCFS-WQF.channel2.rank0.bank7.activates 161
i0.defaultMemory.channel2.FRFCFS-WQF.channel2.rank0.bank7.precharges 160
i0.defaultMemory.channel2.FRFCFS-WQF.channel2.rank0.bank7.refreshes 0
i0.defaultMemory.channel2.FRFCFS-WQF.channel2.rank0.bank7.activeCycles 1146066
i0.defaultMemory.channel2.FRFCFS-WQF.channel2.rank0.bank7.standbyCycles 240583
i0.defaultMemory.channel2.FRFCFS-WQF.channel2.rank0.bank7.fastExitActiveCycles 0
i0.defaultMemory.channel2.FRFCFS-WQF.channel2.rank0.bank7.fastExitPrechargeCycles 0
i0.defaultMemory.channel2.FRFCFS-WQF.channel2.rank0.bank7.slowExitPrechargeCycles 0
i0.defaultMemory.channel2.FRFCFS-WQF.channel2.rank0.bank7.actWaits 0
i0.defaultMemory.channel2.FRFCFS-WQF.channel2.rank0.bank7.actWaitTotal 0
i0.defaultMemory.channel2.FRFCFS-WQF.channel2.rank0.bank7.actWaitAverage -nan
i0.defaultMemory.channel2.FRFCFS-WQF.channel2.rank0.bank7.averageEndurance 0
i0.defaultMemory.channel2.FRFCFS-WQF.channel2.rank0.bank7.worstCaseEndurance 18446744073709551615
i0.defaultMemory.channel2.FRFCFS-WQF.channel2.rank0.totalEnergy 648652nJ
i0.defaultMemory.channel2.FRFCFS-WQF.channel2.rank0.backgroundEnergy 124923nJ
i0.defaultMemory.channel2.FRFCFS-WQF.channel2.rank0.activateEnergy 111.325nJ
i0.defaultMemory.channel2.FRFCFS-WQF.channel2.rank0.burstEnergy 20396.2nJ
i0.defaultMemory.channel2.FRFCFS-WQF.channel2.rank0.refreshEnergy 0nJ
i0.defaultMemory.channel2.FRFCFS-WQF.channel2.rank0.totalPower 0.0699545W
i0.defaultMemory.channel2.FRFCFS-WQF.channel2.rank0.backgroundPower 0.06009W
i0.defaultMemory.channel2.FRFCFS-WQF.channel2.rank0.activatePower 5.35492e-05W
i0.defaultMemory.channel2.FRFCFS-WQF.channel2.rank0.burstPower 0.00981088W
i0.defaultMemory.channel2.FRFCFS-WQF.channel2.rank0.refreshPower 0W
i0.defaultMemory.channel2.FRFCFS-WQF.channel2.rank0.reads 12416
i0.defaultMemory.channel2.FRFCFS-WQF.channel2.rank0.writes 12094
i0.defaultMemory.channel2.FRFCFS-WQF.channel2.rank0.activeCycles 1386649
i0.defaultMemory.channel2.FRFCFS-WQF.channel2.rank0.standbyCycles 0
i0.defaultMemory.channel2.FRFCFS-WQF.channel2.rank0.fastExitActiveCycles 0
i0.defaultMemory.channel2.FRFCFS-WQF.channel2.rank0.fastExitPrechargeCycles 0
i0.defaultMemory.channel2.FRFCFS-WQF.channel2.rank0.slowExitCycles 0
i0.defaultMemory.channel2.FRFCFS-WQF.channel2.rank0.actWaits 496
i0.defaultMemory.channel2.FRFCFS-WQF.channel2.rank0.actWaitTotal 1314
i0.defaultMemory.channel2.FRFCFS-WQF.channel2.rank0.actWaitAverage 2.64919
i0.defaultMemory.channel2.FRFCFS-WQF.channel2.rank0.rrdWaits 496
i0.defaultMemory.channel2.FRFCFS-WQF.channel2.rank0.rrdWaitTotal 1314
i0.defaultMemory.channel2.FRFCFS-WQF.channel2.rank0.rrdWaitAverage 2.64919
i0.defaultMemory.channel2.FRFCFS-WQF.channel2.rank0.fawWaits 1
i0.defaultMemory.channel2.FRFCFS-WQF.channel2.rank0.fawWaitTotal 3
i0.defaultMemory.channel2.FRFCFS-WQF.channel2.rank0.fawWaitAverage 3
i0.defaultMemory.channel2.FRFCFS-WQF.mem_reads 12416
i0.defaultMemory.channel2.FRFCFS-WQF.mem_writes 12094
i0.defaultMemory.channel2.FRFCFS-WQF.rq_rb_hits 11910
i0.defaultMemory.channel2.FRFCFS-WQF.rq_rb_miss 506
i0.defaultMemory.channel2.FRFCFS-WQF.wq_rb_hits 11229
i0.defaultMemory.channel2.FRFCFS-WQF.wq_rb_miss 865
i0.defaultMemory.channel2.FRFCFS-WQF.total_drains 753
i0.defaultMemory.channel2.FRFCFS-WQF.total_drain_writes 12048
i0.defaultMemory.channel2.FRFCFS-WQF.average_writes_per_drain 16
i0.defaultMemory.channel2.FRFCFS-WQF.minimum_drain_writes 16
i0.defaultMemory.channel2.FRFCFS-WQF.maximum_drain_writes 16
i0.defaultMemory.channel2.FRFCFS-WQF.total_drain_cycles 306307
i0.defaultMemory.channel2.FRFCFS-WQF.average_drain_cycles 406.782
i0.defaultMemory.channel2.FRFCFS-WQF.minimum_drain_cycles 261
i0.defaultMemory.channel2.FRFCFS-WQF.maximum_drain_cycles 558
i0.defaultMemory.channel2.FRFCFS-WQF.total_non_drain_cycles 1375524
i0.defaultMemory.channel2.FRFCFS-WQF.average_drain_spacing 1826.73
i0.defaultMemory.channel2.FRFCFS-WQF.minimum_drain_spacing 375
i0.defaultMemory.channel2.FRFCFS-WQF.maximum_drain_spacing 3704
i0.defaultMemory.channel2.FRFCFS-WQF.total_read_cycles 1069217
i0.defaultMemory.channel2.FRFCFS-WQF.average_read_spacing 1419.94
i0.defaultMemory.channel2.FRFCFS-WQF.minimum_read_spacing 1
i0.defaultMemory.channel2.FRFCFS-WQF.maximum_read_spacing 3392
i0.defaultMemory.channel2.FRFCFS-WQF.total_readqueue_size 11828
i0.defaultMemory.channel2.FRFCFS-WQF.average_predrain_readqueue_size 15.7078
i0.defaultMemory.channel2.FRFCFS-WQF.minimum_predrain_readqueue_size 0
i0.defaultMemory.channel2.FRFCFS-WQF.maximum_predrain_readqueue_size 26
i0.defaultMemory.channel2.FRFCFS-WQF.total_reads_during_drain 1
i0.defaultMemory.channel2.FRFCFS-WQF.average_reads_during_drain 0.00132802
i0.defaultMemory.channel2.FRFCFS-WQF.minimum_reads_during_drain 0
i0.defaultMemory.channel2.FRFCFS-WQF.maximum_reads_during_drain 0
i0.defaultMemory.channel2.FRFCFS-WQF.starvation_precharges 1235
i0.defaultMemory.channel2.FRFCFS-WQF.averageLatency 79.5521
i0.defaultMemory.channel2.FRFCFS-WQF.averageQueueLatency 1692.53
i0.defaultMemory.channel2.FRFCFS-WQF.averageTotalLatency 1772.08
i0.defaultMemory.channel2.FRFCFS-WQF.measuredLatencies 24510
i0.defaultMemory.channel2.FRFCFS-WQF.measuredQueueLatencies 24510
i0.defaultMemory.channel2.FRFCFS-WQF.measuredTotalLatencies 24510
i0.defaultMemory.channel2.FRFCFS-WQF.simulation_cycles 1386649
i0.defaultMemory.channel2.FRFCFS-WQF.wakeupCount 40321
i0.defaultMemory.channel3.FRFCFS-WQF.channel3.rank0.bank0.subarray0.subArrayEnergy 62664.5nJ
i0.defaultMemory.channel3.FRFCFS-WQF.channel3.rank0.bank0.subarray0.activeEnergy 14.9408nJ
i0.defaultMemory.channel3.FRFCFS-WQF.channel3.rank0.bank0.subarray0.burstEnergy 2539.84nJ
i0.defaultMemory.channel3.FRFCFS-WQF.channel3.rank0.bank0.subarray0.writeEnergy 60109.7nJ
i0.defaultMemory.channel3.FRFCFS-WQF.channel3.rank0.bank0.subarray0.refreshEnergy 0nJ
i0.defaultMemory.channel3.FRFCFS-WQF.channel3.rank0.bank0.subarray0.cancelledWrites 0
i0.defaultMemory.channel3.FRFCFS-WQF.channel3.rank0.bank0.subarray0.cancelledWriteTime 0
i0.defaultMemory.channel3.FRFCFS-WQF.channel3.rank0.bank0.subarray0.pausedWrites 0
i0.defaultMemory.channel3.FRFCFS-WQF.channel3.rank0.bank0.subarray0.averagePausesPerRequest 0
i0.defaultMemory.channel3.FRFCFS-WQF.channel3.rank0.bank0.subarray0.measuredPauses 1506
i0.defaultMemory.channel3.FRFCFS-WQF.channel3.rank0.bank0.subarray0.averagePausedRequestProgress 0
i0.defaultMemory.channel3.FRFCFS-WQF.channel3.rank0.bank0.subarray0.measuredProgresses 0
i0.defaultMemory.channel3.FRFCFS-WQF.channel3.rank0.bank0.subarray0.reads 1556
i0.defaultMemory.channel3.FRFCFS-WQF.channel3.rank0.bank0.subarray0.writes 1506
i0.defaultMemory.channel3.FRFCFS-WQF.channel3.rank0.bank0.subarray0.activates 184
i0.defaultMemory.channel3.FRFCFS-WQF.channel3.rank0.bank0.subarray0.precharges 183
i0.defaultMemory.channel3.FRFCFS-WQF.channel3.rank0.bank0.subarray0.refreshes 0
i0.defaultMemory.channel3.FRFCFS-WQF.channel3.rank0.bank0.subarray0.worstCaseEndurance 18446744073709551615
i0.defaultMemory.channel3.FRFCFS-WQF.channel3.rank0.bank0.subarray0.averageEndurance 0
i0.defaultMemory.channel3.FRFCFS-WQF.channel3.rank0.bank0.subarray0.actWaits 0
i0.defaultMemory.channel3.FRFCFS-WQF.channel3.rank0.bank0.subarray0.actWaitTotal 0
i0.defaultMemory.channel3.FRFCFS-WQF.channel3.rank0.bank0.subarray0.actWaitAverage -nan
i0.defaultMemory.channel3.FRFCFS-WQF.channel3.rank0.bank0.subarray0.worstCaseWrite 0
i0.defaultMemory.channel3.FRFCFS-WQF.channel3.rank0.bank0.subarray0.num00Writes 0
i0.defaultMemory.channel3.FRFCFS-WQF.channel3.rank0.bank0.subarray0.num01Writes 0
i0.defaultMemory.channel3.FRFCFS-WQF.channel3.rank0.bank0.subarray0.num10Writes 0
i0.defaultMemory.channel3.FRFCFS-WQF.channel3.rank0.bank0.subarray0.num11Writes 0
i0.defaultMemory.channel3.FRFCFS-WQF.channel3.rank0.bank0.subarray0.averageWriteTime 60
i0.defaultMemory.channel3.FRFCFS-WQF.channel3.rank0.bank0.subarray0.measuredWriteTimes 1506
i0.defaultMemory.channel3.FRFCFS-WQF.channel3.rank0.bank0.subarray0.mlcTimingHisto {}
i0.defaultMemory.channel3.FRFCFS-WQF.channel3.rank0.bank0.subarray0.cancelCountHisto {0: 1505}
i0.defaultMemory.channel3.FRFCFS-WQF.channel3.rank0.bank0.subarray0.wpPauseHisto {}
i0.defaultMemory.channel3.FRFCFS-WQF.channel3.rank0.bank0.subarray0.wpCancelHisto {}
i0.defaultMemory.channel3.FRFCFS-WQF.channel3.rank0.bank0.bankEnergy 62664.5nJ
i0.defaultMemory.channel3.FRFCFS-WQF.channel3.rank0.bank0.activeEnergy 14.9408nJ
i0.defaultMemory.channel3.FRFCFS-WQF.channel3.rank0.bank0.burstEnergy 2539.84nJ
i0.defaultMemory.channel3.FRFCFS-WQF.channel3.rank0.bank0.refreshEnergy 0nJ
i0.defaultMemory.channel3.FRFCFS-WQF.channel3.rank0.bank0.bankPower 4.51913e+07W
i0.defaultMemory.channel3.FRFCFS-WQF.channel3.rank0.bank0.activePower 10774.8W
i0.defaultMemory.channel3.FRFCFS-WQF.channel3.rank0.bank0.burstPower 1.83164e+06W
i0.defaultMemory.channel3.FRFCFS-WQF.channel3.rank0.bank0.refreshPower 0W
i0.defaultMemory.channel3.FRFCFS-WQF.channel3.rank0.bank0.bandwidth 754.11MB/s
i0.defaultMemory.channel3.FRFCFS-WQF.channel3.rank0.bank0.dataCycles 12248
i0.defaultMemory.channel3.FRFCFS-WQF.channel3.rank0.bank0.powerCycles 1386649
i0.defaultMemory.channel3.FRFCFS-WQF.channel3.rank0.bank0.utilization 0.0088328
i0.defaultMemory.channel3.FRFCFS-WQF.channel3.rank0.bank0.reads 1556
i0.defaultMemory.channel3.FRFCFS-WQF.channel3.rank0.bank0.writes 1506
i0.defaultMemory.channel3.FRFCFS-WQF.channel3.rank0.bank0.activates 184
i0.defaultMemory.channel3.FRFCFS-WQF.channel3.rank0.bank0.precharges 183
i0.defaultMemory.channel3.FRFCFS-WQF.channel3.rank0.bank0.refreshes 0
i0.defaultMemory.channel3.FRFCFS-WQF.channel3.rank0.bank0.activeCycles 1157924
i0.defaultMemory.channel3.FRFCFS-WQF.channel3.rank0.bank0.standbyCycles 228725
i0.defaultMemory.channel3.FRFCFS-WQF.channel3.rank0.bank0.fastExitActiveCycles 0
i0.defaultMemory.channel3.FRFCFS-WQF.channel3.rank0.bank0.fastExitPrechargeCycles 0
i0.defaultMemory.channel3.FRFCFS-WQF.channel3.rank0.bank0.slowExitPrechargeCycles 0
i0.defaultMemory.channel3.FRFCFS-WQF.channel3.rank0.bank0.actWaits 0
i0.defaultMemory.channel3.FRFCFS-WQF.channel3.rank0.bank0.actWaitTotal 0
i0.defaultMemory.channel3.FRFCFS-WQF.channel3.rank0.bank0.actWaitAverage -nan
i0.defaultMemory.channel3.FRFCFS-WQF.channel3.rank0.bank0.averageEndurance 0
i0.defaultMemory.channel3.FRFCFS-WQF.channel3.rank0.bank0.worstCaseEndurance 18446744073709551615
i0.defaultMemory.channel3.FRFCFS-WQF.channel3.rank0.bank1.subarray0.subArrayEnergy 62789.2nJ
i0.defaultMemory.channel3.FRFCFS-WQF.channel3.rank0.bank1.subarray0.activeEnergy 14.8596nJ
i0.defaultMemory.channel3.FRFCFS-WQF.channel3.rank0.bank1.subarray0.burstEnergy 2544.87nJ
i0.defaultMemory.channel3.FRFCFS-WQF.channel3.rank0.bank1.subarray0.writeEnergy 60229.4nJ
i0.defaultMemory.channel3.FRFCFS-WQF.channel3.rank0.bank1.subarray0.refreshEnergy 0nJ
i0.defaultMemory.channel3.FRFCFS-WQF.channel3.rank0.bank1.subarray0.cancelledWrites 0
i0.defaultMemory.channel3.FRFCFS-WQF.channel3.rank0.bank1.subarray0.cancelledWriteTime 0
i0.defaultMemory.channel3.FRFCFS-WQF.channel3.rank0.bank1.subarray0.pausedWrites 0
i0.defaultMemory.channel3.FRFCFS-WQF.channel3.rank0.bank1.subarray0.averagePausesPerRequest 0
i0.defaultMemory.channel3.FRFCFS-WQF.channel3.rank0.bank1.subarray0.measuredPauses 1509
i0.defaultMemory.channel3.FRFCFS-WQF.channel3.rank0.bank1.subarray0.averagePausedRequestProgress 0
i0.defaultMemory.channel3.FRFCFS-WQF.channel3.rank0.bank1.subarray0.measuredProgresses 0
i0.defaultMemory.channel3.FRFCFS-WQF.channel3.rank0.bank1.subarray0.reads 1544
i0.defaultMemory.channel3.FRFCFS-WQF.channel3.rank0.bank1.subarray0.writes 1509
i0.defaultMemory.channel3.FRFCFS-WQF.channel3.rank0.bank1.subarray0.activates 183
i0.defaultMemory.channel3.FRFCFS-WQF.channel3.rank0.bank1.subarray0.precharges 182
i0.defaultMemory.channel3.FRFCFS-WQF.channel3.rank0.bank1.subarray0.refreshes 0
i0.defaultMemory.channel3.FRFCFS-WQF.channel3.rank0.bank1.subarray0.worstCaseEndurance 18446744073709551615
i0.defaultMemory.channel3.FRFCFS-WQF.channel3.rank0.bank1.subarray0.averageEndurance 0
i0.defaultMemory.channel3.FRFCFS-WQF.channel3.rank0.bank1.subarray0.actWaits 0
i0.defaultMemory.channel3.FRFCFS-WQF.channel3.rank0.bank1.subarray0.actWaitTotal 0
i0.defaultMemory.channel3.FRFCFS-WQF.channel3.rank0.bank1.subarray0.actWaitAverage -nan
i0.defaultMemory.channel3.FRFCFS-WQF.channel3.rank0.bank1.subarray0.worstCaseWrite 0
i0.defaultMemory.channel3.FRFCFS-WQF.channel3.rank0.bank1.subarray0.num00Writes 0
i0.defaultMemory.channel3.FRFCFS-WQF.channel3.rank0.bank1.subarray0.num01Writes 0
i0.defaultMemory.channel3.FRFCFS-WQF.channel3.rank0.bank1.subarray0.num10Writes 0
i0.defaultMemory.channel3.FRFCFS-WQF.channel3.rank0.bank1.subarray0.num11Writes 0
i0.defaultMemory.channel3.FRFCFS-WQF.channel3.rank0.bank1.subarray0.averageWriteTime 60
i0.defaultMemory.channel3.FRFCFS-WQF.channel3.rank0.bank1.subarray0.measuredWriteTimes 1509
i0.defaultMemory.channel3.FRFCFS-WQF.channel3.rank0.bank1.subarray0.mlcTimingHisto {}
i0.defaultMemory.channel3.FRFCFS-WQF.channel3.rank0.bank1.subarray0.cancelCountHisto {0: 1508}
i0.defaultMemory.channel3.FRFCFS-WQF.channel3.rank0.bank1.subarray0.wpPauseHisto {}
i0.defaultMemory.channel3.FRFCFS-WQF.channel3.rank0.bank1.subarray0.wpCancelHisto {}
i0.defaultMemory.channel3.FRFCFS-WQF.channel3.rank0.bank1.bankEnergy 62789.2nJ
i0.defaultMemory.channel3.FRFCFS-WQF.channel3.rank0.bank1.activeEnergy 14.8596nJ
i0.defaultMemory.channel3.FRFCFS-WQF.channel3.rank0.bank1.burstEnergy 2544.87nJ
i0.defaultMemory.channel3.FRFCFS-WQF.channel3.rank0.bank1.refreshEnergy 0nJ
i0.defaultMemory.channel3.FRFCFS-WQF.channel3.rank0.bank1.bankPower 4.52812e+07W
i0.defaultMemory.channel3.FRFCFS-WQF.channel3.rank0.bank1.activePower 10716.2W
i0.defaultMemory.channel3.FRFCFS-WQF.channel3.rank0.bank1.burstPower 1.83527e+06W
i0.defaultMemory.channel3.FRFCFS-WQF.channel3.rank0.bank1.refreshPower 0W
i0.defaultMemory.channel3.FRFCFS-WQF.channel3.rank0.bank1.bandwidth 751.893MB/s
i0.defaultMemory.channel3.FRFCFS-WQF.channel3.rank0.bank1.dataCycles 12212
i0.defaultMemory.channel3.FRFCFS-WQF.channel3.rank0.bank1.powerCycles 1386649
i0.defaultMemory.channel3.FRFCFS-WQF.channel3.rank0.bank1.utilization 0.00880684
i0.defaultMemory.channel3.FRFCFS-WQF.channel3.rank0.bank1.reads 1544
i0.defaultMemory.channel3.FRFCFS-WQF.channel3.rank0.bank1.writes 1509
i0.defaultMemory.channel3.FRFCFS-WQF.channel3.rank0.bank1.activates 183
i0.defaultMemory.channel3.FRFCFS-WQF.channel3.rank0.bank1.precharges 182
i0.defaultMemory.channel3.FRFCFS-WQF.channel3.rank0.bank1.refreshes 0
i0.defaultMemory.channel3.FRFCFS-WQF.channel3.rank0.bank1.activeCycles 1150231
i0.defaultMemory.channel3.FRFCFS-WQF.channel3.rank0.bank1.standbyCycles 236418
i0.defaultMemory.channel3.FRFCFS-WQF.channel3.rank0.bank1.fastExitActiveCycles 0
i0.defaultMemory.channel3.FRFCFS-WQF.channel3.rank0.bank1.fastExitPrechargeCycles 0
i0.defaultMemory.channel3.FRFCFS-WQF.channel3.rank0.bank1.slowExitPrechargeCycles 0
i0.defaultMemory.channel3.FRFCFS-WQF.channel3.rank0.bank1.actWaits 0
i0.defaultMemory.channel3.FRFCFS-WQF.channel3.rank0.bank1.actWaitTotal 0
i0.defaultMemory.channel3.FRFCFS-WQF.channel3.rank0.bank1.actWaitAverage -nan
i0.defaultMemory.channel3.FRFCFS-WQF.channel3.rank0.bank1.averageEndurance 0
i0.defaultMemory.channel3.FRFCFS-WQF.channel3.rank0.bank1.worstCaseEndurance 18446744073709551615
i0.defaultMemory.channel3.FRFCFS-WQF.channel3.rank0.bank2.subarray0.subArrayEnergy 62831.2nJ
i0.defaultMemory.channel3.FRFCFS-WQF.channel3.rank0.bank2.subarray0.activeEnergy 15.2656nJ
i0.defaultMemory.channel3.FRFCFS-WQF.channel3.rank0.bank2.subarray0.burstEnergy 2546.58nJ
i0.defaultMemory.channel3.FRFCFS-WQF.channel3.rank0.bank2.subarray0.writeEnergy 60269.3nJ
i0.defaultMemory.channel3.FRFCFS-WQF.channel3.rank0.bank2.subarray0.refreshEnergy 0nJ
i0.defaultMemory.channel3.FRFCFS-WQF.channel3.rank0.bank2.subarray0.cancelledWrites 0
i0.defaultMemory.channel3.FRFCFS-WQF.channel3.rank0.bank2.subarray0.cancelledWriteTime 0
i0.defaultMemory.channel3.FRFCFS-WQF.channel3.rank0.bank2.subarray0.pausedWrites 0
i0.defaultMemory.channel3.FRFCFS-WQF.channel3.rank0.bank2.subarray0.averagePausesPerRequest 0
i0.defaultMemory.channel3.FRFCFS-WQF.channel3.rank0.bank2.subarray0.measuredPauses 1510
i0.defaultMemory.channel3.FRFCFS-WQF.channel3.rank0.bank2.subarray0.averagePausedRequestProgress 0
i0.defaultMemory.channel3.FRFCFS-WQF.channel3.rank0.bank2.subarray0.measuredProgresses 0
i0.defaultMemory.channel3.FRFCFS-WQF.channel3.rank0.bank2.subarray0.reads 1554
i0.defaultMemory.channel3.FRFCFS-WQF.channel3.rank0.bank2.subarray0.writes 1510
i0.defaultMemory.channel3.FRFCFS-WQF.channel3.rank0.bank2.subarray0.activates 188
i0.defaultMemory.channel3.FRFCFS-WQF.channel3.rank0.bank2.subarray0.precharges 187
i0.defaultMemory.channel3.FRFCFS-WQF.channel3.rank0.bank2.subarray0.refreshes 0
i0.defaultMemory.channel3.FRFCFS-WQF.channel3.rank0.bank2.subarray0.worstCaseEndurance 18446744073709551615
i0.defaultMemory.channel3.FRFCFS-WQF.channel3.rank0.bank2.subarray0.averageEndurance 0
i0.defaultMemory.channel3.FRFCFS-WQF.channel3.rank0.bank2.subarray0.actWaits 0
i0.defaultMemory.channel3.FRFCFS-WQF.channel3.rank0.bank2.subarray0.actWaitTotal 0
i0.defaultMemory.channel3.FRFCFS-WQF.channel3.rank0.bank2.subarray0.actWaitAverage -nan
i0.defaultMemory.channel3.FRFCFS-WQF.channel3.rank0.bank2.subarray0.worstCaseWrite 0
i0.defaultMemory.channel3.FRFCFS-WQF.channel3.rank0.bank2.subarray0.num00Writes 0
i0.defaultMemory.channel3.FRFCFS-WQF.channel3.rank0.bank2.subarray0.num01Writes 0
i0.defaultMemory.channel3.FRFCFS-WQF.channel3.rank0.bank2.subarray0.num10Writes 0
i0.defaultMemory.channel3.FRFCFS-WQF.channel3.rank0.bank2.subarray0.num11Writes 0
i0.defaultMemory.channel3.FRFCFS-WQF.channel3.rank0.bank2.subarray0.averageWriteTime 60
i0.defaultMemory.channel3.FRFCFS-WQF.channel3.rank0.bank2.subarray0.measuredWriteTimes 1510
i0.defaultMemory.channel3.FRFCFS-WQF.channel3.rank0.bank2.subarray0.mlcTimingHisto {}
i0.defaultMemory.channel3.FRFCFS-WQF.channel3.rank0.bank2.subarray0.cancelCountHisto {0: 1509}
i0.defaultMemory.channel3.FRFCFS-WQF.channel3.rank0.bank2.subarray0.wpPauseHisto {}
i0.defaultMemory.channel3.FRFCFS-WQF.channel3.rank0.bank2.subarray0.wpCancelHisto {}
i0.defaultMemory.channel3.FRFCFS-WQF.channel3.rank0.bank2.bankEnergy 62831.2nJ
i0.defaultMemory.channel3.FRFCFS-WQF.channel3.rank0.bank2.activeEnergy 15.2656nJ
i0.defaultMemory.channel3.FRFCFS-WQF.channel3.rank0.bank2.burstEnergy 2546.58nJ
i0.defaultMemory.channel3.FRFCFS-WQF.channel3.rank0.bank2.refreshEnergy 0nJ
i0.defaultMemory.channel3.FRFCFS-WQF.channel3.rank0.bank2.bankPower 4.53115e+07W
i0.defaultMemory.channel3.FRFCFS-WQF.channel3.rank0.bank2.activePower 11009W
i0.defaultMemory.channel3.FRFCFS-WQF.channel3.rank0.bank2.burstPower 1.8365e+06W
i0.defaultMemory.channel3.FRFCFS-WQF.channel3.rank0.bank2.refreshPower 0W
i0.defaultMemory.channel3.FRFCFS-WQF.channel3.rank0.bank2.bandwidth 754.602MB/s
i0.defaultMemory.channel3.FRFCFS-WQF.channel3.rank0.bank2.dataCycles 12256
i0.defaultMemory.channel3.FRFCFS-WQF.channel3.rank0.bank2.powerCycles 1386649
i0.defaultMemory.channel3.FRFCFS-WQF.channel3.rank0.bank2.utilization 0.00883857
i0.defaultMemory.channel3.FRFCFS-WQF.channel3.rank0.bank2.reads 1554
i0.defaultMemory.channel3.FRFCFS-WQF.channel3.rank0.bank2.writes 1510
i0.defaultMemory.channel3.FRFCFS-WQF.channel3.rank0.bank2.activates 188
i0.defaultMemory.channel3.FRFCFS-WQF.channel3.rank0.bank2.precharges 187
i0.defaultMemory.channel3.FRFCFS-WQF.channel3.rank0.bank2.refreshes 0
i0.defaultMemory.channel3.FRFCFS-WQF.channel3.rank0.bank2.activeCycles 1151608
i0.defaultMemory.channel3.FRFCFS-WQF.channel3.rank0.bank2.standbyCycles 235041
i0.defaultMemory.channel3.FRFCFS-WQF.channel3.rank0.bank2.fastExitActiveCycles 0
i0.defaultMemory.channel3.FRFCFS-WQF.channel3.rank0.bank2.fastExitPrechargeCycles 0
i0.defaultMemory.channel3.FRFCFS-WQF.channel3.rank0.bank2.slowExitPrechargeCycles 0
i0.defaultMemory.channel3.FRFCFS-WQF.channel3.rank0.bank2.actWaits 0
i0.defaultMemory.channel3.FRFCFS-WQF.channel3.rank0.bank2.actWaitTotal 0
i0.defaultMemory.channel3.FRFCFS-WQF.channel3.rank0.bank2.actWaitAverage -nan
i0.defaultMemory.channel3.FRFCFS-WQF.channel3.rank0.bank2.averageEndurance 0
i0.defaultMemory.channel3.FRFCFS-WQF.channel3.rank0.bank2.worstCaseEndurance 18446744073709551615
i0.defaultMemory.channel3.FRFCFS-WQF.channel3.rank0.bank3.subarray0.subArrayEnergy 63376.7nJ
i0.defaultMemory.channel3.FRFCFS-WQF.channel3.rank0.bank3.subarray0.activeEnergy 19.9752nJ
i0.defaultMemory.channel3.FRFCFS-WQF.channel3.rank0.bank3.subarray0.burstEnergy 2568.54nJ
i0.defaultMemory.channel3.FRFCFS-WQF.channel3.rank0.bank3.subarray0.writeEnergy 60788.2nJ
i0.defaultMemory.channel3.FRFCFS-WQF.channel3.rank0.bank3.subarray0.refreshEnergy 0nJ
i0.defaultMemory.channel3.FRFCFS-WQF.channel3.rank0.bank3.subarray0.cancelledWrites 0
i0.defaultMemory.channel3.FRFCFS-WQF.channel3.rank0.bank3.subarray0.cancelledWriteTime 0
i0.defaultMemory.channel3.FRFCFS-WQF.channel3.rank0.bank3.subarray0.pausedWrites 0
i0.defaultMemory.channel3.FRFCFS-WQF.channel3.rank0.bank3.subarray0.averagePausesPerRequest 0
i0.defaultMemory.channel3.FRFCFS-WQF.channel3.rank0.bank3.subarray0.measuredPauses 1523
i0.defaultMemory.channel3.FRFCFS-WQF.channel3.rank0.bank3.subarray0.averagePausedRequestProgress 0
i0.defaultMemory.channel3.FRFCFS-WQF.channel3.rank0.bank3.subarray0.measuredProgresses 0
i0.defaultMemory.channel3.FRFCFS-WQF.channel3.rank0.bank3.subarray0.reads 1594
i0.defaultMemory.channel3.FRFCFS-WQF.channel3.rank0.bank3.subarray0.writes 1523
i0.defaultMemory.channel3.FRFCFS-WQF.channel3.rank0.bank3.subarray0.activates 246
i0.defaultMemory.channel3.FRFCFS-WQF.channel3.rank0.bank3.subarray0.precharges 245
i0.defaultMemory.channel3.FRFCFS-WQF.channel3.rank0.bank3.subarray0.refreshes 0
i0.defaultMemory.channel3.FRFCFS-WQF.channel3.rank0.bank3.subarray0.worstCaseEndurance 18446744073709551615
i0.defaultMemory.channel3.FRFCFS-WQF.channel3.rank0.bank3.subarray0.averageEndurance 0
i0.defaultMemory.channel3.FRFCFS-WQF.channel3.rank0.bank3.subarray0.actWaits 0
i0.defaultMemory.channel3.FRFCFS-WQF.channel3.rank0.bank3.subarray0.actWaitTotal 0
i0.defaultMemory.channel3.FRFCFS-WQF.channel3.rank0.bank3.subarray0.actWaitAverage -nan
i0.defaultMemory.channel3.FRFCFS-WQF.channel3.rank0.bank3.subarray0.worstCaseWrite 0
i0.defaultMemory.channel3.FRFCFS-WQF.channel3.rank0.bank3.subarray0.num00Writes 0
i0.defaultMemory.channel3.FRFCFS-WQF.channel3.rank0.bank3.subarray0.num01Writes 0
i0.defaultMemory.channel3.FRFCFS-WQF.channel3.rank0.bank3.subarray0.num10Writes 0
i0.defaultMemory.channel3.FRFCFS-WQF.channel3.rank0.bank3.subarray0.num11Writes 0
i0.defaultMemory.channel3.FRFCFS-WQF.channel3.rank0.bank3.subarray0.averageWriteTime 60
i0.defaultMemory.channel3.FRFCFS-WQF.channel3.rank0.bank3.subarray0.measuredWriteTimes 1523
i0.defaultMemory.channel3.FRFCFS-WQF.channel3.rank0.bank3.subarray0.mlcTimingHisto {}
i0.defaultMemory.channel3.FRFCFS-WQF.channel3.rank0.bank3.subarray0.cancelCountHisto {0: 1522}
i0.defaultMemory.channel3.FRFCFS-WQF.channel3.rank0.bank3.subarray0.wpPauseHisto {}
i0.defaultMemory.channel3.FRFCFS-WQF.channel3.rank0.bank3.subarray0.wpCancelHisto {}
i0.defaultMemory.channel3.FRFCFS-WQF.channel3.rank0.bank3.bankEnergy 63376.7nJ
i0.defaultMemory.channel3.FRFCFS-WQF.channel3.rank0.bank3.activeEnergy 19.9752nJ
i0.defaultMemory.channel3.FRFCFS-WQF.channel3.rank0.bank3.burstEnergy 2568.54nJ
i0.defaultMemory.channel3.FRFCFS-WQF.channel3.rank0.bank3.refreshEnergy 0nJ
i0.defaultMemory.channel3.FRFCFS-WQF.channel3.rank0.bank3.bankPower 4.5705e+07W
i0.defaultMemory.channel3.FRFCFS-WQF.channel3.rank0.bank3.activePower 14405.4W
i0.defaultMemory.channel3.FRFCFS-WQF.channel3.rank0.bank3.burstPower 1.85234e+06W
i0.defaultMemory.channel3.FRFCFS-WQF.channel3.rank0.bank3.refreshPower 0W
i0.defaultMemory.channel3.FRFCFS-WQF.channel3.rank0.bank3.bandwidth 767.655MB/s
i0.defaultMemory.channel3.FRFCFS-WQF.channel3.rank0.bank3.dataCycles 12468
i0.defaultMemory.channel3.FRFCFS-WQF.channel3.rank0.bank3.powerCycles 1386649
i0.defaultMemory.channel3.FRFCFS-WQF.channel3.rank0.bank3.utilization 0.00899146
i0.defaultMemory.channel3.FRFCFS-WQF.channel3.rank0.bank3.reads 1594
i0.defaultMemory.channel3.FRFCFS-WQF.channel3.rank0.bank3.writes 1523
i0.defaultMemory.channel3.FRFCFS-WQF.channel3.rank0.bank3.activates 246
i0.defaultMemory.channel3.FRFCFS-WQF.channel3.rank0.bank3.precharges 245
i0.defaultMemory.channel3.FRFCFS-WQF.channel3.rank0.bank3.refreshes 0
i0.defaultMemory.channel3.FRFCFS-WQF.channel3.rank0.bank3.activeCycles 1227044
i0.defaultMemory.channel3.FRFCFS-WQF.channel3.rank0.bank3.standbyCycles 159605
i0.defaultMemory.channel3.FRFCFS-WQF.channel3.rank0.bank3.fastExitActiveCycles 0
i0.defaultMemory.channel3.FRFCFS-WQF.channel3.rank0.bank3.fastExitPrechargeCycles 0
i0.defaultMemory.channel3.FRFCFS-WQF.channel3.rank0.bank3.slowExitPrechargeCycles 0
i0.defaultMemory.channel3.FRFCFS-WQF.channel3.rank0.bank3.actWaits 0
i0.defaultMemory.channel3.FRFCFS-WQF.channel3.rank0.bank3.actWaitTotal 0
i0.defaultMemory.channel3.FRFCFS-WQF.channel3.rank0.bank3.actWaitAverage -nan
i0.defaultMemory.channel3.FRFCFS-WQF.channel3.rank0.bank3.averageEndurance 0
i0.defaultMemory.channel3.FRFCFS-WQF.channel3.rank0.bank3.worstCaseEndurance 18446744073709551615
i0.defaultMemory.channel3.FRFCFS-WQF.channel3.rank0.bank4.subarray0.subArrayEnergy 62872.8nJ
i0.defaultMemory.channel3.FRFCFS-WQF.channel3.rank0.bank4.subarray0.activeEnergy 15.2656nJ
i0.defaultMemory.channel3.FRFCFS-WQF.channel3.rank0.bank4.subarray0.burstEnergy 2548.25nJ
i0.defaultMemory.channel3.FRFCFS-WQF.channel3.rank0.bank4.subarray0.writeEnergy 60309.3nJ
i0.defaultMemory.channel3.FRFCFS-WQF.channel3.rank0.bank4.subarray0.refreshEnergy 0nJ
i0.defaultMemory.channel3.FRFCFS-WQF.channel3.rank0.bank4.subarray0.cancelledWrites 0
i0.defaultMemory.channel3.FRFCFS-WQF.channel3.rank0.bank4.subarray0.cancelledWriteTime 0
i0.defaultMemory.channel3.FRFCFS-WQF.channel3.rank0.bank4.subarray0.pausedWrites 0
i0.defaultMemory.channel3.FRFCFS-WQF.channel3.rank0.bank4.subarray0.averagePausesPerRequest 0
i0.defaultMemory.channel3.FRFCFS-WQF.channel3.rank0.bank4.subarray0.measuredPauses 1511
i0.defaultMemory.channel3.FRFCFS-WQF.channel3.rank0.bank4.subarray0.averagePausedRequestProgress 0
i0.defaultMemory.channel3.FRFCFS-WQF.channel3.rank0.bank4.subarray0.measuredProgresses 0
i0.defaultMemory.channel3.FRFCFS-WQF.channel3.rank0.bank4.subarray0.reads 1548
i0.defaultMemory.channel3.FRFCFS-WQF.channel3.rank0.bank4.subarray0.writes 1511
i0.defaultMemory.channel3.FRFCFS-WQF.channel3.rank0.bank4.subarray0.activates 188
i0.defaultMemory.channel3.FRFCFS-WQF.channel3.rank0.bank4.subarray0.precharges 187
i0.defaultMemory.channel3.FRFCFS-WQF.channel3.rank0.bank4.subarray0.refreshes 0
i0.defaultMemory.channel3.FRFCFS-WQF.channel3.rank0.bank4.subarray0.worstCaseEndurance 18446744073709551615
i0.defaultMemory.channel3.FRFCFS-WQF.channel3.rank0.bank4.subarray0.averageEndurance 0
i0.defaultMemory.channel3.FRFCFS-WQF.channel3.rank0.bank4.subarray0.actWaits 0
i0.defaultMemory.channel3.FRFCFS-WQF.channel3.rank0.bank4.subarray0.actWaitTotal 0
i0.defaultMemory.channel3.FRFCFS-WQF.channel3.rank0.bank4.subarray0.actWaitAverage -nan
i0.defaultMemory.channel3.FRFCFS-WQF.channel3.rank0.bank4.subarray0.worstCaseWrite 0
i0.defaultMemory.channel3.FRFCFS-WQF.channel3.rank0.bank4.subarray0.num00Writes 0
i0.defaultMemory.channel3.FRFCFS-WQF.channel3.rank0.bank4.subarray0.num01Writes 0
i0.defaultMemory.channel3.FRFCFS-WQF.channel3.rank0.bank4.subarray0.num10Writes 0
i0.defaultMemory.channel3.FRFCFS-WQF.channel3.rank0.bank4.subarray0.num11Writes 0
i0.defaultMemory.channel3.FRFCFS-WQF.channel3.rank0.bank4.subarray0.averageWriteTime 60
i0.defaultMemory.channel3.FRFCFS-WQF.channel3.rank0.bank4.subarray0.measuredWriteTimes 1511
i0.defaultMemory.channel3.FRFCFS-WQF.channel3.rank0.bank4.subarray0.mlcTimingHisto {}
i0.defaultMemory.channel3.FRFCFS-WQF.channel3.rank0.bank4.subarray0.cancelCountHisto {0: 1510}
i0.defaultMemory.channel3.FRFCFS-WQF.channel3.rank0.bank4.subarray0.wpPauseHisto {}
i0.defaultMemory.channel3.FRFCFS-WQF.channel3.rank0.bank4.subarray0.wpCancelHisto {}
i0.defaultMemory.channel3.FRFCFS-WQF.channel3.rank0.bank4.bankEnergy 62872.8nJ
i0.defaultMemory.channel3.FRFCFS-WQF.channel3.rank0.bank4.activeEnergy 15.2656nJ
i0.defaultMemory.channel3.FRFCFS-WQF.channel3.rank0.bank4.burstEnergy 2548.25nJ
i0.defaultMemory.channel3.FRFCFS-WQF.channel3.rank0.bank4.refreshEnergy 0nJ
i0.defaultMemory.channel3.FRFCFS-WQF.channel3.rank0.bank4.bankPower 4.53415e+07W
i0.defaultMemory.channel3.FRFCFS-WQF.channel3.rank0.bank4.activePower 11009W
i0.defaultMemory.channel3.FRFCFS-WQF.channel3.rank0.bank4.burstPower 1.8377e+06W
i0.defaultMemory.channel3.FRFCFS-WQF.channel3.rank0.bank4.refreshPower 0W
i0.defaultMemory.channel3.FRFCFS-WQF.channel3.rank0.bank4.bandwidth 753.371MB/s
i0.defaultMemory.channel3.FRFCFS-WQF.channel3.rank0.bank4.dataCycles 12236
i0.defaultMemory.channel3.FRFCFS-WQF.channel3.rank0.bank4.powerCycles 1386649
i0.defaultMemory.channel3.FRFCFS-WQF.channel3.rank0.bank4.utilization 0.00882415
i0.defaultMemory.channel3.FRFCFS-WQF.channel3.rank0.bank4.reads 1548
i0.defaultMemory.channel3.FRFCFS-WQF.channel3.rank0.bank4.writes 1511
i0.defaultMemory.channel3.FRFCFS-WQF.channel3.rank0.bank4.activates 188
i0.defaultMemory.channel3.FRFCFS-WQF.channel3.rank0.bank4.precharges 187
i0.defaultMemory.channel3.FRFCFS-WQF.channel3.rank0.bank4.refreshes 0
i0.defaultMemory.channel3.FRFCFS-WQF.channel3.rank0.bank4.activeCycles 1157120
i0.defaultMemory.channel3.FRFCFS-WQF.channel3.rank0.bank4.standbyCycles 229529
i0.defaultMemory.channel3.FRFCFS-WQF.channel3.rank0.bank4.fastExitActiveCycles 0
i0.defaultMemory.channel3.FRFCFS-WQF.channel3.rank0.bank4.fastExitPrechargeCycles 0
i0.defaultMemory.channel3.FRFCFS-WQF.channel3.rank0.bank4.slowExitPrechargeCycles 0
i0.defaultMemory.channel3.FRFCFS-WQF.channel3.rank0.bank4.actWaits 0
i0.defaultMemory.channel3.FRFCFS-WQF.channel3.rank0.bank4.actWaitTotal 0
i0.defaultMemory.channel3.FRFCFS-WQF.channel3.rank0.bank4.actWaitAverage -nan
i0.defaultMemory.channel3.FRFCFS-WQF.channel3.rank0.bank4.averageEndurance 0
i0.defaultMemory.channel3.FRFCFS-WQF.channel3.rank0.bank4.worstCaseEndurance 18446744073709551615
i0.defaultMemory.channel3.FRFCFS-WQF.channel3.rank0.bank5.subarray0.subArrayEnergy 62668.4nJ
i0.defaultMemory.channel3.FRFCFS-WQF.channel3.rank0.bank5.subarray0.activeEnergy 18.9196nJ
i0.defaultMemory.channel3.FRFCFS-WQF.channel3.rank0.bank5.subarray0.burstEnergy 2539.82nJ
i0.defaultMemory.channel3.FRFCFS-WQF.channel3.rank0.bank5.subarray0.writeEnergy 60109.7nJ
i0.defaultMemory.channel3.FRFCFS-WQF.channel3.rank0.bank5.subarray0.refreshEnergy 0nJ
i0.defaultMemory.channel3.FRFCFS-WQF.channel3.rank0.bank5.subarray0.cancelledWrites 0
i0.defaultMemory.channel3.FRFCFS-WQF.channel3.rank0.bank5.subarray0.cancelledWriteTime 0
i0.defaultMemory.channel3.FRFCFS-WQF.channel3.rank0.bank5.subarray0.pausedWrites 0
i0.defaultMemory.channel3.FRFCFS-WQF.channel3.rank0.bank5.subarray0.averagePausesPerRequest 0
i0.defaultMemory.channel3.FRFCFS-WQF.channel3.rank0.bank5.subarray0.measuredPauses 1506
i0.defaultMemory.channel3.FRFCFS-WQF.channel3.rank0.bank5.subarray0.averagePausedRequestProgress 0
i0.defaultMemory.channel3.FRFCFS-WQF.channel3.rank0.bank5.subarray0.measuredProgresses 0
i0.defaultMemory.channel3.FRFCFS-WQF.channel3.rank0.bank5.subarray0.reads 1545
i0.defaultMemory.channel3.FRFCFS-WQF.channel3.rank0.bank5.subarray0.writes 1506
i0.defaultMemory.channel3.FRFCFS-WQF.channel3.rank0.bank5.subarray0.activates 233
i0.defaultMemory.channel3.FRFCFS-WQF.channel3.rank0.bank5.subarray0.precharges 232
i0.defaultMemory.channel3.FRFCFS-WQF.channel3.rank0.bank5.subarray0.refreshes 0
i0.defaultMemory.channel3.FRFCFS-WQF.channel3.rank0.bank5.subarray0.worstCaseEndurance 18446744073709551615
i0.defaultMemory.channel3.FRFCFS-WQF.channel3.rank0.bank5.subarray0.averageEndurance 0
i0.defaultMemory.channel3.FRFCFS-WQF.channel3.rank0.bank5.subarray0.actWaits 0
i0.defaultMemory.channel3.FRFCFS-WQF.channel3.rank0.bank5.subarray0.actWaitTotal 0
i0.defaultMemory.channel3.FRFCFS-WQF.channel3.rank0.bank5.subarray0.actWaitAverage -nan
i0.defaultMemory.channel3.FRFCFS-WQF.channel3.rank0.bank5.subarray0.worstCaseWrite 0
i0.defaultMemory.channel3.FRFCFS-WQF.channel3.rank0.bank5.subarray0.num00Writes 0
i0.defaultMemory.channel3.FRFCFS-WQF.channel3.rank0.bank5.subarray0.num01Writes 0
i0.defaultMemory.channel3.FRFCFS-WQF.channel3.rank0.bank5.subarray0.num10Writes 0
i0.defaultMemory.channel3.FRFCFS-WQF.channel3.rank0.bank5.subarray0.num11Writes 0
i0.defaultMemory.channel3.FRFCFS-WQF.channel3.rank0.bank5.subarray0.averageWriteTime 60
i0.defaultMemory.channel3.FRFCFS-WQF.channel3.rank0.bank5.subarray0.measuredWriteTimes 1506
i0.defaultMemory.channel3.FRFCFS-WQF.channel3.rank0.bank5.subarray0.mlcTimingHisto {}
i0.defaultMemory.channel3.FRFCFS-WQF.channel3.rank0.bank5.subarray0.cancelCountHisto {0: 1505}
i0.defaultMemory.channel3.FRFCFS-WQF.channel3.rank0.bank5.subarray0.wpPauseHisto {}
i0.defaultMemory.channel3.FRFCFS-WQF.channel3.rank0.bank5.subarray0.wpCancelHisto {}
i0.defaultMemory.channel3.FRFCFS-WQF.channel3.rank0.bank5.bankEnergy 62668.4nJ
i0.defaultMemory.channel3.FRFCFS-WQF.channel3.rank0.bank5.activeEnergy 18.9196nJ
i0.defaultMemory.channel3.FRFCFS-WQF.channel3.rank0.bank5.burstEnergy 2539.82nJ
i0.defaultMemory.channel3.FRFCFS-WQF.channel3.rank0.bank5.refreshEnergy 0nJ
i0.defaultMemory.channel3.FRFCFS-WQF.channel3.rank0.bank5.bankPower 4.51942e+07W
i0.defaultMemory.channel3.FRFCFS-WQF.channel3.rank0.bank5.activePower 13644.1W
i0.defaultMemory.channel3.FRFCFS-WQF.channel3.rank0.bank5.burstPower 1.83163e+06W
i0.defaultMemory.channel3.FRFCFS-WQF.channel3.rank0.bank5.refreshPower 0W
i0.defaultMemory.channel3.FRFCFS-WQF.channel3.rank0.bank5.bandwidth 751.4MB/s
i0.defaultMemory.channel3.FRFCFS-WQF.channel3.rank0.bank5.dataCycles 12204
i0.defaultMemory.channel3.FRFCFS-WQF.channel3.rank0.bank5.powerCycles 1386649
i0.defaultMemory.channel3.FRFCFS-WQF.channel3.rank0.bank5.utilization 0.00880107
i0.defaultMemory.channel3.FRFCFS-WQF.channel3.rank0.bank5.reads 1545
i0.defaultMemory.channel3.FRFCFS-WQF.channel3.rank0.bank5.writes 1506
i0.defaultMemory.channel3.FRFCFS-WQF.channel3.rank0.bank5.activates 233
i0.defaultMemory.channel3.FRFCFS-WQF.channel3.rank0.bank5.precharges 232
i0.defaultMemory.channel3.FRFCFS-WQF.channel3.rank0.bank5.refreshes 0
i0.defaultMemory.channel3.FRFCFS-WQF.channel3.rank0.bank5.activeCycles 1159081
i0.defaultMemory.channel3.FRFCFS-WQF.channel3.rank0.bank5.standbyCycles 227568
i0.defaultMemory.channel3.FRFCFS-WQF.channel3.rank0.bank5.fastExitActiveCycles 0
i0.defaultMemory.channel3.FRFCFS-WQF.channel3.rank0.bank5.fastExitPrechargeCycles 0
i0.defaultMemory.channel3.FRFCFS-WQF.channel3.rank0.bank5.slowExitPrechargeCycles 0
i0.defaultMemory.channel3.FRFCFS-WQF.channel3.rank0.bank5.actWaits 0
i0.defaultMemory.channel3.FRFCFS-WQF.channel3.rank0.bank5.actWaitTotal 0
i0.defaultMemory.channel3.FRFCFS-WQF.channel3.rank0.bank5.actWaitAverage -nan
i0.defaultMemory.channel3.FRFCFS-WQF.channel3.rank0.bank5.averageEndurance 0
i0.defaultMemory.channel3.FRFCFS-WQF.channel3.rank0.bank5.worstCaseEndurance 18446744073709551615
i0.defaultMemory.channel3.FRFCFS-WQF.channel3.rank0.bank6.subarray0.subArrayEnergy 62584.4nJ
i0.defaultMemory.channel3.FRFCFS-WQF.channel3.rank0.bank6.subarray0.activeEnergy 18.1076nJ
i0.defaultMemory.channel3.FRFCFS-WQF.channel3.rank0.bank6.subarray0.burstEnergy 2536.44nJ
i0.defaultMemory.channel3.FRFCFS-WQF.channel3.rank0.bank6.subarray0.writeEnergy 60029.9nJ
i0.defaultMemory.channel3.FRFCFS-WQF.channel3.rank0.bank6.subarray0.refreshEnergy 0nJ
i0.defaultMemory.channel3.FRFCFS-WQF.channel3.rank0.bank6.subarray0.cancelledWrites 0
i0.defaultMemory.channel3.FRFCFS-WQF.channel3.rank0.bank6.subarray0.cancelledWriteTime 0
i0.defaultMemory.channel3.FRFCFS-WQF.channel3.rank0.bank6.subarray0.pausedWrites 0
i0.defaultMemory.channel3.FRFCFS-WQF.channel3.rank0.bank6.subarray0.averagePausesPerRequest 0
i0.defaultMemory.channel3.FRFCFS-WQF.channel3.rank0.bank6.subarray0.measuredPauses 1504
i0.defaultMemory.channel3.FRFCFS-WQF.channel3.rank0.bank6.subarray0.averagePausedRequestProgress 0
i0.defaultMemory.channel3.FRFCFS-WQF.channel3.rank0.bank6.subarray0.measuredProgresses 0
i0.defaultMemory.channel3.FRFCFS-WQF.channel3.rank0.bank6.subarray0.reads 1540
i0.defaultMemory.channel3.FRFCFS-WQF.channel3.rank0.bank6.subarray0.writes 1504
i0.defaultMemory.channel3.FRFCFS-WQF.channel3.rank0.bank6.subarray0.activates 223
i0.defaultMemory.channel3.FRFCFS-WQF.channel3.rank0.bank6.subarray0.precharges 222
i0.defaultMemory.channel3.FRFCFS-WQF.channel3.rank0.bank6.subarray0.refreshes 0
i0.defaultMemory.channel3.FRFCFS-WQF.channel3.rank0.bank6.subarray0.worstCaseEndurance 18446744073709551615
i0.defaultMemory.channel3.FRFCFS-WQF.channel3.rank0.bank6.subarray0.averageEndurance 0
i0.defaultMemory.channel3.FRFCFS-WQF.channel3.rank0.bank6.subarray0.actWaits 0
i0.defaultMemory.channel3.FRFCFS-WQF.channel3.rank0.bank6.subarray0.actWaitTotal 0
i0.defaultMemory.channel3.FRFCFS-WQF.channel3.rank0.bank6.subarray0.actWaitAverage -nan
i0.defaultMemory.channel3.FRFCFS-WQF.channel3.rank0.bank6.subarray0.worstCaseWrite 0
i0.defaultMemory.channel3.FRFCFS-WQF.channel3.rank0.bank6.subarray0.num00Writes 0
i0.defaultMemory.channel3.FRFCFS-WQF.channel3.rank0.bank6.subarray0.num01Writes 0
i0.defaultMemory.channel3.FRFCFS-WQF.channel3.rank0.bank6.subarray0.num10Writes 0
i0.defaultMemory.channel3.FRFCFS-WQF.channel3.rank0.bank6.subarray0.num11Writes 0
i0.defaultMemory.channel3.FRFCFS-WQF.channel3.rank0.bank6.subarray0.averageWriteTime 60
i0.defaultMemory.channel3.FRFCFS-WQF.channel3.rank0.bank6.subarray0.measuredWriteTimes 1504
i0.defaultMemory.channel3.FRFCFS-WQF.channel3.rank0.bank6.subarray0.mlcTimingHisto {}
i0.defaultMemory.channel3.FRFCFS-WQF.channel3.rank0.bank6.subarray0.cancelCountHisto {0: 1503}
i0.defaultMemory.channel3.FRFCFS-WQF.channel3.rank0.bank6.subarray0.wpPauseHisto {}
i0.defaultMemory.channel3.FRFCFS-WQF.channel3.rank0.bank6.subarray0.wpCancelHisto {}
i0.defaultMemory.channel3.FRFCFS-WQF.channel3.rank0.bank6.bankEnergy 62584.4nJ
i0.defaultMemory.channel3.FRFCFS-WQF.channel3.rank0.bank6.activeEnergy 18.1076nJ
i0.defaultMemory.channel3.FRFCFS-WQF.channel3.rank0.bank6.burstEnergy 2536.44nJ
i0.defaultMemory.channel3.FRFCFS-WQF.channel3.rank0.bank6.refreshEnergy 0nJ
i0.defaultMemory.channel3.FRFCFS-WQF.channel3.rank0.bank6.bankPower 4.51336e+07W
i0.defaultMemory.channel3.FRFCFS-WQF.channel3.rank0.bank6.activePower 13058.5W
i0.defaultMemory.channel3.FRFCFS-WQF.channel3.rank0.bank6.burstPower 1.82919e+06W
i0.defaultMemory.channel3.FRFCFS-WQF.channel3.rank0.bank6.refreshPower 0W
i0.defaultMemory.channel3.FRFCFS-WQF.channel3.rank0.bank6.bandwidth 749.677MB/s
i0.defaultMemory.channel3.FRFCFS-WQF.channel3.rank0.bank6.dataCycles 12176
i0.defaultMemory.channel3.FRFCFS-WQF.channel3.rank0.bank6.powerCycles 1386649
i0.defaultMemory.channel3.FRFCFS-WQF.channel3.rank0.bank6.utilization 0.00878088
i0.defaultMemory.channel3.FRFCFS-WQF.channel3.rank0.bank6.reads 1540
i0.defaultMemory.channel3.FRFCFS-WQF.channel3.rank0.bank6.writes 1504
i0.defaultMemory.channel3.FRFCFS-WQF.channel3.rank0.bank6.activates 223
i0.defaultMemory.channel3.FRFCFS-WQF.channel3.rank0.bank6.precharges 222
i0.defaultMemory.channel3.FRFCFS-WQF.channel3.rank0.bank6.refreshes 0
i0.defaultMemory.channel3.FRFCFS-WQF.channel3.rank0.bank6.activeCycles 1157598
i0.defaultMemory.channel3.FRFCFS-WQF.channel3.rank0.bank6.standbyCycles 229051
i0.defaultMemory.channel3.FRFCFS-WQF.channel3.rank0.bank6.fastExitActiveCycles 0
i0.defaultMemory.channel3.FRFCFS-WQF.channel3.rank0.bank6.fastExitPrechargeCycles 0
i0.defaultMemory.channel3.FRFCFS-WQF.channel3.rank0.bank6.slowExitPrechargeCycles 0
i0.defaultMemory.channel3.FRFCFS-WQF.channel3.rank0.bank6.actWaits 0
i0.defaultMemory.channel3.FRFCFS-WQF.channel3.rank0.bank6.actWaitTotal 0
i0.defaultMemory.channel3.FRFCFS-WQF.channel3.rank0.bank6.actWaitAverage -nan
i0.defaultMemory.channel3.FRFCFS-WQF.channel3.rank0.bank6.averageEndurance 0
i0.defaultMemory.channel3.FRFCFS-WQF.channel3.rank0.bank6.worstCaseEndurance 18446744073709551615
i0.defaultMemory.channel3.FRFCFS-WQF.channel3.rank0.bank7.subarray0.subArrayEnergy 62835.7nJ
i0.defaultMemory.channel3.FRFCFS-WQF.channel3.rank0.bank7.subarray0.activeEnergy 19.8128nJ
i0.defaultMemory.channel3.FRFCFS-WQF.channel3.rank0.bank7.subarray0.burstEnergy 2546.57nJ
i0.defaultMemory.channel3.FRFCFS-WQF.channel3.rank0.bank7.subarray0.writeEnergy 60269.3nJ
i0.defaultMemory.channel3.FRFCFS-WQF.channel3.rank0.bank7.subarray0.refreshEnergy 0nJ
i0.defaultMemory.channel3.FRFCFS-WQF.channel3.rank0.bank7.subarray0.cancelledWrites 0
i0.defaultMemory.channel3.FRFCFS-WQF.channel3.rank0.bank7.subarray0.cancelledWriteTime 0
i0.defaultMemory.channel3.FRFCFS-WQF.channel3.rank0.bank7.subarray0.pausedWrites 0
i0.defaultMemory.channel3.FRFCFS-WQF.channel3.rank0.bank7.subarray0.averagePausesPerRequest 0
i0.defaultMemory.channel3.FRFCFS-WQF.channel3.rank0.bank7.subarray0.measuredPauses 1510
i0.defaultMemory.channel3.FRFCFS-WQF.channel3.rank0.bank7.subarray0.averagePausedRequestProgress 0
i0.defaultMemory.channel3.FRFCFS-WQF.channel3.rank0.bank7.subarray0.measuredProgresses 0
i0.defaultMemory.channel3.FRFCFS-WQF.channel3.rank0.bank7.subarray0.reads 1548
i0.defaultMemory.channel3.FRFCFS-WQF.channel3.rank0.bank7.subarray0.writes 1510
i0.defaultMemory.channel3.FRFCFS-WQF.channel3.rank0.bank7.subarray0.activates 244
i0.defaultMemory.channel3.FRFCFS-WQF.channel3.rank0.bank7.subarray0.precharges 243
i0.defaultMemory.channel3.FRFCFS-WQF.channel3.rank0.bank7.subarray0.refreshes 0
i0.defaultMemory.channel3.FRFCFS-WQF.channel3.rank0.bank7.subarray0.worstCaseEndurance 18446744073709551615
i0.defaultMemory.channel3.FRFCFS-WQF.channel3.rank0.bank7.subarray0.averageEndurance 0
i0.defaultMemory.channel3.FRFCFS-WQF.channel3.rank0.bank7.subarray0.actWaits 0
i0.defaultMemory.channel3.FRFCFS-WQF.channel3.rank0.bank7.subarray0.actWaitTotal 0
i0.defaultMemory.channel3.FRFCFS-WQF.channel3.rank0.bank7.subarray0.actWaitAverage -nan
i0.defaultMemory.channel3.FRFCFS-WQF.channel3.rank0.bank7.subarray0.worstCaseWrite 0
i0.defaultMemory.channel3.FRFCFS-WQF.channel3.rank0.bank7.subarray0.num00Writes 0
i0.defaultMemory.channel3.FRFCFS-WQF.channel3.rank0.bank7.subarray0.num01Writes 0
i0.defaultMemory.channel3.FRFCFS-WQF.channel3.rank0.bank7.subarray0.num10Writes 0
i0.defaultMemory.channel3.FRFCFS-WQF.channel3.rank0.bank7.subarray0.num11Writes 0
i0.defaultMemory.channel3.FRFCFS-WQF.channel3.rank0.bank7.subarray0.averageWriteTime 60
i0.defaultMemory.channel3.FRFCFS-WQF.channel3.rank0.bank7.subarray0.measuredWriteTimes 1510
i0.defaultMemory.channel3.FRFCFS-WQF.channel3.rank0.bank7.subarray0.mlcTimingHisto {}
i0.defaultMemory.channel3.FRFCFS-WQF.channel3.rank0.bank7.subarray0.cancelCountHisto {0: 1509}
i0.defaultMemory.channel3.FRFCFS-WQF.channel3.rank0.bank7.subarray0.wpPauseHisto {}
i0.defaultMemory.channel3.FRFCFS-WQF.channel3.rank0.bank7.subarray0.wpCancelHisto {}
i0.defaultMemory.channel3.FRFCFS-WQF.channel3.rank0.bank7.bankEnergy 62835.7nJ
i0.defaultMemory.channel3.FRFCFS-WQF.channel3.rank0.bank7.activeEnergy 19.8128nJ
i0.defaultMemory.channel3.FRFCFS-WQF.channel3.rank0.bank7.burstEnergy 2546.57nJ
i0.defaultMemory.channel3.FRFCFS-WQF.channel3.rank0.bank7.refreshEnergy 0nJ
i0.defaultMemory.channel3.FRFCFS-WQF.channel3.rank0.bank7.bankPower 4.53148e+07W
i0.defaultMemory.channel3.FRFCFS-WQF.channel3.rank0.bank7.activePower 14288.3W
i0.defaultMemory.channel3.FRFCFS-WQF.channel3.rank0.bank7.burstPower 1.83649e+06W
i0.defaultMemory.channel3.FRFCFS-WQF.channel3.rank0.bank7.refreshPower 0W
i0.defaultMemory.channel3.FRFCFS-WQF.channel3.rank0.bank7.bandwidth 753.124MB/s
i0.defaultMemory.channel3.FRFCFS-WQF.channel3.rank0.bank7.dataCycles 12232
i0.defaultMemory.channel3.FRFCFS-WQF.channel3.rank0.bank7.powerCycles 1386649
i0.defaultMemory.channel3.FRFCFS-WQF.channel3.rank0.bank7.utilization 0.00882127
i0.defaultMemory.channel3.FRFCFS-WQF.channel3.rank0.bank7.reads 1548
i0.defaultMemory.channel3.FRFCFS-WQF.channel3.rank0.bank7.writes 1510
i0.defaultMemory.channel3.FRFCFS-WQF.channel3.rank0.bank7.activates 244
i0.defaultMemory.channel3.FRFCFS-WQF.channel3.rank0.bank7.precharges 243
i0.defaultMemory.channel3.FRFCFS-WQF.channel3.rank0.bank7.refreshes 0
i0.defaultMemory.channel3.FRFCFS-WQF.channel3.rank0.bank7.activeCycles 1230565
i0.defaultMemory.channel3.FRFCFS-WQF.channel3.rank0.bank7.standbyCycles 156084
i0.defaultMemory.channel3.FRFCFS-WQF.channel3.rank0.bank7.fastExitActiveCycles 0
i0.defaultMemory.channel3.FRFCFS-WQF.channel3.rank0.bank7.fastExitPrechargeCycles 0
i0.defaultMemory.channel3.FRFCFS-WQF.channel3.rank0.bank7.slowExitPrechargeCycles 0
i0.defaultMemory.channel3.FRFCFS-WQF.channel3.rank0.bank7.actWaits 0
i0.defaultMemory.channel3.FRFCFS-WQF.channel3.rank0.bank7.actWaitTotal 0
i0.defaultMemory.channel3.FRFCFS-WQF.channel3.rank0.bank7.actWaitAverage -nan
i0.defaultMemory.channel3.FRFCFS-WQF.channel3.rank0.bank7.averageEndurance 0
i0.defaultMemory.channel3.FRFCFS-WQF.channel3.rank0.bank7.worstCaseEndurance 18446744073709551615
i0.defaultMemory.channel3.FRFCFS-WQF.channel3.rank0.totalEnergy 648054nJ
i0.defaultMemory.channel3.FRFCFS-WQF.channel3.rank0.backgroundEnergy 124923nJ
i0.defaultMemory.channel3.FRFCFS-WQF.channel3.rank0.activateEnergy 137.147nJ
i0.defaultMemory.channel3.FRFCFS-WQF.channel3.rank0.burstEnergy 20370.9nJ
i0.defaultMemory.channel3.FRFCFS-WQF.channel3.rank0.refreshEnergy 0nJ
i0.defaultMemory.channel3.FRFCFS-WQF.channel3.rank0.totalPower 0.0699547W
i0.defaultMemory.channel3.FRFCFS-WQF.channel3.rank0.backgroundPower 0.06009W
i0.defaultMemory.channel3.FRFCFS-WQF.channel3.rank0.activatePower 6.59698e-05W
i0.defaultMemory.channel3.FRFCFS-WQF.channel3.rank0.burstPower 0.00979873W
i0.defaultMemory.channel3.FRFCFS-WQF.channel3.rank0.refreshPower 0W
i0.defaultMemory.channel3.FRFCFS-WQF.channel3.rank0.reads 12429
i0.defaultMemory.channel3.FRFCFS-WQF.channel3.rank0.writes 12079
i0.defaultMemory.channel3.FRFCFS-WQF.channel3.rank0.activeCycles 1386649
i0.defaultMemory.channel3.FRFCFS-WQF.channel3.rank0.standbyCycles 0
i0.defaultMemory.channel3.FRFCFS-WQF.channel3.rank0.fastExitActiveCycles 0
i0.defaultMemory.channel3.FRFCFS-WQF.channel3.rank0.fastExitPrechargeCycles 0
i0.defaultMemory.channel3.FRFCFS-WQF.channel3.rank0.slowExitCycles 0
i0.defaultMemory.channel3.FRFCFS-WQF.channel3.rank0.actWaits 513
i0.defaultMemory.channel3.FRFCFS-WQF.channel3.rank0.actWaitTotal 1298
i0.defaultMemory.channel3.FRFCFS-WQF.channel3.rank0.actWaitAverage 2.53021
i0.defaultMemory.channel3.FRFCFS-WQF.channel3.rank0.rrdWaits 514
i0.defaultMemory.channel3.FRFCFS-WQF.channel3.rank0.rrdWaitTotal 1299
i0.defaultMemory.channel3.FRFCFS-WQF.channel3.rank0.rrdWaitAverage 2.52724
i0.defaultMemory.channel3.FRFCFS-WQF.channel3.rank0.fawWaits 19
i0.defaultMemory.channel3.FRFCFS-WQF.channel3.rank0.fawWaitTotal 90
i0.defaultMemory.channel3.FRFCFS-WQF.channel3.rank0.fawWaitAverage 4.73684
i0.defaultMemory.channel3.FRFCFS-WQF.mem_reads 12429
i0.defaultMemory.channel3.FRFCFS-WQF.mem_writes 12079
i0.defaultMemory.channel3.FRFCFS-WQF.rq_rb_hits 11759
i0.defaultMemory.channel3.FRFCFS-WQF.rq_rb_miss 670
i0.defaultMemory.channel3.FRFCFS-WQF.wq_rb_hits 11060
i0.defaultMemory.channel3.FRFCFS-WQF.wq_rb_miss 1019
i0.defaultMemory.channel3.FRFCFS-WQF.total_drains 752
i0.defaultMemory.channel3.FRFCFS-WQF.total_drain_writes 12032
i0.defaultMemory.channel3.FRFCFS-WQF.average_writes_per_drain 16
i0.defaultMemory.channel3.FRFCFS-WQF.minimum_drain_writes 16
i0.defaultMemory.channel3.FRFCFS-WQF.maximum_drain_writes 16
i0.defaultMemory.channel3.FRFCFS-WQF.total_drain_cycles 341553
i0.defaultMemory.channel3.FRFCFS-WQF.average_drain_cycles 454.193
i0.defaultMemory.channel3.FRFCFS-WQF.minimum_drain_cycles 247
i0.defaultMemory.channel3.FRFCFS-WQF.maximum_drain_cycles 574
i0.defaultMemory.channel3.FRFCFS-WQF.total_non_drain_cycles 1368549
i0.defaultMemory.channel3.FRFCFS-WQF.average_drain_spacing 1819.88
i0.defaultMemory.channel3.FRFCFS-WQF.minimum_drain_spacing 320
i0.defaultMemory.channel3.FRFCFS-WQF.maximum_drain_spacing 3302
i0.defaultMemory.channel3.FRFCFS-WQF.total_read_cycles 1026996
i0.defaultMemory.channel3.FRFCFS-WQF.average_read_spacing 1365.69
i0.defaultMemory.channel3.FRFCFS-WQF.minimum_read_spacing 0
i0.defaultMemory.channel3.FRFCFS-WQF.maximum_read_spacing 2914
i0.defaultMemory.channel3.FRFCFS-WQF.total_readqueue_size 12561
i0.defaultMemory.channel3.FRFCFS-WQF.average_predrain_readqueue_size 16.7035
i0.defaultMemory.channel3.FRFCFS-WQF.minimum_predrain_readqueue_size 2
i0.defaultMemory.channel3.FRFCFS-WQF.maximum_predrain_readqueue_size 30
i0.defaultMemory.channel3.FRFCFS-WQF.total_reads_during_drain 0
i0.defaultMemory.channel3.FRFCFS-WQF.average_reads_during_drain 0
i0.defaultMemory.channel3.FRFCFS-WQF.minimum_reads_during_drain 0
i0.defaultMemory.channel3.FRFCFS-WQF.maximum_reads_during_drain 0
i0.defaultMemory.channel3.FRFCFS-WQF.starvation_precharges 1286
i0.defaultMemory.channel3.FRFCFS-WQF.averageLatency 79.7499
i0.defaultMemory.channel3.FRFCFS-WQF.averageQueueLatency 1679.83
i0.defaultMemory.channel3.FRFCFS-WQF.averageTotalLatency 1759.58
i0.defaultMemory.channel3.FRFCFS-WQF.measuredLatencies 24508
i0.defaultMemory.channel3.FRFCFS-WQF.measuredQueueLatencies 24508
i0.defaultMemory.channel3.FRFCFS-WQF.measuredTotalLatencies 24508
i0.defaultMemory.channel3.FRFCFS-WQF.simulation_cycles 1386649
i0.defaultMemory.channel3.FRFCFS-WQF.wakeupCount 39949
i0.defaultMemory.totalReadRequests 49675
i0.defaultMemory.totalWriteRequests 48275
i0.defaultMemory.successfulPrefetches 0
i0.defaultMemory.unsuccessfulPrefetches 0
Exiting at cycle 4157868 because simCycles 0 reached.
